Archive member included to satisfy reference by file (symbol)

../../libDaisy//build\libdaisy.a(daisy_pod.o)
                              build/Application.o (daisy::DaisyPod::StartAudio(void (*)(float const* const*, float**, unsigned int)))
../../libDaisy//build\libdaisy.a(daisy_seed.o)
                              ../../libDaisy//build\libdaisy.a(daisy_pod.o) (daisy::DaisySeed::Configure())
../../libDaisy//build\libdaisy.a(codec_ak4556.o)
                              ../../libDaisy//build\libdaisy.a(daisy_seed.o) (daisy::Ak4556::Init(dsy_gpio_pin))
../../libDaisy//build\libdaisy.a(codec_wm8731.o)
                              ../../libDaisy//build\libdaisy.a(daisy_seed.o) (daisy::Wm8731::Init(daisy::Wm8731::Config const&, daisy::I2CHandle))
../../libDaisy//build\libdaisy.a(sdram.o)
                              ../../libDaisy//build\libdaisy.a(daisy_seed.o) (SdramHandle::Init())
../../libDaisy//build\libdaisy.a(audio.o)
                              ../../libDaisy//build\libdaisy.a(daisy_seed.o) (daisy::AudioHandle::Init(daisy::AudioHandle::Config const&, daisy::SaiHandle))
../../libDaisy//build\libdaisy.a(ctrl.o)
                              ../../libDaisy//build\libdaisy.a(daisy_pod.o) (daisy::AnalogControl::Init(unsigned short*, float, bool, bool, float))
../../libDaisy//build\libdaisy.a(encoder.o)
                              ../../libDaisy//build\libdaisy.a(daisy_pod.o) (daisy::Encoder::Init(dsy_gpio_pin, dsy_gpio_pin, dsy_gpio_pin, float))
../../libDaisy//build\libdaisy.a(logger.o)
                              build/Controller.o (daisy::Logger<(daisy::LoggerDestination)1>::Print(char const*, ...))
../../libDaisy//build\libdaisy.a(midi.o)
                              build/Application.o (daisy::MidiUartTransport::Config::Config())
../../libDaisy//build\libdaisy.a(midi_parser.o)
                              ../../libDaisy//build\libdaisy.a(daisy_pod.o) (daisy::MidiParser::Reset())
../../libDaisy//build\libdaisy.a(rgb_led.o)
                              ../../libDaisy//build\libdaisy.a(daisy_pod.o) (daisy::RgbLed::Init(dsy_gpio_pin, dsy_gpio_pin, dsy_gpio_pin, bool))
../../libDaisy//build\libdaisy.a(switch.o)
                              ../../libDaisy//build\libdaisy.a(daisy_pod.o) (daisy::Switch::Init(dsy_gpio_pin, float))
../../libDaisy//build\libdaisy.a(usb.o)
                              ../../libDaisy//build\libdaisy.a(logger.o) (daisy::UsbHandle::Init(daisy::UsbHandle::UsbPeriph))
../../libDaisy//build\libdaisy.a(adc.o)
                              ../../libDaisy//build\libdaisy.a(daisy_pod.o) (daisy::AdcChannelConfig::InitSingle(dsy_gpio_pin, daisy::AdcChannelConfig::ConversionSpeed))
../../libDaisy//build\libdaisy.a(gpio.o)
                              ../../libDaisy//build\libdaisy.a(daisy_seed.o) (daisy::GPIO::Init(daisy::Pin, daisy::GPIO::Mode, daisy::GPIO::Pull, daisy::GPIO::Speed))
../../libDaisy//build\libdaisy.a(i2c.o)
                              ../../libDaisy//build\libdaisy.a(daisy_seed.o) (daisy::I2CHandle::Init(daisy::I2CHandle::Config const&))
../../libDaisy//build\libdaisy.a(qspi.o)
                              ../../libDaisy//build\libdaisy.a(daisy_seed.o) (daisy::QSPIHandle::Init(daisy::QSPIHandle::Config const&))
../../libDaisy//build\libdaisy.a(sai.o)
                              ../../libDaisy//build\libdaisy.a(daisy_seed.o) (daisy::SaiHandle::Init(daisy::SaiHandle::Config const&))
../../libDaisy//build\libdaisy.a(uart.o)
                              ../../libDaisy//build\libdaisy.a(daisy_pod.o) (daisy::UartHandler::Init(daisy::UartHandler::Config const&))
../../libDaisy//build\libdaisy.a(dma.o)
                              ../../libDaisy//build\libdaisy.a(uart.o) (dsy_dma_invalidate_cache_for_buffer)
../../libDaisy//build\libdaisy.a(system.o)
                              ../../libDaisy//build\libdaisy.a(daisy_seed.o) (daisy::System::DeInit())
../../libDaisy//build\libdaisy.a(system_stm32h7xx.o)
                              build/startup_stm32h750xx.o (SystemInit)
../../libDaisy//build\libdaisy.a(usbd_cdc_if.o)
                              ../../libDaisy//build\libdaisy.a(usb.o) (CDC_Transmit_FS)
../../libDaisy//build\libdaisy.a(usbd_conf.o)
                              ../../libDaisy//build\libdaisy.a(system.o) (hpcd_USB_OTG_HS)
../../libDaisy//build\libdaisy.a(usbd_desc.o)
                              ../../libDaisy//build\libdaisy.a(usb.o) (HS_Desc)
../../libDaisy//build\libdaisy.a(usbh_conf.o)
                              ../../libDaisy//build\libdaisy.a(system.o) (hhcd_USB_OTG_HS)
../../libDaisy//build\libdaisy.a(color.o)
                              build/Application.o (daisy::Color::Init(daisy::Color::PresetColor))
../../libDaisy//build\libdaisy.a(hal_map.o)
                              ../../libDaisy//build\libdaisy.a(gpio.o) (dsy_hal_map_get_port)
../../libDaisy//build\libdaisy.a(stm32h7xx_hal.o)
                              ../../libDaisy//build\libdaisy.a(system.o) (HAL_Init)
../../libDaisy//build\libdaisy.a(stm32h7xx_hal_adc.o)
[...]
Memory Configuration

Name             Origin             Length             Attributes
FLASH            0x08000000         0x00020000         xr
DTCMRAM          0x20000000         0x00020000         xrw
SRAM             0x24000000         0x00080000         xrw
RAM_D2           0x30000000         0x00048000         xrw
RAM_D3           0x38000000         0x00010000         xrw
BACKUP_SRAM      0x38800000         0x00001000         xrw
ITCMRAM          0x00000000         0x00010000         xrw
SDRAM            0xc0000000         0x04000000         xrw
QSPIFLASH        0x90000000         0x00800000         xr
*default*        0x00000000         0xffffffff

Linker script and memory map

LOAD c:/program files/daisytoolchain/bin/../lib/gcc/arm-none-eabi/10.2.1/thumb/v7e-m+dp/hard/crti.o
LOAD c:/program files/daisytoolchain/bin/../lib/gcc/arm-none-eabi/10.2.1/thumb/v7e-m+dp/hard/crtbegin.o
LOAD c:/program files/daisytoolchain/bin/../lib/gcc/arm-none-eabi/10.2.1/../../../../arm-none-eabi/lib/thumb/v7e-m+dp/hard/crt0.o
LOAD build/startup_stm32h750xx.o
LOAD build/Application.o
LOAD build/Controller.o
LOAD build/Equalizer.o
LOAD build/IIRFilter.o
LOAD build/Algorithm.o
LOAD ../../libDaisy//build\libdaisy.a
LOAD c:/program files/daisytoolchain/bin/../lib/gcc/arm-none-eabi/10.2.1/../../../../arm-none-eabi/lib/thumb/v7e-m+dp/hard\libnosys.a
LOAD ../../DaisySP//build\libdaisysp.a
LOAD c:/program files/daisytoolchain/bin/../lib/gcc/arm-none-eabi/10.2.1/../../../../arm-none-eabi/lib/thumb/v7e-m+dp/hard\libstdc++_nano.a
LOAD c:/program files/daisytoolchain/bin/../lib/gcc/arm-none-eabi/10.2.1/../../../../arm-none-eabi/lib/thumb/v7e-m+dp/hard\libm.a
LOAD c:/program files/daisytoolchain/bin/../lib/gcc/arm-none-eabi/10.2.1/../../../../arm-none-eabi/lib/thumb/v7e-m+dp/hard\libc_nano.a
START GROUP
LOAD c:/program files/daisytoolchain/bin/../lib/gcc/arm-none-eabi/10.2.1/thumb/v7e-m+dp/hard\libgcc.a
LOAD c:/program files/daisytoolchain/bin/../lib/gcc/arm-none-eabi/10.2.1/../../../../arm-none-eabi/lib/thumb/v7e-m+dp/hard\libc_nano.a
END GROUP
START GROUP
LOAD c:/program files/daisytoolchain/bin/../lib/gcc/arm-none-eabi/10.2.1/thumb/v7e-m+dp/hard\libgcc.a
LOAD c:/program files/daisytoolchain/bin/../lib/gcc/arm-none-eabi/10.2.1/../../../../arm-none-eabi/lib/thumb/v7e-m+dp/hard\libc_nano.a
LOAD c:/program files/daisytoolchain/bin/../lib/gcc/arm-none-eabi/10.2.1/../../../../arm-none-eabi/lib/thumb/v7e-m+dp/hard\libnosys.a
END GROUP
START GROUP
LOAD c:/program files/daisytoolchain/bin/../lib/gcc/arm-none-eabi/10.2.1/thumb/v7e-m+dp/hard\libgcc.a
LOAD c:/program files/daisytoolchain/bin/../lib/gcc/arm-none-eabi/10.2.1/../../../../arm-none-eabi/lib/thumb/v7e-m+dp/hard\libc_nano.a
LOAD c:/program files/daisytoolchain/bin/../lib/gcc/arm-none-eabi/10.2.1/../../../../arm-none-eabi/lib/thumb/v7e-m+dp/hard\libnosys.a
END GROUP
LOAD c:/program files/daisytoolchain/bin/../lib/gcc/arm-none-eabi/10.2.1/thumb/v7e-m+dp/hard/crtend.o
LOAD c:/program files/daisytoolchain/bin/../lib/gcc/arm-none-eabi/10.2.1/thumb/v7e-m+dp/hard/crtn.o
                0x20020000                _estack = 0x20020000

.isr_vector     0x08000000      0x298
                0x08000000                . = ALIGN (0x4)
 *(.isr_vector)
 .isr_vector    0x08000000      0x298 build/startup_stm32h750xx.o
                0x08000000                g_pfnVectors
                0x08000298                . = ALIGN (0x4)

.text           0x080002a0    0x16dec
                0x080002a0                . = ALIGN (0x4)
                0x080002a0                _stext = .
 *(.text)
 .text          0x080002a0       0x40 c:/program files/daisytoolchain/bin/../lib/gcc/arm-none-eabi/10.2.1/thumb/v7e-m+dp/hard/crtbegin.o
 .text          0x080002e0       0x10 c:/program files/daisytoolchain/bin/../lib/gcc/arm-none-eabi/10.2.1/../../../../arm-none-eabi/lib/thumb/v7e-m+dp/hard\libc_nano.a(lib_a-strlen.o)
                0x080002e0                strlen
 .text          0x080002f0       0xa0 c:/program files/daisytoolchain/bin/../lib/gcc/arm-none-eabi/10.2.1/../../../../arm-none-eabi/lib/thumb/v7e-m+dp/hard\libc_nano.a(lib_a-memchr.o)
                0x080002f0                memchr
 .text          0x08000390      0x378 c:/program files/daisytoolchain/bin/../lib/gcc/arm-none-eabi/10.2.1/thumb/v7e-m+dp/hard\libgcc.a(_arm_addsubdf3.o)
                0x08000390                __aeabi_drsub
                0x08000398                __aeabi_dsub
                0x08000398                __subdf3
                0x0800039c                __aeabi_dadd
                0x0800039c                __adddf3
                0x08000614                __floatunsidf
                0x08000614                __aeabi_ui2d
                0x08000634                __floatsidf
                0x08000634                __aeabi_i2d
                0x08000658                __aeabi_f2d
                0x08000658                __extendsfdf2
                0x0800069c                __floatundidf
                0x0800069c                __aeabi_ul2d
                0x080006ac                __floatdidf
                0x080006ac                __aeabi_l2d
 .text          0x08000708       0x30 c:/program files/daisytoolchain/bin/../lib/gcc/arm-none-eabi/10.2.1/thumb/v7e-m+dp/hard\libgcc.a(_aeabi_uldivmod.o)
                0x08000708                __aeabi_uldivmod
 .text          0x08000738      0x2d0 c:/program files/daisytoolchain/bin/../lib/gcc/arm-none-eabi/10.2.1/thumb/v7e-m+dp/hard\libgcc.a(_udivmoddi4.o)
                0x08000738                __udivmoddi4
 .text          0x08000a08        0x4 c:/program files/daisytoolchain/bin/../lib/gcc/arm-none-eabi/10.2.1/thumb/v7e-m+dp/hard\libgcc.a(_dvmd_tls.o)
                0x08000a08                __aeabi_idiv0
                0x08000a08                __aeabi_ldiv0
 *(.text*)
 .text.Default_Handler
                0x08000a0c        0x4 build/startup_stm32h750xx.o
                0x08000a0c                RTC_Alarm_IRQHandler
                0x08000a0c                HASH_RNG_IRQHandler
                0x08000a0c                EXTI2_IRQHandler
                0x08000a0c                TIM8_CC_IRQHandler
                0x08000a0c                HRTIM1_Master_IRQHandler
                0x08000a0c                DebugMon_Handler
                0x08000a0c                TIM1_CC_IRQHandler
                0x08000a0c                BDMA_Channel6_IRQHandler
                0x08000a0c                DMA2_Stream5_IRQHandler
                0x08000a0c                HRTIM1_FLT_IRQHandler
                0x08000a0c                JPEG_IRQHandler
                0x08000a0c                BDMA_Channel1_IRQHandler
                0x08000a0c                HRTIM1_TIMD_IRQHandler
                0x08000a0c                TAMP_STAMP_IRQHandler
                0x08000a0c                PendSV_Handler
                0x08000a0c                NMI_Handler
                0x08000a0c                EXTI3_IRQHandler
                0x08000a0c                LPTIM4_IRQHandler
                0x08000a0c                TIM8_TRG_COM_TIM14_IRQHandler
                0x08000a0c                LPTIM2_IRQHandler
                0x08000a0c                DFSDM1_FLT1_IRQHandler
                0x08000a0c                DMAMUX2_OVR_IRQHandler
                0x08000a0c                TIM8_UP_TIM13_IRQHandler
                0x08000a0c                I2C3_ER_IRQHandler
                0x08000a0c                DFSDM1_FLT2_IRQHandler
                0x08000a0c                MDMA_IRQHandler
                0x08000a0c                LPTIM3_IRQHandler
                0x08000a0c                HSEM1_IRQHandler
                0x08000a0c                EXTI0_IRQHandler
                0x08000a0c                FPU_IRQHandler
                0x08000a0c                OTG_HS_WKUP_IRQHandler
                0x08000a0c                FDCAN1_IT1_IRQHandler
                0x08000a0c                UsageFault_Handler
                0x08000a0c                LTDC_ER_IRQHandler
                0x08000a0c                HRTIM1_TIME_IRQHandler
                0x08000a0c                TIM6_DAC_IRQHandler
                0x08000a0c                DCMI_IRQHandler
                0x08000a0c                HRTIM1_TIMC_IRQHandler
                0x08000a0c                SAI2_IRQHandler
                0x08000a0c                DFSDM1_FLT3_IRQHandler
                0x08000a0c                TIM17_IRQHandler
                0x08000a0c                CRYP_IRQHandler
                0x08000a0c                BDMA_Channel7_IRQHandler
                0x08000a0c                LPTIM5_IRQHandler
                0x08000a0c                ADC3_IRQHandler
                0x08000a0c                DMA2_Stream0_IRQHandler
                0x08000a0c                BDMA_Channel2_IRQHandler
                0x08000a0c                DMAMUX1_OVR_IRQHandler
                0x08000a0c                TIM16_IRQHandler
                0x08000a0c                BDMA_Channel5_IRQHandler
                0x08000a0c                RCC_IRQHandler
                0x08000a0c                TIM8_BRK_TIM12_IRQHandler
                0x08000a0c                TIM1_TRG_COM_IRQHandler
                0x08000a0c                Default_Handler
                0x08000a0c                ECC_IRQHandler
                0x08000a0c                CEC_IRQHandler
                0x08000a0c                EXTI15_10_IRQHandler
                0x08000a0c                BDMA_Channel0_IRQHandler
                0x08000a0c                ADC_IRQHandler
                0x08000a0c                DMA1_Stream7_IRQHandler
                0x08000a0c                HRTIM1_TIMA_IRQHandler
                0x08000a0c                TIM7_IRQHandler
                0x08000a0c                SDMMC1_IRQHandler
                0x08000a0c                DMA2_Stream7_IRQHandler
                0x08000a0c                TIM15_IRQHandler
                0x08000a0c                PVD_AVD_IRQHandler
                0x08000a0c                EXTI9_5_IRQHandler
                0x08000a0c                RTC_WKUP_IRQHandler
                0x08000a0c                LTDC_IRQHandler
                0x08000a0c                SAI3_IRQHandler
                0x08000a0c                ETH_WKUP_IRQHandler
                0x08000a0c                SPDIF_RX_IRQHandler
                0x08000a0c                MemManage_Handler
                0x08000a0c                SVC_Handler
                0x08000a0c                CRS_IRQHandler
                0x08000a0c                EXTI4_IRQHandler
                0x08000a0c                HRTIM1_TIMB_IRQHandler
                0x08000a0c                FDCAN2_IT1_IRQHandler
                0x08000a0c                ETH_IRQHandler
                0x08000a0c                TIM1_UP_IRQHandler
                0x08000a0c                BDMA_Channel4_IRQHandler
                0x08000a0c                WWDG_IRQHandler
                0x08000a0c                SPI6_IRQHandler
                0x08000a0c                I2C4_EV_IRQHandler
                0x08000a0c                MDIOS_IRQHandler
                0x08000a0c                FDCAN2_IT0_IRQHandler
                0x08000a0c                FDCAN1_IT0_IRQHandler
                0x08000a0c                OTG_FS_WKUP_IRQHandler
                0x08000a0c                DMA2D_IRQHandler
                0x08000a0c                TIM1_BRK_IRQHandler
                0x08000a0c                EXTI1_IRQHandler
                0x08000a0c                SDMMC2_IRQHandler
                0x08000a0c                BDMA_Channel3_IRQHandler
                0x08000a0c                MDIOS_WKUP_IRQHandler
                0x08000a0c                DFSDM1_FLT0_IRQHandler
                0x08000a0c                SAI4_IRQHandler
                0x08000a0c                I2C2_ER_IRQHandler
                0x08000a0c                DMA2_Stream1_IRQHandler
                0x08000a0c                FLASH_IRQHandler
                0x08000a0c                BusFault_Handler
                0x08000a0c                WAKEUP_PIN_IRQHandler
                0x08000a0c                I2C1_ER_IRQHandler
                0x08000a0c                FMC_IRQHandler
                0x08000a0c                FDCAN_CAL_IRQHandler
                0x08000a0c                SWPMI1_IRQHandler
                0x08000a0c                COMP1_IRQHandler
                0x08000a0c                LPTIM1_IRQHandler
                0x08000a0c                I2C4_ER_IRQHandler
                0x08000a0c                DMA2_Stream6_IRQHandler
                0x08000a0c                SAI1_IRQHandler
 .text.Reset_Handler
                0x08000a10       0x44 build/startup_stm32h750xx.o
                0x08000a10                Reset_Handler
 .text._ZN5daisy8DaisyPodD2Ev
                0x08000a54        0x4 build/Application.o
                0x08000a54                daisy::DaisyPod::~DaisyPod()
                0x08000a54                daisy::DaisyPod::~DaisyPod()
 .text.__tcf_0  0x08000a58        0x4 build/Application.o
 .text.startup.main
                0x08000a5c      0x204 build/Application.o
                0x08000a5c                main
 .text.startup._GLOBAL__sub_I__Z13AudioCallbackPKPKfPPfj
                0x08000c60       0xc0 build/Application.o
 .text._Z13AudioCallbackPKPKfPPfj
                0x08000d20       0x80 build/Application.o
                0x08000d20                AudioCallback(float const* const*, float**, unsigned int)
 .text._ZN10ControllerD2Ev
                0x08000da0        0x4 build/Controller.o
                0x08000da0                Controller::~Controller()
                0x08000da0                Controller::~Controller()
 .text._ZN10ControllerD0Ev
                0x08000da4       0x10 build/Controller.o
                0x08000da4                Controller::~Controller()
 .text._ZN10ControllerC2EP9EqualizerS1_PN5daisy8DaisyPodE
                0x08000db4       0x14 build/Controller.o
                0x08000db4                Controller::Controller(Equalizer*, Equalizer*, daisy::DaisyPod*)
                0x08000db4                Controller::Controller(Equalizer*, Equalizer*, daisy::DaisyPod*)
 .text._ZN10Controller6adjustEs
                0x08000dc8       0x88 build/Controller.o
                0x08000dc8                Controller::adjust(short)
 .text._ZN10Controller9setBypassEb
                0x08000e50       0x10 build/Controller.o
                0x08000e50                Controller::setBypass(bool)
 .text._ZN10Controller10printStateEmf
                0x08000e60       0x74 build/Controller.o
                0x08000e60                Controller::printState(unsigned long, float)
 .text._ZN9EqualizerD2Ev
                0x08000ed4       0x2c build/Equalizer.o
                0x08000ed4                Equalizer::~Equalizer()
                0x08000ed4                Equalizer::~Equalizer()
 .text._ZN9Equalizer7ProcessEf
                0x08000f00       0x20 build/Equalizer.o
                0x08000f00                Equalizer::Process(float)
 .text._ZN9EqualizerD0Ev
                0x08000f20       0x34 build/Equalizer.o
                0x08000f20                Equalizer::~Equalizer()
 .text._ZN9EqualizerC2Ev
                0x08000f54       0x2c build/Equalizer.o
                0x08000f54                Equalizer::Equalizer()
                0x08000f54                Equalizer::Equalizer()
 .text._ZN9Equalizer18updateEQParametersEs
                0x08000f80       0xc8 build/Equalizer.o
                0x08000f80                Equalizer::updateEQParameters(short)
 .text._ZN9Equalizer4InitEi
                0x08001048       0x74 build/Equalizer.o
                0x08001048                Equalizer::Init(int)
 .text._ZN9Equalizer4InitEv
                0x080010bc        0x8 build/Equalizer.o
                0x080010bc                Equalizer::Init()
 .text._ZN9Equalizer12decParameterEs9PARAMETERf
                0x080010c4       0x7c build/Equalizer.o
                0x080010c4                Equalizer::decParameter(short, PARAMETER, float)
 .text._ZN9Equalizer12incParameterEs9PARAMETERf
                0x08001140       0x7c build/Equalizer.o
                0x08001140                Equalizer::incParameter(short, PARAMETER, float)
 .text._ZN9Equalizer12getParameterEs9PARAMETER
                0x080011bc       0x40 build/Equalizer.o
                0x080011bc                Equalizer::getParameter(short, PARAMETER)
 .text._ZN9IIRFilter4InitEv
                0x080011fc       0x1c build/IIRFilter.o
                0x080011fc                IIRFilter::Init()
 .text._ZN9IIRFilter7ProcessEf
                0x08001218       0x50 build/IIRFilter.o
                0x08001218                IIRFilter::Process(float)
 .text._ZN9IIRFilterD2Ev
                0x08001268       0x14 build/IIRFilter.o
                0x08001268                IIRFilter::~IIRFilter()
                0x08001268                IIRFilter::~IIRFilter()
 .text._ZN9IIRFilterD0Ev
                0x0800127c       0x1c build/IIRFilter.o
                0x0800127c                IIRFilter::~IIRFilter()
 .text._ZN9IIRFilterC2Ev
                0x08001298       0x14 build/IIRFilter.o
                0x08001298                IIRFilter::IIRFilter()
                0x08001298                IIRFilter::IIRFilter()
 *fill*         0x080012ac        0x4 
 .text._ZN9IIRFilter10makePeakEQEffff
                0x080012b0       0xb0 build/IIRFilter.o
                0x080012b0                IIRFilter::makePeakEQ(float, float, float, float)
 .text._ZN9AlgorithmC2Ev
                0x08001360        0xc build/Algorithm.o
                0x08001360                Algorithm::Algorithm()
                0x08001360                Algorithm::Algorithm()
 .text._ZN9AlgorithmD2Ev
                0x0800136c        0x4 build/Algorithm.o
                0x0800136c                Algorithm::~Algorithm()
                0x0800136c                Algorithm::~Algorithm()
 .text._ZN5daisy8DaisyPod10StartAudioEPFvPKPKfPPfjE
                0x08001370        0x4 ../../libDaisy//build\libdaisy.a(daisy_pod.o)
                0x08001370                daisy::DaisyPod::StartAudio(void (*)(float const* const*, float**, unsigned int))
 .text._ZN5daisy8DaisyPod17SetAudioBlockSizeEj
                0x08001374       0x2c ../../libDaisy//build\libdaisy.a(daisy_pod.o)
                0x08001374                daisy::DaisyPod::SetAudioBlockSize(unsigned int)
 .text._ZN5daisy8DaisyPod18SetAudioSampleRateENS_9SaiHandle6Config10SampleRateE
                0x080013a0       0x2c ../../libDaisy//build\libdaisy.a(daisy_pod.o)
                0x080013a0                daisy::DaisyPod::SetAudioSampleRate(daisy::SaiHandle::Config::SampleRate)
 .text._ZN5daisy8DaisyPod8StartAdcEv
                0x080013cc        0x8 ../../libDaisy//build\libdaisy.a(daisy_pod.o)
                0x080013cc                daisy::DaisyPod::StartAdc()
 .text._ZN5daisy8DaisyPod21ProcessAnalogControlsEv
                0x080013d4       0x18 ../../libDaisy//build\libdaisy.a(daisy_pod.o)
                0x080013d4                daisy::DaisyPod::ProcessAnalogControls()
 .text._ZN5daisy8DaisyPod22ProcessDigitalControlsEv
                0x080013ec       0x20 ../../libDaisy//build\libdaisy.a(daisy_pod.o)
                0x080013ec                daisy::DaisyPod::ProcessDigitalControls()
 .text._ZN5daisy8DaisyPod9ClearLedsEv
                0x0800140c       0x3c ../../libDaisy//build\libdaisy.a(daisy_pod.o)
                0x0800140c                daisy::DaisyPod::ClearLeds()
 .text._ZN5daisy8DaisyPod10UpdateLedsEv
                0x08001448       0x18 ../../libDaisy//build\libdaisy.a(daisy_pod.o)
                0x08001448                daisy::DaisyPod::UpdateLeds()
 .text._ZN5daisy8DaisyPod8InitLedsEv
                0x08001460       0x98 ../../libDaisy//build\libdaisy.a(daisy_pod.o)
                0x08001460                daisy::DaisyPod::InitLeds()
 .text._ZN5daisy8DaisyPod9InitKnobsEv
                0x080014f8       0x90 ../../libDaisy//build\libdaisy.a(daisy_pod.o)
                0x080014f8                daisy::DaisyPod::InitKnobs()
 .text._ZN5daisy8DaisyPod4InitEb
                0x08001588      0x128 ../../libDaisy//build\libdaisy.a(daisy_pod.o)
                0x08001588                daisy::DaisyPod::Init(bool)
 .text._ZN5daisy9DaisySeed9ConfigureEv
                0x080016b0        0x4 ../../libDaisy//build\libdaisy.a(daisy_seed.o)
                0x080016b0                daisy::DaisySeed::Configure()
 .text._ZN5daisy9DaisySeed10StartAudioEPFvPKPKfPPfjE
                0x080016b4        0x8 ../../libDaisy//build\libdaisy.a(daisy_seed.o)
                0x080016b4                daisy::DaisySeed::StartAudio(void (*)(float const* const*, float**, unsigned int))
 .text._ZN5daisy9DaisySeed18SetAudioSampleRateENS_9SaiHandle6Config10SampleRateE
                0x080016bc       0x38 ../../libDaisy//build\libdaisy.a(daisy_seed.o)
                0x080016bc                daisy::DaisySeed::SetAudioSampleRate(daisy::SaiHandle::Config::SampleRate)
 .text._ZN5daisy9DaisySeed17SetAudioBlockSizeEj
                0x080016f4       0x38 ../../libDaisy//build\libdaisy.a(daisy_seed.o)
                0x080016f4                daisy::DaisySeed::SetAudioBlockSize(unsigned int)
 .text._ZNK5daisy9DaisySeed17AudioCallbackRateEv
                0x0800172c        0x8 ../../libDaisy//build\libdaisy.a(daisy_seed.o)
                0x0800172c                daisy::DaisySeed::AudioCallbackRate() const
 .text._ZN5daisy9DaisySeed17CheckBoardVersionEv
                0x08001734       0x6c ../../libDaisy//build\libdaisy.a(daisy_seed.o)
                0x08001734                daisy::DaisySeed::CheckBoardVersion()
 .text._ZN5daisy9DaisySeed14ConfigureAudioEv
                0x080017a0      0x10c ../../libDaisy//build\libdaisy.a(daisy_seed.o)
                0x080017a0                daisy::DaisySeed::ConfigureAudio()
 .text._ZN5daisy9DaisySeed4InitEb
                0x080018ac      0x108 ../../libDaisy//build\libdaisy.a(daisy_seed.o)
                0x080018ac                daisy::DaisySeed::Init(bool)
 .text._ZN5daisy6Ak45564InitE12dsy_gpio_pin
                0x080019b4       0x44 ../../libDaisy//build\libdaisy.a(codec_ak4556.o)
                0x080019b4                daisy::Ak4556::Init(dsy_gpio_pin)
 .text._ZN5daisy6Wm873120WriteControlRegisterEht
                0x080019f8       0x3c ../../libDaisy//build\libdaisy.a(codec_wm8731.o)
                0x080019f8                daisy::Wm8731::WriteControlRegister(unsigned char, unsigned short)
 .text._ZN5daisy6Wm87314InitERKNS0_6ConfigENS_9I2CHandleE
                0x08001a34      0x1bc ../../libDaisy//build\libdaisy.a(codec_wm8731.o)
                0x08001a34                daisy::Wm8731::Init(daisy::Wm8731::Config const&, daisy::I2CHandle)
 .text._ZN11SdramHandle10DeviceInitEv
                0x08001bf0       0x98 ../../libDaisy//build\libdaisy.a(sdram.o)
                0x08001bf0                SdramHandle::DeviceInit()
 .text._ZN11SdramHandle4InitEv
                0x08001c88       0x7c ../../libDaisy//build\libdaisy.a(sdram.o)
                0x08001c88                SdramHandle::Init()
 .text.HAL_SDRAM_MspInit
                0x08001d04      0x1a8 ../../libDaisy//build\libdaisy.a(sdram.o)
                0x08001d04                HAL_SDRAM_MspInit
 .text._ZN5daisy11AudioHandle4Impl16InternalCallbackEPlS2_j
                0x08001eac      0xbbc ../../libDaisy//build\libdaisy.a(audio.o)
                0x08001eac                daisy::AudioHandle::Impl::InternalCallback(long*, long*, unsigned int)
 .text._ZN5daisy11AudioHandle4InitERKNS0_6ConfigENS_9SaiHandleE
                0x08002a68       0x70 ../../libDaisy//build\libdaisy.a(audio.o)
                0x08002a68                daisy::AudioHandle::Init(daisy::AudioHandle::Config const&, daisy::SaiHandle)
 .text._ZNK5daisy11AudioHandle9GetConfigEv
                0x08002ad8        0x8 ../../libDaisy//build\libdaisy.a(audio.o)
                0x08002ad8                daisy::AudioHandle::GetConfig() const
 .text._ZN5daisy11AudioHandle12SetBlockSizeEj
                0x08002ae0       0x1c ../../libDaisy//build\libdaisy.a(audio.o)
                0x08002ae0                daisy::AudioHandle::SetBlockSize(unsigned int)
 .text._ZN5daisy11AudioHandle13GetSampleRateEv
                0x08002afc        0x8 ../../libDaisy//build\libdaisy.a(audio.o)
                0x08002afc                daisy::AudioHandle::GetSampleRate()
 .text._ZN5daisy11AudioHandle13SetSampleRateENS_9SaiHandle6Config10SampleRateE
                0x08002b04       0x88 ../../libDaisy//build\libdaisy.a(audio.o)
                0x08002b04                daisy::AudioHandle::SetSampleRate(daisy::SaiHandle::Config::SampleRate)
 .text._ZN5daisy11AudioHandle5StartEPFvPKPKfPPfjE
                0x08002b8c       0x44 ../../libDaisy//build\libdaisy.a(audio.o)
                0x08002b8c                daisy::AudioHandle::Start(void (*)(float const* const*, float**, unsigned int))
 .text.startup._GLOBAL__sub_I__ZN5daisy11AudioHandle4Impl4InitENS0_6ConfigENS_9SaiHandleE
                0x08002bd0       0x24 ../../libDaisy//build\libdaisy.a(audio.o)
 .text._ZN5daisy13AnalogControl4InitEPtfbbf
                0x08002bf4       0x64 ../../libDaisy//build\libdaisy.a(ctrl.o)
                0x08002bf4                daisy::AnalogControl::Init(unsigned short*, float, bool, bool, float)
 .text._ZN5daisy13AnalogControl7ProcessEv
                0x08002c58       0x48 ../../libDaisy//build\libdaisy.a(ctrl.o)
                0x08002c58                daisy::AnalogControl::Process()
 .text._ZN5daisy13AnalogControl13SetSampleRateEf
                0x08002ca0       0x58 ../../libDaisy//build\libdaisy.a(ctrl.o)
                0x08002ca0                daisy::AnalogControl::SetSampleRate(float)
 .text._ZN5daisy7Encoder4InitE12dsy_gpio_pinS1_S1_f
                0x08002cf8       0x60 ../../libDaisy//build\libdaisy.a(encoder.o)
                0x08002cf8                daisy::Encoder::Init(dsy_gpio_pin, dsy_gpio_pin, dsy_gpio_pin, float)
 .text._ZN5daisy7Encoder8DebounceEv
                0x08002d58       0x7c ../../libDaisy//build\libdaisy.a(encoder.o)
                0x08002d58                daisy::Encoder::Debounce()
 .text._ZN5daisy9UsbHandleD2Ev
                0x08002dd4        0x4 ../../libDaisy//build\libdaisy.a(logger.o)
                0x08002dd4                daisy::UsbHandle::~UsbHandle()
                0x08002dd4                daisy::UsbHandle::~UsbHandle()
 .text._ZN5daisy6LoggerILNS_17LoggerDestinationE1EE11TransmitBufEv
                0x08002dd8       0x60 ../../libDaisy//build\libdaisy.a(logger.o)
                0x08002dd8                daisy::Logger<(daisy::LoggerDestination)1>::TransmitBuf()
 .text._ZN5daisy6LoggerILNS_17LoggerDestinationE1EE6PrintVEPKcSt9__va_list
                0x08002e38       0x2c ../../libDaisy//build\libdaisy.a(logger.o)
                0x08002e38                daisy::Logger<(daisy::LoggerDestination)1>::PrintV(char const*, std::__va_list)
 .text._ZN5daisy6LoggerILNS_17LoggerDestinationE1EE5PrintEPKcz
                0x08002e64       0x1c ../../libDaisy//build\libdaisy.a(logger.o)
                0x08002e64                daisy::Logger<(daisy::LoggerDestination)1>::Print(char const*, ...)
 .text._ZN5daisy6LoggerILNS_17LoggerDestinationE1EE13AppendNewLineEv
                0x08002e80       0x60 ../../libDaisy//build\libdaisy.a(logger.o)
                0x08002e80                daisy::Logger<(daisy::LoggerDestination)1>::AppendNewLine()
 .text._ZN5daisy6LoggerILNS_17LoggerDestinationE1EE10PrintLineVEPKcSt9__va_list
                0x08002ee0       0x30 ../../libDaisy//build\libdaisy.a(logger.o)
                0x08002ee0                daisy::Logger<(daisy::LoggerDestination)1>::PrintLineV(char const*, std::__va_list)
 .text._ZN5daisy6LoggerILNS_17LoggerDestinationE1EE9PrintLineEPKcz
                0x08002f10       0x1c ../../libDaisy//build\libdaisy.a(logger.o)
                0x08002f10                daisy::Logger<(daisy::LoggerDestination)1>::PrintLine(char const*, ...)
 .text._ZN5daisy6LoggerILNS_17LoggerDestinationE1EE8StartLogEb
                0x08002f2c       0x40 ../../libDaisy//build\libdaisy.a(logger.o)
                0x08002f2c                daisy::Logger<(daisy::LoggerDestination)1>::StartLog(bool)
 .text.startup._GLOBAL__sub_I__ZN5daisy10LoggerImplILNS_17LoggerDestinationE1EE11usb_handle_E
                0x08002f6c       0x2c ../../libDaisy//build\libdaisy.a(logger.o)
 .text._ZN5daisy17MidiUartTransport6ConfigC2Ev
                0x08002f98       0x28 ../../libDaisy//build\libdaisy.a(midi.o)
                0x08002f98                daisy::MidiUartTransport::Config::Config()
                0x08002f98                daisy::MidiUartTransport::Config::Config()
 .text._ZN5daisy10MidiParser5ResetEv
                0x08002fc0        0xc ../../libDaisy//build\libdaisy.a(midi_parser.o)
                0x08002fc0                daisy::MidiParser::Reset()
 .text._ZN5daisy6RgbLed4InitE12dsy_gpio_pinS1_S1_b
                0x08002fcc       0x50 ../../libDaisy//build\libdaisy.a(rgb_led.o)
                0x08002fcc                daisy::RgbLed::Init(dsy_gpio_pin, dsy_gpio_pin, dsy_gpio_pin, bool)
 .text._ZN5daisy6RgbLed8SetColorENS_5ColorE
                0x0800301c       0x2c ../../libDaisy//build\libdaisy.a(rgb_led.o)
                0x0800301c                daisy::RgbLed::SetColor(daisy::Color)
 .text._ZN5daisy6RgbLed6UpdateEv
                0x08003048       0x1c ../../libDaisy//build\libdaisy.a(rgb_led.o)
                0x08003048                daisy::RgbLed::Update()
 .text._ZN5daisy6Switch4InitE12dsy_gpio_pinf
                0x08003064       0x34 ../../libDaisy//build\libdaisy.a(switch.o)
                0x08003064                daisy::Switch::Init(dsy_gpio_pin, float)
 .text._ZN5daisy6Switch8DebounceEv
                0x08003098       0x5c ../../libDaisy//build\libdaisy.a(switch.o)
                0x08003098                daisy::Switch::Debounce()
 .text.DummyRxCallback
                0x080030f4        0x4 ../../libDaisy//build\libdaisy.a(usb.o)
                0x080030f4                DummyRxCallback
 .text._ZN5daisy9UsbHandle4InitENS0_9UsbPeriphE
                0x080030f8      0x10c ../../libDaisy//build\libdaisy.a(usb.o)
                0x080030f8                daisy::UsbHandle::Init(daisy::UsbHandle::UsbPeriph)
 .text._ZN5daisy9UsbHandle16TransmitInternalEPhj
                0x08003204       0x14 ../../libDaisy//build\libdaisy.a(usb.o)
                0x08003204                daisy::UsbHandle::TransmitInternal(unsigned char*, unsigned int)
 .text.OTG_FS_EP1_OUT_IRQHandler
                0x08003218        0xc ../../libDaisy//build\libdaisy.a(usb.o)
                0x08003218                OTG_FS_EP1_OUT_IRQHandler
 .text.OTG_FS_EP1_IN_IRQHandler
                0x08003224        0xc ../../libDaisy//build\libdaisy.a(usb.o)
                0x08003224                OTG_FS_EP1_IN_IRQHandler
 .text.OTG_FS_IRQHandler
                0x08003230        0xc ../../libDaisy//build\libdaisy.a(usb.o)
                0x08003230                OTG_FS_IRQHandler
 .text._ZN5daisy16AdcChannelConfig10InitSingleE12dsy_gpio_pinNS0_15ConversionSpeedE
                0x0800323c       0x28 ../../libDaisy//build\libdaisy.a(adc.o)
                0x0800323c                daisy::AdcChannelConfig::InitSingle(dsy_gpio_pin, daisy::AdcChannelConfig::ConversionSpeed)
 .text._ZN5daisy9AdcHandle4InitEPNS_16AdcChannelConfigEjNS0_12OverSamplingE
                0x08003264      0x41c ../../libDaisy//build\libdaisy.a(adc.o)
                0x08003264                daisy::AdcHandle::Init(daisy::AdcChannelConfig*, unsigned int, daisy::AdcHandle::OverSampling)
 .text._ZN5daisy9AdcHandle5StartEv
                0x08003680       0x2c ../../libDaisy//build\libdaisy.a(adc.o)
                0x08003680                daisy::AdcHandle::Start()
 .text._ZNK5daisy9AdcHandle6GetPtrEh
                0x080036ac       0x14 ../../libDaisy//build\libdaisy.a(adc.o)
                0x080036ac                daisy::AdcHandle::GetPtr(unsigned char) const
 .text.HAL_ADC_MspInit
                0x080036c0       0x98 ../../libDaisy//build\libdaisy.a(adc.o)
                0x080036c0                HAL_ADC_MspInit
 .text.DMA1_Stream2_IRQHandler
                0x08003758        0xc ../../libDaisy//build\libdaisy.a(adc.o)
                0x08003758                DMA1_Stream2_IRQHandler
 .text.HAL_ADC_ConvCpltCallback
                0x08003764      0x148 ../../libDaisy//build\libdaisy.a(adc.o)
                0x08003764                HAL_ADC_ConvCpltCallback
 .text.HAL_ADC_ErrorCallback
                0x080038ac        0x4 ../../libDaisy//build\libdaisy.a(adc.o)
                0x080038ac                HAL_ADC_ErrorCallback
 .text._ZN5daisy4GPIO4InitENS_3PinENS0_4ModeENS0_4PullENS0_5SpeedE
                0x080038b0      0x1cc ../../libDaisy//build\libdaisy.a(gpio.o)
                0x080038b0                daisy::GPIO::Init(daisy::Pin, daisy::GPIO::Mode, daisy::GPIO::Pull, daisy::GPIO::Speed)
 .text._ZN5daisy4GPIO4ReadEv
                0x08003a7c       0x18 ../../libDaisy//build\libdaisy.a(gpio.o)
                0x08003a7c                daisy::GPIO::Read()
 .text._ZN5daisy4GPIO5WriteEb
                0x08003a94       0x14 ../../libDaisy//build\libdaisy.a(gpio.o)
                0x08003a94                daisy::GPIO::Write(bool)
 .text.dsy_gpio_init
                0x08003aa8      0x1b8 ../../libDaisy//build\libdaisy.a(gpio.o)
                0x08003aa8                dsy_gpio_init
 .text.dsy_gpio_read
                0x08003c60       0x1c ../../libDaisy//build\libdaisy.a(gpio.o)
                0x08003c60                dsy_gpio_read
 .text.dsy_gpio_write
                0x08003c7c       0x24 ../../libDaisy//build\libdaisy.a(gpio.o)
                0x08003c7c                dsy_gpio_write
 .text._ZN5daisy9I2CHandle4Impl8InitPinsEv
                0x08003ca0       0x58 ../../libDaisy//build\libdaisy.a(i2c.o)
                0x08003ca0                daisy::I2CHandle::Impl::InitPins()
 .text.HAL_I2C_MspInit
                0x08003cf8      0x1b4 ../../libDaisy//build\libdaisy.a(i2c.o)
                0x08003cf8                HAL_I2C_MspInit
 .text.dsy_i2c_global_init
                0x08003eac       0x78 ../../libDaisy//build\libdaisy.a(i2c.o)
                0x08003eac                dsy_i2c_global_init
 .text.DMA1_Stream6_IRQHandler
                0x08003f24       0x34 ../../libDaisy//build\libdaisy.a(i2c.o)
                0x08003f24                DMA1_Stream6_IRQHandler
 .text.I2C1_EV_IRQHandler
                0x08003f58        0xc ../../libDaisy//build\libdaisy.a(i2c.o)
                0x08003f58                I2C1_EV_IRQHandler
 .text.I2C2_EV_IRQHandler
                0x08003f64        0xc ../../libDaisy//build\libdaisy.a(i2c.o)
                0x08003f64                I2C2_EV_IRQHandler
 .text.I2C3_EV_IRQHandler
                0x08003f70        0xc ../../libDaisy//build\libdaisy.a(i2c.o)
                0x08003f70                I2C3_EV_IRQHandler
 .text._ZN5daisy9I2CHandle4InitERKNS0_6ConfigE
                0x08003f7c      0x12c ../../libDaisy//build\libdaisy.a(i2c.o)
                0x08003f7c                daisy::I2CHandle::Init(daisy::I2CHandle::Config const&)
 .text._ZN5daisy9I2CHandle16TransmitBlockingEtPhtm
                0x080040a8       0x50 ../../libDaisy//build\libdaisy.a(i2c.o)
                0x080040a8                daisy::I2CHandle::TransmitBlocking(unsigned short, unsigned char*, unsigned short, unsigned long)
 .text.startup._GLOBAL__sub_I__ZN5daisy9I2CHandle4Impl10GlobalInitEv
                0x080040f8       0x18 ../../libDaisy//build\libdaisy.a(i2c.o)
 .text._ZN5daisy10QSPIHandle4Impl11WriteEnableEv
                0x08004110       0x8c ../../libDaisy//build\libdaisy.a(qspi.o)
                0x08004110                daisy::QSPIHandle::Impl::WriteEnable()
 *fill*         0x0800419c        0x4 
 .text._ZN5daisy10QSPIHandle4Impl17DummyCyclesConfigENS0_6Config6DeviceE
                0x080041a0      0x118 ../../libDaisy//build\libdaisy.a(qspi.o)
                0x080041a0                daisy::QSPIHandle::Impl::DummyCyclesConfig(daisy::QSPIHandle::Config::Device)
 .text._ZN5daisy10QSPIHandle4Impl10QuadEnableEv
                0x080042b8      0x158 ../../libDaisy//build\libdaisy.a(qspi.o)
                0x080042b8                daisy::QSPIHandle::Impl::QuadEnable()
 .text._ZN5daisy10QSPIHandle4InitERKNS0_6ConfigE
                0x08004410      0x198 ../../libDaisy//build\libdaisy.a(qspi.o)
                0x08004410                daisy::QSPIHandle::Init(daisy::QSPIHandle::Config const&)
 .text.HAL_QSPI_MspInit
                0x080045a8      0x11c ../../libDaisy//build\libdaisy.a(qspi.o)
                0x080045a8                HAL_QSPI_MspInit
 .text.HAL_QSPI_MspDeInit
                0x080046c4       0x54 ../../libDaisy//build\libdaisy.a(qspi.o)
                0x080046c4                HAL_QSPI_MspDeInit
 .text.QUADSPI_IRQHandler
                0x08004718        0xc ../../libDaisy//build\libdaisy.a(qspi.o)
                0x08004718                QUADSPI_IRQHandler
 .text.startup._GLOBAL__sub_I__ZN5daisy10QSPIHandle4Impl4InitERKNS0_6ConfigE
                0x08004724       0x28 ../../libDaisy//build\libdaisy.a(qspi.o)
 .text._ZN5daisy9SaiHandle4Impl7InitDmaENS1_15PeripheralBlockE
                0x0800474c       0xa0 ../../libDaisy//build\libdaisy.a(sai.o)
                0x0800474c                daisy::SaiHandle::Impl::InitDma(daisy::SaiHandle::Impl::PeripheralBlock)
 .text._ZN5daisy9SaiHandle4Impl8InitPinsEv
                0x080047ec       0xa8 ../../libDaisy//build\libdaisy.a(sai.o)
                0x080047ec                daisy::SaiHandle::Impl::InitPins()
 .text.HAL_SAI_MspInit
                0x08004894      0x164 ../../libDaisy//build\libdaisy.a(sai.o)
                0x08004894                HAL_SAI_MspInit
 .text.DMA1_Stream0_IRQHandler
                0x080049f8        0xc ../../libDaisy//build\libdaisy.a(sai.o)
                0x080049f8                DMA1_Stream0_IRQHandler
 .text.DMA1_Stream1_IRQHandler
                0x08004a04        0xc ../../libDaisy//build\libdaisy.a(sai.o)
                0x08004a04                DMA1_Stream1_IRQHandler
 .text.DMA1_Stream3_IRQHandler
                0x08004a10        0xc ../../libDaisy//build\libdaisy.a(sai.o)
                0x08004a10                DMA1_Stream3_IRQHandler
 .text.DMA1_Stream4_IRQHandler
                0x08004a1c        0xc ../../libDaisy//build\libdaisy.a(sai.o)
                0x08004a1c                DMA1_Stream4_IRQHandler
 .text.HAL_SAI_RxHalfCpltCallback
                0x08004a28       0x78 ../../libDaisy//build\libdaisy.a(sai.o)
                0x08004a28                HAL_SAI_RxHalfCpltCallback
 .text.HAL_SAI_RxCpltCallback
                0x08004aa0       0x70 ../../libDaisy//build\libdaisy.a(sai.o)
                0x08004aa0                HAL_SAI_RxCpltCallback
 .text._ZN5daisy9SaiHandle4InitERKNS0_6ConfigE
                0x08004b10      0x1f0 ../../libDaisy//build\libdaisy.a(sai.o)
                0x08004b10                daisy::SaiHandle::Init(daisy::SaiHandle::Config const&)
 .text._ZNK5daisy9SaiHandle9GetConfigEv
                0x08004d00        0x4 ../../libDaisy//build\libdaisy.a(sai.o)
                0x08004d00                daisy::SaiHandle::GetConfig() const
 .text._ZN5daisy9SaiHandle8StartDmaEPlS1_jPFvS1_S1_jE
                0x08004d04       0xbc ../../libDaisy//build\libdaisy.a(sai.o)
                0x08004d04                daisy::SaiHandle::StartDma(long*, long*, unsigned int, void (*)(long*, long*, unsigned int))
 .text._ZN5daisy9SaiHandle13GetSampleRateEv
                0x08004dc0       0x24 ../../libDaisy//build\libdaisy.a(sai.o)
                0x08004dc0                daisy::SaiHandle::GetSampleRate()
 .text._ZNK5daisy9SaiHandle9GetOffsetEv
                0x08004de4        0x8 ../../libDaisy//build\libdaisy.a(sai.o)
                0x08004de4                daisy::SaiHandle::GetOffset() const
 .text._ZL20UART_CheckRxListenerPN5daisy11UartHandler4ImplE
                0x08004dec       0x84 ../../libDaisy//build\libdaisy.a(uart.o)
 .text._ZN5daisy11UartHandler4Impl10StartDmaTxEPhjPFvPvEPFvS3_NS0_6ResultEES3_
                0x08004e70      0x184 ../../libDaisy//build\libdaisy.a(uart.o)
                0x08004e70                daisy::UartHandler::Impl::StartDmaTx(unsigned char*, unsigned int, void (*)(void*), void (*)(void*, daisy::UartHandler::Result), void*)
 .text._ZN5daisy11UartHandler4Impl10StartDmaRxEPhjPFvPvEPFvS3_NS0_6ResultEES3_
                0x08004ff4      0x184 ../../libDaisy//build\libdaisy.a(uart.o)
                0x08004ff4                daisy::UartHandler::Impl::StartDmaRx(unsigned char*, unsigned int, void (*)(void*), void (*)(void*, daisy::UartHandler::Result), void*)
 .text._ZN5daisy11UartHandler4Impl19DmaTransferFinishedEP20__UART_HandleTypeDefNS0_6ResultE
                0x08005178       0xc0 ../../libDaisy//build\libdaisy.a(uart.o)
                0x08005178                daisy::UartHandler::Impl::DmaTransferFinished(__UART_HandleTypeDef*, daisy::UartHandler::Result)
 .text._ZN5daisy11UartHandler4Impl8InitPinsEv
                0x08005238      0x154 ../../libDaisy//build\libdaisy.a(uart.o)
                0x08005238                daisy::UartHandler::Impl::InitPins()
 .text.HAL_UART_MspInit
                0x0800538c      0x210 ../../libDaisy//build\libdaisy.a(uart.o)
                0x0800538c                HAL_UART_MspInit
 .text.dsy_uart_global_init
                0x0800559c      0x110 ../../libDaisy//build\libdaisy.a(uart.o)
                0x0800559c                dsy_uart_global_init
 .text.USART1_IRQHandler
                0x080056ac       0x2c ../../libDaisy//build\libdaisy.a(uart.o)
                0x080056ac                USART1_IRQHandler
 .text.USART2_IRQHandler
                0x080056d8       0x34 ../../libDaisy//build\libdaisy.a(uart.o)
                0x080056d8                USART2_IRQHandler
 .text.USART3_IRQHandler
                0x0800570c       0x34 ../../libDaisy//build\libdaisy.a(uart.o)
                0x0800570c                USART3_IRQHandler
 .text.UART4_IRQHandler
                0x08005740       0x34 ../../libDaisy//build\libdaisy.a(uart.o)
                0x08005740                UART4_IRQHandler
 .text.UART5_IRQHandler
                0x08005774       0x34 ../../libDaisy//build\libdaisy.a(uart.o)
                0x08005774                UART5_IRQHandler
 .text.USART6_IRQHandler
                0x080057a8       0x34 ../../libDaisy//build\libdaisy.a(uart.o)
                0x080057a8                USART6_IRQHandler
 .text.UART7_IRQHandler
                0x080057dc       0x34 ../../libDaisy//build\libdaisy.a(uart.o)
                0x080057dc                UART7_IRQHandler
 .text.UART8_IRQHandler
                0x08005810       0x34 ../../libDaisy//build\libdaisy.a(uart.o)
                0x08005810                UART8_IRQHandler
 .text.LPUART1_IRQHandler
                0x08005844       0x34 ../../libDaisy//build\libdaisy.a(uart.o)
                0x08005844                LPUART1_IRQHandler
 .text.DMA1_Stream5_IRQHandler
                0x08005878       0x34 ../../libDaisy//build\libdaisy.a(uart.o)
                0x08005878                DMA1_Stream5_IRQHandler
 .text.DMA2_Stream4_IRQHandler
                0x080058ac       0x38 ../../libDaisy//build\libdaisy.a(uart.o)
                0x080058ac                DMA2_Stream4_IRQHandler
 .text.HAL_UART_TxCpltCallback
                0x080058e4        0x8 ../../libDaisy//build\libdaisy.a(uart.o)
                0x080058e4                HAL_UART_TxCpltCallback
 .text.HAL_UART_RxCpltCallback
                0x080058ec       0x94 ../../libDaisy//build\libdaisy.a(uart.o)
                0x080058ec                HAL_UART_RxCpltCallback
 .text.HAL_UART_RxHalfCpltCallback
                0x08005980       0x90 ../../libDaisy//build\libdaisy.a(uart.o)
                0x08005980                HAL_UART_RxHalfCpltCallback
 .text.HAL_UART_ErrorCallback
                0x08005a10        0x8 ../../libDaisy//build\libdaisy.a(uart.o)
                0x08005a10                HAL_UART_ErrorCallback
 .text._ZN5daisy11UartHandler4InitERKNS0_6ConfigE
                0x08005a18       0xd4 ../../libDaisy//build\libdaisy.a(uart.o)
                0x08005a18                daisy::UartHandler::Init(daisy::UartHandler::Config const&)
 .text.startup._GLOBAL__sub_I__Z19MapInstanceToHandleP13USART_TypeDef
                0x08005aec      0x194 ../../libDaisy//build\libdaisy.a(uart.o)
 .text.dsy_dma_init
                0x08005c80      0x100 ../../libDaisy//build\libdaisy.a(dma.o)
                0x08005c80                dsy_dma_init
 .text.dsy_dma_invalidate_cache_for_buffer
                0x08005d80       0x2c ../../libDaisy//build\libdaisy.a(dma.o)
                0x08005d80                dsy_dma_invalidate_cache_for_buffer
 .text._ZN5daisy11TimerHandleD2Ev
                0x08005dac        0x4 ../../libDaisy//build\libdaisy.a(system.o)
                0x08005dac                daisy::TimerHandle::~TimerHandle()
                0x08005dac                daisy::TimerHandle::~TimerHandle()
 .text.SysTick_Handler
                0x08005db0       0x10 ../../libDaisy//build\libdaisy.a(system.o)
                0x08005db0                SysTick_Handler
 .text.OTG_HS_EP1_OUT_IRQHandler
                0x08005dc0       0x24 ../../libDaisy//build\libdaisy.a(system.o)
                0x08005dc0                OTG_HS_EP1_OUT_IRQHandler
 .text.OTG_HS_EP1_IN_IRQHandler
                0x08005de4       0x24 ../../libDaisy//build\libdaisy.a(system.o)
                0x08005de4                OTG_HS_EP1_IN_IRQHandler
 .text.OTG_HS_IRQHandler
                0x08005e08       0x24 ../../libDaisy//build\libdaisy.a(system.o)
                0x08005e08                OTG_HS_IRQHandler
 .text.HardFault_Handler
                0x08005e2c       0xe0 ../../libDaisy//build\libdaisy.a(system.o)
                0x08005e2c                HardFault_Handler
 .text._ZN5daisy6System6GetNowEv
                0x08005f0c        0x4 ../../libDaisy//build\libdaisy.a(system.o)
                0x08005f0c                daisy::System::GetNow()
 .text._ZN5daisy6System7GetTickEv
                0x08005f10        0xc ../../libDaisy//build\libdaisy.a(system.o)
                0x08005f10                daisy::System::GetTick()
 .text._ZN5daisy6System5DelayEm
                0x08005f1c        0x4 ../../libDaisy//build\libdaisy.a(system.o)
                0x08005f1c                daisy::System::Delay(unsigned long)
 .text._ZN5daisy6System20GetBootloaderVersionEv
                0x08005f20       0x34 ../../libDaisy//build\libdaisy.a(system.o)
                0x08005f20                daisy::System::GetBootloaderVersion()
 .text._ZN5daisy6System15ConfigureClocksEv
                0x08005f54      0x194 ../../libDaisy//build\libdaisy.a(system.o)
                0x08005f54                daisy::System::ConfigureClocks()
 .text._ZN5daisy6System12ConfigureMpuEv
                0x080060e8       0x7c ../../libDaisy//build\libdaisy.a(system.o)
                0x080060e8                daisy::System::ConfigureMpu()
 .text._ZN5daisy6System4InitERKNS0_6ConfigE
                0x08006164       0xec ../../libDaisy//build\libdaisy.a(system.o)
                0x08006164                daisy::System::Init(daisy::System::Config const&)
 .text._ZN5daisy6System12GetPClk1FreqEv
                0x08006250        0x4 ../../libDaisy//build\libdaisy.a(system.o)
                0x08006250                daisy::System::GetPClk1Freq()
 .text._ZN5daisy6System22GetProgramMemoryRegionEv
                0x08006254       0x78 ../../libDaisy//build\libdaisy.a(system.o)
                0x08006254                daisy::System::GetProgramMemoryRegion()
 .text.startup._GLOBAL__sub_I__ZN5daisy9boot_infoE
                0x080062cc       0x1c ../../libDaisy//build\libdaisy.a(system.o)
 .text.SystemInit
                0x080062e8       0x9c ../../libDaisy//build\libdaisy.a(system_stm32h7xx.o)
                0x080062e8                SystemInit
 .text.dummy_rx_callback
                0x08006384        0x4 ../../libDaisy//build\libdaisy.a(usbd_cdc_if.o)
                0x08006384                dummy_rx_callback
 .text.CDC_DeInit_FS
                0x08006388        0x4 ../../libDaisy//build\libdaisy.a(usbd_cdc_if.o)
 .text.CDC_Receive_FS
                0x0800638c       0x2c ../../libDaisy//build\libdaisy.a(usbd_cdc_if.o)
 .text.CDC_Receive_HS
                0x080063b8       0x2c ../../libDaisy//build\libdaisy.a(usbd_cdc_if.o)
 .text.CDC_Init_FS
                0x080063e4       0x3c ../../libDaisy//build\libdaisy.a(usbd_cdc_if.o)
 .text.CDC_Init_HS
                0x08006420       0x3c ../../libDaisy//build\libdaisy.a(usbd_cdc_if.o)
 .text.CDC_Control_FS
                0x0800645c       0x34 ../../libDaisy//build\libdaisy.a(usbd_cdc_if.o)
 .text.CDC_Control_HS
                0x08006490       0x34 ../../libDaisy//build\libdaisy.a(usbd_cdc_if.o)
 .text.CDC_DeInit_HS
                0x080064c4        0x4 ../../libDaisy//build\libdaisy.a(usbd_cdc_if.o)
 .text.CDC_Transmit_FS
                0x080064c8       0x2c ../../libDaisy//build\libdaisy.a(usbd_cdc_if.o)
                0x080064c8                CDC_Transmit_FS
 .text.HAL_PCD_MspInit
                0x080064f4      0x144 ../../libDaisy//build\libdaisy.a(usbd_conf.o)
                0x080064f4                HAL_PCD_MspInit
 .text.HAL_PCD_SetupStageCallback
                0x08006638        0xc ../../libDaisy//build\libdaisy.a(usbd_conf.o)
                0x08006638                HAL_PCD_SetupStageCallback
 .text.HAL_PCD_DataOutStageCallback
                0x08006644       0x14 ../../libDaisy//build\libdaisy.a(usbd_conf.o)
                0x08006644                HAL_PCD_DataOutStageCallback
 .text.HAL_PCD_DataInStageCallback
                0x08006658       0x14 ../../libDaisy//build\libdaisy.a(usbd_conf.o)
                0x08006658                HAL_PCD_DataInStageCallback
 .text.HAL_PCD_SOFCallback
                0x0800666c        0x8 ../../libDaisy//build\libdaisy.a(usbd_conf.o)
                0x0800666c                HAL_PCD_SOFCallback
 .text.HAL_PCD_ResetCallback
                0x08006674       0x24 ../../libDaisy//build\libdaisy.a(usbd_conf.o)
                0x08006674                HAL_PCD_ResetCallback
 .text.HAL_PCD_SuspendCallback
                0x08006698       0x30 ../../libDaisy//build\libdaisy.a(usbd_conf.o)
                0x08006698                HAL_PCD_SuspendCallback
 .text.HAL_PCD_ResumeCallback
                0x080066c8        0x8 ../../libDaisy//build\libdaisy.a(usbd_conf.o)
                0x080066c8                HAL_PCD_ResumeCallback
 .text.HAL_PCD_ISOOUTIncompleteCallback
                0x080066d0        0x8 ../../libDaisy//build\libdaisy.a(usbd_conf.o)
                0x080066d0                HAL_PCD_ISOOUTIncompleteCallback
 .text.HAL_PCD_ISOINIncompleteCallback
                0x080066d8        0x8 ../../libDaisy//build\libdaisy.a(usbd_conf.o)
                0x080066d8                HAL_PCD_ISOINIncompleteCallback
 .text.HAL_PCD_ConnectCallback
                0x080066e0        0x8 ../../libDaisy//build\libdaisy.a(usbd_conf.o)
                0x080066e0                HAL_PCD_ConnectCallback
 .text.HAL_PCD_DisconnectCallback
                0x080066e8        0x8 ../../libDaisy//build\libdaisy.a(usbd_conf.o)
                0x080066e8                HAL_PCD_DisconnectCallback
 .text.USBD_LL_Init
                0x080066f0       0xe4 ../../libDaisy//build\libdaisy.a(usbd_conf.o)
                0x080066f0                USBD_LL_Init
 .text.USBD_LL_Start
                0x080067d4       0x1c ../../libDaisy//build\libdaisy.a(usbd_conf.o)
                0x080067d4                USBD_LL_Start
 .text.USBD_LL_OpenEP
                0x080067f0       0x24 ../../libDaisy//build\libdaisy.a(usbd_conf.o)
                0x080067f0                USBD_LL_OpenEP
 .text.USBD_LL_CloseEP
                0x08006814       0x1c ../../libDaisy//build\libdaisy.a(usbd_conf.o)
                0x08006814                USBD_LL_CloseEP
 .text.USBD_LL_StallEP
                0x08006830       0x1c ../../libDaisy//build\libdaisy.a(usbd_conf.o)
                0x08006830                USBD_LL_StallEP
 .text.USBD_LL_ClearStallEP
                0x0800684c       0x1c ../../libDaisy//build\libdaisy.a(usbd_conf.o)
                0x0800684c                USBD_LL_ClearStallEP
 .text.USBD_LL_IsStallEP
                0x08006868       0x28 ../../libDaisy//build\libdaisy.a(usbd_conf.o)
                0x08006868                USBD_LL_IsStallEP
 .text.USBD_LL_SetUSBAddress
                0x08006890       0x1c ../../libDaisy//build\libdaisy.a(usbd_conf.o)
                0x08006890                USBD_LL_SetUSBAddress
 .text.USBD_LL_Transmit
                0x080068ac       0x1c ../../libDaisy//build\libdaisy.a(usbd_conf.o)
                0x080068ac                USBD_LL_Transmit
 .text.USBD_LL_PrepareReceive
                0x080068c8       0x1c ../../libDaisy//build\libdaisy.a(usbd_conf.o)
                0x080068c8                USBD_LL_PrepareReceive
 .text.USBD_LL_GetRxDataSize
                0x080068e4        0x8 ../../libDaisy//build\libdaisy.a(usbd_conf.o)
                0x080068e4                USBD_LL_GetRxDataSize
 .text.USBD_HS_DeviceDescriptor
                0x080068ec        0xc ../../libDaisy//build\libdaisy.a(usbd_desc.o)
                0x080068ec                USBD_HS_DeviceDescriptor
 .text.USBD_FS_DeviceDescriptor
                0x080068f8        0xc ../../libDaisy//build\libdaisy.a(usbd_desc.o)
                0x080068f8                USBD_FS_DeviceDescriptor
 .text.USBD_FS_LangIDStrDescriptor
                0x08006904        0xc ../../libDaisy//build\libdaisy.a(usbd_desc.o)
                0x08006904                USBD_FS_LangIDStrDescriptor
 .text.USBD_FS_ManufacturerStrDescriptor
                0x08006910       0x1c ../../libDaisy//build\libdaisy.a(usbd_desc.o)
                0x08006910                USBD_FS_ManufacturerStrDescriptor
 .text.USBD_HS_ProductStrDescriptor
                0x0800692c       0x1c ../../libDaisy//build\libdaisy.a(usbd_desc.o)
                0x0800692c                USBD_HS_ProductStrDescriptor
 .text.USBD_FS_ConfigStrDescriptor
                0x08006948       0x1c ../../libDaisy//build\libdaisy.a(usbd_desc.o)
                0x08006948                USBD_FS_ConfigStrDescriptor
 .text.USBD_FS_InterfaceStrDescriptor
                0x08006964       0x1c ../../libDaisy//build\libdaisy.a(usbd_desc.o)
                0x08006964                USBD_FS_InterfaceStrDescriptor
 .text.USBD_FS_ProductStrDescriptor
                0x08006980       0x1c ../../libDaisy//build\libdaisy.a(usbd_desc.o)
                0x08006980                USBD_FS_ProductStrDescriptor
 .text.USBD_HS_LangIDStrDescriptor
                0x0800699c        0xc ../../libDaisy//build\libdaisy.a(usbd_desc.o)
                0x0800699c                USBD_HS_LangIDStrDescriptor
 .text.USBD_HS_ManufacturerStrDescriptor
                0x080069a8       0x1c ../../libDaisy//build\libdaisy.a(usbd_desc.o)
                0x080069a8                USBD_HS_ManufacturerStrDescriptor
 .text.USBD_FS_SerialStrDescriptor
                0x080069c4      0x124 ../../libDaisy//build\libdaisy.a(usbd_desc.o)
                0x080069c4                USBD_FS_SerialStrDescriptor
 .text.USBD_HS_SerialStrDescriptor
                0x08006ae8      0x124 ../../libDaisy//build\libdaisy.a(usbd_desc.o)
                0x08006ae8                USBD_HS_SerialStrDescriptor
 .text.USBD_HS_InterfaceStrDescriptor
                0x08006c0c       0x1c ../../libDaisy//build\libdaisy.a(usbd_desc.o)
                0x08006c0c                USBD_HS_InterfaceStrDescriptor
 .text.USBD_HS_ConfigStrDescriptor
                0x08006c28       0x1c ../../libDaisy//build\libdaisy.a(usbd_desc.o)
                0x08006c28                USBD_HS_ConfigStrDescriptor
 .text.HAL_HCD_SOF_Callback
                0x08006c44        0x8 ../../libDaisy//build\libdaisy.a(usbh_conf.o)
                0x08006c44                HAL_HCD_SOF_Callback
 .text.HAL_HCD_Connect_Callback
                0x08006c4c        0x8 ../../libDaisy//build\libdaisy.a(usbh_conf.o)
                0x08006c4c                HAL_HCD_Connect_Callback
 .text.HAL_HCD_Disconnect_Callback
                0x08006c54        0x8 ../../libDaisy//build\libdaisy.a(usbh_conf.o)
                0x08006c54                HAL_HCD_Disconnect_Callback
 .text.HAL_HCD_HC_NotifyURBChange_Callback
                0x08006c5c        0x4 ../../libDaisy//build\libdaisy.a(usbh_conf.o)
                0x08006c5c                HAL_HCD_HC_NotifyURBChange_Callback
 .text.HAL_HCD_PortEnabled_Callback
                0x08006c60        0x8 ../../libDaisy//build\libdaisy.a(usbh_conf.o)
                0x08006c60                HAL_HCD_PortEnabled_Callback
 .text.HAL_HCD_PortDisabled_Callback
                0x08006c68        0x8 ../../libDaisy//build\libdaisy.a(usbh_conf.o)
                0x08006c68                HAL_HCD_PortDisabled_Callback
 .text.USBH_LL_Stop
                0x08006c70       0x1c ../../libDaisy//build\libdaisy.a(usbh_conf.o)
                0x08006c70                USBH_LL_Stop
 .text._ZN5daisy5Color4InitENS0_11PresetColorE
                0x08006c8c       0x20 ../../libDaisy//build\libdaisy.a(color.o)
                0x08006c8c                daisy::Color::Init(daisy::Color::PresetColor)
 .text.dsy_hal_map_get_port
                0x08006cac       0x10 ../../libDaisy//build\libdaisy.a(hal_map.o)
                0x08006cac                dsy_hal_map_get_port
 .text.dsy_hal_map_get_pin
                0x08006cbc       0x10 ../../libDaisy//build\libdaisy.a(hal_map.o)
                0x08006cbc                dsy_hal_map_get_pin
 .text.dsy_hal_map_gpio_clk_enable
                0x08006ccc      0x150 ../../libDaisy//build\libdaisy.a(hal_map.o)
                0x08006ccc                dsy_hal_map_gpio_clk_enable
 .text.HAL_MspInit
                0x08006e1c        0x4 ../../libDaisy//build\libdaisy.a(stm32h7xx_hal.o)
                0x08006e1c                HAL_MspInit
 .text.HAL_InitTick
                0x08006e20       0x4c ../../libDaisy//build\libdaisy.a(stm32h7xx_hal.o)
                0x08006e20                HAL_InitTick
 .text.HAL_Init
                0x08006e6c       0x60 ../../libDaisy//build\libdaisy.a(stm32h7xx_hal.o)
                0x08006e6c                HAL_Init
 .text.HAL_IncTick
                0x08006ecc       0x18 ../../libDaisy//build\libdaisy.a(stm32h7xx_hal.o)
                0x08006ecc                HAL_IncTick
 .text.HAL_GetTick
                0x08006ee4        0xc ../../libDaisy//build\libdaisy.a(stm32h7xx_hal.o)
                0x08006ee4                HAL_GetTick
 .text.HAL_Delay
                0x08006ef0       0x24 ../../libDaisy//build\libdaisy.a(stm32h7xx_hal.o)
                0x08006ef0                HAL_Delay
 .text.HAL_GetREVID
                0x08006f14        0xc ../../libDaisy//build\libdaisy.a(stm32h7xx_hal.o)
                0x08006f14                HAL_GetREVID
 .text.HAL_ADC_ConvHalfCpltCallback
                0x08006f20        0x4 ../../libDaisy//build\libdaisy.a(stm32h7xx_hal_adc.o)
                0x08006f20                HAL_ADC_ConvHalfCpltCallback
 .text.ADC_DMAHalfConvCplt
                0x08006f24        0xc ../../libDaisy//build\libdaisy.a(stm32h7xx_hal_adc.o)
                0x08006f24                ADC_DMAHalfConvCplt
 .text.ADC_DMAConvCplt
                0x08006f30       0x6c ../../libDaisy//build\libdaisy.a(stm32h7xx_hal_adc.o)
                0x08006f30                ADC_DMAConvCplt
 .text.ADC_DMAError
                0x08006f9c       0x1c ../../libDaisy//build\libdaisy.a(stm32h7xx_hal_adc.o)
                0x08006f9c                ADC_DMAError
 .text.HAL_ADC_ConfigChannel
                0x08006fb8      0x3fc ../../libDaisy//build\libdaisy.a(stm32h7xx_hal_adc.o)
                0x08006fb8                HAL_ADC_ConfigChannel
 .text.ADC_Enable
                0x080073b4       0xac ../../libDaisy//build\libdaisy.a(stm32h7xx_hal_adc.o)
                0x080073b4                ADC_Enable
 .text.HAL_ADC_Start_DMA
                0x08007460      0x114 ../../libDaisy//build\libdaisy.a(stm32h7xx_hal_adc.o)
                0x08007460                HAL_ADC_Start_DMA
 .text.ADC_Disable
                0x08007574       0x68 ../../libDaisy//build\libdaisy.a(stm32h7xx_hal_adc.o)
                0x08007574                ADC_Disable
 .text.ADC_ConfigureBoostMode
                0x080075dc      0x184 ../../libDaisy//build\libdaisy.a(stm32h7xx_hal_adc.o)
                0x080075dc                ADC_ConfigureBoostMode
 .text.HAL_ADC_Init
                0x08007760      0x218 ../../libDaisy//build\libdaisy.a(stm32h7xx_hal_adc.o)
                0x08007760                HAL_ADC_Init
 .text.HAL_ADCEx_Calibration_Start
                0x08007978       0xa4 ../../libDaisy//build\libdaisy.a(stm32h7xx_hal_adc_ex.o)
                0x08007978                HAL_ADCEx_Calibration_Start
 .text.HAL_ADCEx_MultiModeConfigChannel
                0x08007a1c       0xc4 ../../libDaisy//build\libdaisy.a(stm32h7xx_hal_adc_ex.o)
                0x08007a1c                HAL_ADCEx_MultiModeConfigChannel
 .text.HAL_NVIC_SetPriorityGrouping
                0x08007ae0       0x24 ../../libDaisy//build\libdaisy.a(stm32h7xx_hal_cortex.o)
                0x08007ae0                HAL_NVIC_SetPriorityGrouping
 .text.HAL_NVIC_SetPriority
                0x08007b04       0x7c ../../libDaisy//build\libdaisy.a(stm32h7xx_hal_cortex.o)
                0x08007b04                HAL_NVIC_SetPriority
 .text.HAL_NVIC_EnableIRQ
                0x08007b80       0x1c ../../libDaisy//build\libdaisy.a(stm32h7xx_hal_cortex.o)
                0x08007b80                HAL_NVIC_EnableIRQ
 .text.HAL_NVIC_DisableIRQ
                0x08007b9c       0x28 ../../libDaisy//build\libdaisy.a(stm32h7xx_hal_cortex.o)
                0x08007b9c                HAL_NVIC_DisableIRQ
 .text.HAL_SYSTICK_Config
                0x08007bc4       0x2c ../../libDaisy//build\libdaisy.a(stm32h7xx_hal_cortex.o)
                0x08007bc4                HAL_SYSTICK_Config
 .text.HAL_MPU_Disable
                0x08007bf0       0x1c ../../libDaisy//build\libdaisy.a(stm32h7xx_hal_cortex.o)
                0x08007bf0                HAL_MPU_Disable
 .text.HAL_MPU_Enable
                0x08007c0c       0x20 ../../libDaisy//build\libdaisy.a(stm32h7xx_hal_cortex.o)
                0x08007c0c                HAL_MPU_Enable
 .text.HAL_MPU_ConfigRegion
                0x08007c2c       0x64 ../../libDaisy//build\libdaisy.a(stm32h7xx_hal_cortex.o)
                0x08007c2c                HAL_MPU_ConfigRegion
 .text.HAL_SYSTICK_Callback
                0x08007c90        0x4 ../../libDaisy//build\libdaisy.a(stm32h7xx_hal_cortex.o)
                0x08007c90                HAL_SYSTICK_Callback
 .text.HAL_SYSTICK_IRQHandler
                0x08007c94        0x8 ../../libDaisy//build\libdaisy.a(stm32h7xx_hal_cortex.o)
                0x08007c94                HAL_SYSTICK_IRQHandler
 .text.DMA_CalcBaseAndBitshift
                0x08007c9c       0xf4 ../../libDaisy//build\libdaisy.a(stm32h7xx_hal_dma.o)
 .text.DMA_CalcDMAMUXChannelBaseAndMask
                0x08007d90       0xd8 ../../libDaisy//build\libdaisy.a(stm32h7xx_hal_dma.o)
 .text.HAL_DMA_Init
                0x08007e68      0x37c ../../libDaisy//build\libdaisy.a(stm32h7xx_hal_dma.o)
                0x08007e68                HAL_DMA_Init
 .text.HAL_DMA_Start_IT
                0x080081e4      0x240 ../../libDaisy//build\libdaisy.a(stm32h7xx_hal_dma.o)
                0x080081e4                HAL_DMA_Start_IT
 .text.HAL_DMA_Abort_IT
                0x08008424      0x134 ../../libDaisy//build\libdaisy.a(stm32h7xx_hal_dma.o)
                0x08008424                HAL_DMA_Abort_IT
 .text.HAL_DMA_IRQHandler
                0x08008558      0x6a0 ../../libDaisy//build\libdaisy.a(stm32h7xx_hal_dma.o)
                0x08008558                HAL_DMA_IRQHandler
 .text.HAL_DMA_GetError
                0x08008bf8        0x4 ../../libDaisy//build\libdaisy.a(stm32h7xx_hal_dma.o)
                0x08008bf8                HAL_DMA_GetError
 .text.HAL_GPIO_Init
                0x08008bfc      0x280 ../../libDaisy//build\libdaisy.a(stm32h7xx_hal_gpio.o)
                0x08008bfc                HAL_GPIO_Init
 .text.HAL_GPIO_DeInit
                0x08008e7c      0x190 ../../libDaisy//build\libdaisy.a(stm32h7xx_hal_gpio.o)
                0x08008e7c                HAL_GPIO_DeInit
 .text.HAL_GPIO_ReadPin
                0x0800900c        0xc ../../libDaisy//build\libdaisy.a(stm32h7xx_hal_gpio.o)
                0x0800900c                HAL_GPIO_ReadPin
 .text.HAL_GPIO_WritePin
                0x08009018        0x8 ../../libDaisy//build\libdaisy.a(stm32h7xx_hal_gpio.o)
                0x08009018                HAL_GPIO_WritePin
 .text.HAL_HCD_IRQHandler
                0x08009020      0x780 ../../libDaisy//build\libdaisy.a(stm32h7xx_hal_hcd.o)
                0x08009020                HAL_HCD_IRQHandler
 .text.HAL_HCD_Stop
                0x080097a0       0x28 ../../libDaisy//build\libdaisy.a(stm32h7xx_hal_hcd.o)
                0x080097a0                HAL_HCD_Stop
 .text.I2C_WaitOnTXISFlagUntilTimeout
                0x080097c8       0xb8 ../../libDaisy//build\libdaisy.a(stm32h7xx_hal_i2c.o)
 .text.I2C_WaitOnSTOPFlagUntilTimeout
                0x08009880       0xac ../../libDaisy//build\libdaisy.a(stm32h7xx_hal_i2c.o)
 .text.HAL_I2C_Init
                0x0800992c       0xac ../../libDaisy//build\libdaisy.a(stm32h7xx_hal_i2c.o)
                0x0800992c                HAL_I2C_Init
 .text.HAL_I2C_Master_Transmit
                0x080099d8      0x1a8 ../../libDaisy//build\libdaisy.a(stm32h7xx_hal_i2c.o)
                0x080099d8                HAL_I2C_Master_Transmit
 .text.HAL_I2C_Slave_Transmit
                0x08009b80      0x1c8 ../../libDaisy//build\libdaisy.a(stm32h7xx_hal_i2c.o)
                0x08009b80                HAL_I2C_Slave_Transmit
 .text.HAL_I2C_EV_IRQHandler
                0x08009d48       0x10 ../../libDaisy//build\libdaisy.a(stm32h7xx_hal_i2c.o)
                0x08009d48                HAL_I2C_EV_IRQHandler
 .text.HAL_I2C_GetState
                0x08009d58        0x8 ../../libDaisy//build\libdaisy.a(stm32h7xx_hal_i2c.o)
                0x08009d58                HAL_I2C_GetState
 .text.HAL_I2CEx_ConfigAnalogFilter
                0x08009d60       0x54 ../../libDaisy//build\libdaisy.a(stm32h7xx_hal_i2c_ex.o)
                0x08009d60                HAL_I2CEx_ConfigAnalogFilter
 .text.HAL_I2CEx_ConfigDigitalFilter
                0x08009db4       0x58 ../../libDaisy//build\libdaisy.a(stm32h7xx_hal_i2c_ex.o)
                0x08009db4                HAL_I2CEx_ConfigDigitalFilter
 .text.HAL_PCD_Init
                0x08009e0c      0x12c ../../libDaisy//build\libdaisy.a(stm32h7xx_hal_pcd.o)
                0x08009e0c                HAL_PCD_Init
 .text.HAL_PCD_Start
                0x08009f38       0x44 ../../libDaisy//build\libdaisy.a(stm32h7xx_hal_pcd.o)
                0x08009f38                HAL_PCD_Start
 .text.HAL_PCD_IRQHandler
                0x08009f7c      0x69c ../../libDaisy//build\libdaisy.a(stm32h7xx_hal_pcd.o)
                0x08009f7c                HAL_PCD_IRQHandler
 .text.HAL_PCD_SetAddress
                0x0800a618       0x2c ../../libDaisy//build\libdaisy.a(stm32h7xx_hal_pcd.o)
                0x0800a618                HAL_PCD_SetAddress
 .text.HAL_PCD_EP_Open
                0x0800a644       0x7c ../../libDaisy//build\libdaisy.a(stm32h7xx_hal_pcd.o)
                0x0800a644                HAL_PCD_EP_Open
 .text.HAL_PCD_EP_Close
                0x0800a6c0       0x6c ../../libDaisy//build\libdaisy.a(stm32h7xx_hal_pcd.o)
                0x0800a6c0                HAL_PCD_EP_Close
 .text.HAL_PCD_EP_Receive
                0x0800a72c       0x50 ../../libDaisy//build\libdaisy.a(stm32h7xx_hal_pcd.o)
                0x0800a72c                HAL_PCD_EP_Receive
 .text.HAL_PCD_EP_GetRxCount
                0x0800a77c       0x14 ../../libDaisy//build\libdaisy.a(stm32h7xx_hal_pcd.o)
                0x0800a77c                HAL_PCD_EP_GetRxCount
 .text.HAL_PCD_EP_Transmit
                0x0800a790       0x50 ../../libDaisy//build\libdaisy.a(stm32h7xx_hal_pcd.o)
                0x0800a790                HAL_PCD_EP_Transmit
 .text.HAL_PCD_EP_SetStall
                0x0800a7e0       0x88 ../../libDaisy//build\libdaisy.a(stm32h7xx_hal_pcd.o)
                0x0800a7e0                HAL_PCD_EP_SetStall
 .text.HAL_PCD_EP_ClrStall
                0x0800a868       0x78 ../../libDaisy//build\libdaisy.a(stm32h7xx_hal_pcd.o)
                0x0800a868                HAL_PCD_EP_ClrStall
 .text.HAL_PCDEx_SetTxFiFo
                0x0800a8e0       0x54 ../../libDaisy//build\libdaisy.a(stm32h7xx_hal_pcd_ex.o)
                0x0800a8e0                HAL_PCDEx_SetTxFiFo
 .text.HAL_PCDEx_SetRxFiFo
                0x0800a934        0xc ../../libDaisy//build\libdaisy.a(stm32h7xx_hal_pcd_ex.o)
                0x0800a934                HAL_PCDEx_SetRxFiFo
 .text.HAL_PCDEx_ActivateLPM
                0x0800a940       0x30 ../../libDaisy//build\libdaisy.a(stm32h7xx_hal_pcd_ex.o)
                0x0800a940                HAL_PCDEx_ActivateLPM
 .text.HAL_PCDEx_LPM_Callback
                0x0800a970        0x4 ../../libDaisy//build\libdaisy.a(stm32h7xx_hal_pcd_ex.o)
                0x0800a970                HAL_PCDEx_LPM_Callback
 .text.HAL_PWREx_ConfigSupply
                0x0800a974       0x4c ../../libDaisy//build\libdaisy.a(stm32h7xx_hal_pwr_ex.o)
                0x0800a974                HAL_PWREx_ConfigSupply
 .text.HAL_PWREx_EnableUSBVoltageDetector
                0x0800a9c0       0x10 ../../libDaisy//build\libdaisy.a(stm32h7xx_hal_pwr_ex.o)
                0x0800a9c0                HAL_PWREx_EnableUSBVoltageDetector
 .text.QSPI_Config
                0x0800a9d0      0x174 ../../libDaisy//build\libdaisy.a(stm32h7xx_hal_qspi.o)
 .text.HAL_QSPI_Init
                0x0800ab44       0xd8 ../../libDaisy//build\libdaisy.a(stm32h7xx_hal_qspi.o)
                0x0800ab44                HAL_QSPI_Init
 .text.HAL_QSPI_DeInit
                0x0800ac1c       0x3c ../../libDaisy//build\libdaisy.a(stm32h7xx_hal_qspi.o)
                0x0800ac1c                HAL_QSPI_DeInit
 .text.HAL_QSPI_Command
                0x0800ac58       0xd4 ../../libDaisy//build\libdaisy.a(stm32h7xx_hal_qspi.o)
                0x0800ac58                HAL_QSPI_Command
 .text.HAL_QSPI_Transmit
                0x0800ad2c       0xfc ../../libDaisy//build\libdaisy.a(stm32h7xx_hal_qspi.o)
                0x0800ad2c                HAL_QSPI_Transmit
 .text.HAL_QSPI_Receive
                0x0800ae28      0x108 ../../libDaisy//build\libdaisy.a(stm32h7xx_hal_qspi.o)
                0x0800ae28                HAL_QSPI_Receive
 .text.HAL_QSPI_AutoPolling
                0x0800af30       0xf0 ../../libDaisy//build\libdaisy.a(stm32h7xx_hal_qspi.o)
                0x0800af30                HAL_QSPI_AutoPolling
 .text.HAL_QSPI_MemoryMapped
                0x0800b020       0xc0 ../../libDaisy//build\libdaisy.a(stm32h7xx_hal_qspi.o)
                0x0800b020                HAL_QSPI_MemoryMapped
 .text.HAL_QSPI_ErrorCallback
                0x0800b0e0        0x4 ../../libDaisy//build\libdaisy.a(stm32h7xx_hal_qspi.o)
                0x0800b0e0                HAL_QSPI_ErrorCallback
 .text.QSPI_DMAAbortCplt
                0x0800b0e4       0x38 ../../libDaisy//build\libdaisy.a(stm32h7xx_hal_qspi.o)
 .text.HAL_QSPI_AbortCpltCallback
                0x0800b11c        0x4 ../../libDaisy//build\libdaisy.a(stm32h7xx_hal_qspi.o)
                0x0800b11c                HAL_QSPI_AbortCpltCallback
 .text.HAL_QSPI_CmdCpltCallback
                0x0800b120        0x4 ../../libDaisy//build\libdaisy.a(stm32h7xx_hal_qspi.o)
                0x0800b120                HAL_QSPI_CmdCpltCallback
 .text.HAL_QSPI_RxCpltCallback
                0x0800b124        0x4 ../../libDaisy//build\libdaisy.a(stm32h7xx_hal_qspi.o)
                0x0800b124                HAL_QSPI_RxCpltCallback
 .text.HAL_QSPI_TxCpltCallback
                0x0800b128        0x4 ../../libDaisy//build\libdaisy.a(stm32h7xx_hal_qspi.o)
                0x0800b128                HAL_QSPI_TxCpltCallback
 .text.HAL_QSPI_FifoThresholdCallback
                0x0800b12c        0x4 ../../libDaisy//build\libdaisy.a(stm32h7xx_hal_qspi.o)
                0x0800b12c                HAL_QSPI_FifoThresholdCallback
 .text.HAL_QSPI_StatusMatchCallback
                0x0800b130        0x4 ../../libDaisy//build\libdaisy.a(stm32h7xx_hal_qspi.o)
                0x0800b130                HAL_QSPI_StatusMatchCallback
 .text.HAL_QSPI_TimeOutCallback
                0x0800b134        0x4 ../../libDaisy//build\libdaisy.a(stm32h7xx_hal_qspi.o)
                0x0800b134                HAL_QSPI_TimeOutCallback
 .text.HAL_QSPI_IRQHandler
                0x0800b138      0x210 ../../libDaisy//build\libdaisy.a(stm32h7xx_hal_qspi.o)
                0x0800b138                HAL_QSPI_IRQHandler
 .text.HAL_RCC_OscConfig
                0x0800b348      0x51c ../../libDaisy//build\libdaisy.a(stm32h7xx_hal_rcc.o)
                0x0800b348                HAL_RCC_OscConfig
 .text.HAL_RCC_GetSysClockFreq
                0x0800b864      0x140 ../../libDaisy//build\libdaisy.a(stm32h7xx_hal_rcc.o)
                0x0800b864                HAL_RCC_GetSysClockFreq
 .text.HAL_RCC_ClockConfig
                0x0800b9a4      0x234 ../../libDaisy//build\libdaisy.a(stm32h7xx_hal_rcc.o)
                0x0800b9a4                HAL_RCC_ClockConfig
 .text.HAL_RCC_GetHCLKFreq
                0x0800bbd8       0x2c ../../libDaisy//build\libdaisy.a(stm32h7xx_hal_rcc.o)
                0x0800bbd8                HAL_RCC_GetHCLKFreq
 .text.HAL_RCC_GetPCLK1Freq
                0x0800bc04       0x38 ../../libDaisy//build\libdaisy.a(stm32h7xx_hal_rcc.o)
                0x0800bc04                HAL_RCC_GetPCLK1Freq
 .text.HAL_RCC_GetPCLK2Freq
                0x0800bc3c       0x38 ../../libDaisy//build\libdaisy.a(stm32h7xx_hal_rcc.o)
                0x0800bc3c                HAL_RCC_GetPCLK2Freq
 .text.RCCEx_PLL2_Config
                0x0800bc74       0xf4 ../../libDaisy//build\libdaisy.a(stm32h7xx_hal_rcc_ex.o)
 .text.RCCEx_PLL3_Config
                0x0800bd68       0xf4 ../../libDaisy//build\libdaisy.a(stm32h7xx_hal_rcc_ex.o)
 .text.HAL_RCCEx_PeriphCLKConfig
                0x0800be5c      0xa7c ../../libDaisy//build\libdaisy.a(stm32h7xx_hal_rcc_ex.o)
                0x0800be5c                HAL_RCCEx_PeriphCLKConfig
 .text.HAL_RCCEx_GetD3PCLK1Freq
                0x0800c8d8       0x24 ../../libDaisy//build\libdaisy.a(stm32h7xx_hal_rcc_ex.o)
                0x0800c8d8                HAL_RCCEx_GetD3PCLK1Freq
 .text.HAL_RCCEx_GetPLL2ClockFreq
                0x0800c8fc      0x17c ../../libDaisy//build\libdaisy.a(stm32h7xx_hal_rcc_ex.o)
                0x0800c8fc                HAL_RCCEx_GetPLL2ClockFreq
 .text.HAL_RCCEx_GetPLL3ClockFreq
                0x0800ca78      0x17c ../../libDaisy//build\libdaisy.a(stm32h7xx_hal_rcc_ex.o)
                0x0800ca78                HAL_RCCEx_GetPLL3ClockFreq
 .text.HAL_RCCEx_GetPLL1ClockFreq
                0x0800cbf4      0x17c ../../libDaisy//build\libdaisy.a(stm32h7xx_hal_rcc_ex.o)
                0x0800cbf4                HAL_RCCEx_GetPLL1ClockFreq
 .text.HAL_RCCEx_GetPeriphCLKFreq
                0x0800cd70      0x198 ../../libDaisy//build\libdaisy.a(stm32h7xx_hal_rcc_ex.o)
                0x0800cd70                HAL_RCCEx_GetPeriphCLKFreq
 .text.HAL_RCCEx_GetD1SysClockFreq
                0x0800cf08       0x2c ../../libDaisy//build\libdaisy.a(stm32h7xx_hal_rcc_ex.o)
                0x0800cf08                HAL_RCCEx_GetD1SysClockFreq
 .text.HAL_SAI_Init.part.0
                0x0800cf34      0x348 ../../libDaisy//build\libdaisy.a(stm32h7xx_hal_sai.o)
 .text.HAL_SAI_InitProtocol
                0x0800d27c      0x178 ../../libDaisy//build\libdaisy.a(stm32h7xx_hal_sai.o)
                0x0800d27c                HAL_SAI_InitProtocol
 .text.HAL_SAI_Transmit_DMA
                0x0800d3f4      0x124 ../../libDaisy//build\libdaisy.a(stm32h7xx_hal_sai.o)
                0x0800d3f4                HAL_SAI_Transmit_DMA
 .text.HAL_SAI_Receive_DMA
                0x0800d518       0xd0 ../../libDaisy//build\libdaisy.a(stm32h7xx_hal_sai.o)
                0x0800d518                HAL_SAI_Receive_DMA
 .text.HAL_SAI_TxCpltCallback
                0x0800d5e8        0x4 ../../libDaisy//build\libdaisy.a(stm32h7xx_hal_sai.o)
                0x0800d5e8                HAL_SAI_TxCpltCallback
 .text.SAI_DMATxCplt
                0x0800d5ec       0x64 ../../libDaisy//build\libdaisy.a(stm32h7xx_hal_sai.o)
 .text.HAL_SAI_TxHalfCpltCallback
                0x0800d650        0x4 ../../libDaisy//build\libdaisy.a(stm32h7xx_hal_sai.o)
                0x0800d650                HAL_SAI_TxHalfCpltCallback
 .text.SAI_DMATxHalfCplt
                0x0800d654        0xc ../../libDaisy//build\libdaisy.a(stm32h7xx_hal_sai.o)
 .text.SAI_DMARxCplt
                0x0800d660       0x64 ../../libDaisy//build\libdaisy.a(stm32h7xx_hal_sai.o)
 .text.SAI_DMARxHalfCplt
                0x0800d6c4        0xc ../../libDaisy//build\libdaisy.a(stm32h7xx_hal_sai.o)
 .text.HAL_SAI_ErrorCallback
                0x0800d6d0        0x4 ../../libDaisy//build\libdaisy.a(stm32h7xx_hal_sai.o)
                0x0800d6d0                HAL_SAI_ErrorCallback
 .text.SAI_DMAError
                0x0800d6d4       0x6c ../../libDaisy//build\libdaisy.a(stm32h7xx_hal_sai.o)
 .text.HAL_SDRAM_Init
                0x0800d740       0x54 ../../libDaisy//build\libdaisy.a(stm32h7xx_hal_sdram.o)
                0x0800d740                HAL_SDRAM_Init
 .text.HAL_SDRAM_SendCommand
                0x0800d794       0x40 ../../libDaisy//build\libdaisy.a(stm32h7xx_hal_sdram.o)
                0x0800d794                HAL_SDRAM_SendCommand
 .text.HAL_SDRAM_ProgramRefreshRate
                0x0800d7d4       0x30 ../../libDaisy//build\libdaisy.a(stm32h7xx_hal_sdram.o)
                0x0800d7d4                HAL_SDRAM_ProgramRefreshRate
 .text.HAL_UART_Transmit_DMA
                0x0800d804       0xa4 ../../libDaisy//build\libdaisy.a(stm32h7xx_hal_uart.o)
                0x0800d804                HAL_UART_Transmit_DMA
 .text.HAL_UART_Receive_DMA
                0x0800d8a8       0xac ../../libDaisy//build\libdaisy.a(stm32h7xx_hal_uart.o)
                0x0800d8a8                HAL_UART_Receive_DMA
 .text.UART_DMATransmitCplt
                0x0800d954       0x2c ../../libDaisy//build\libdaisy.a(stm32h7xx_hal_uart.o)
 .text.HAL_UART_TxHalfCpltCallback
                0x0800d980        0x4 ../../libDaisy//build\libdaisy.a(stm32h7xx_hal_uart.o)
                0x0800d980                HAL_UART_TxHalfCpltCallback
 .text.UART_DMATxHalfCplt
                0x0800d984        0xc ../../libDaisy//build\libdaisy.a(stm32h7xx_hal_uart.o)
 .text.UART_DMAReceiveCplt
                0x0800d990       0x38 ../../libDaisy//build\libdaisy.a(stm32h7xx_hal_uart.o)
 .text.UART_DMARxHalfCplt
                0x0800d9c8        0xc ../../libDaisy//build\libdaisy.a(stm32h7xx_hal_uart.o)
 .text.UART_DMAError
                0x0800d9d4       0x78 ../../libDaisy//build\libdaisy.a(stm32h7xx_hal_uart.o)
 .text.HAL_UART_IRQHandler
                0x0800da4c      0x1d0 ../../libDaisy//build\libdaisy.a(stm32h7xx_hal_uart.o)
                0x0800da4c                HAL_UART_IRQHandler
 .text.UART_DMAAbortOnError
                0x0800dc1c       0x14 ../../libDaisy//build\libdaisy.a(stm32h7xx_hal_uart.o)
 .text.HAL_UART_GetState
                0x0800dc30        0xc ../../libDaisy//build\libdaisy.a(stm32h7xx_hal_uart.o)
                0x0800dc30                HAL_UART_GetState
 .text.UART_SetConfig
                0x0800dc3c     0x14b8 ../../libDaisy//build\libdaisy.a(stm32h7xx_hal_uart.o)
                0x0800dc3c                UART_SetConfig
 .text.UART_AdvFeatureConfig
                0x0800f0f4       0xb0 ../../libDaisy//build\libdaisy.a(stm32h7xx_hal_uart.o)
                0x0800f0f4                UART_AdvFeatureConfig
 .text.UART_CheckIdleState
                0x0800f1a4       0x84 ../../libDaisy//build\libdaisy.a(stm32h7xx_hal_uart.o)
                0x0800f1a4                UART_CheckIdleState
 .text.HAL_UART_Init
                0x0800f228       0x68 ../../libDaisy//build\libdaisy.a(stm32h7xx_hal_uart.o)
                0x0800f228                HAL_UART_Init
 .text.HAL_UARTEx_WakeupCallback
                0x0800f290        0x4 ../../libDaisy//build\libdaisy.a(stm32h7xx_hal_uart_ex.o)
                0x0800f290                HAL_UARTEx_WakeupCallback
 .text.HAL_UARTEx_RxFifoFullCallback
                0x0800f294        0x4 ../../libDaisy//build\libdaisy.a(stm32h7xx_hal_uart_ex.o)
                0x0800f294                HAL_UARTEx_RxFifoFullCallback
 .text.HAL_UARTEx_TxFifoEmptyCallback
                0x0800f298        0x4 ../../libDaisy//build\libdaisy.a(stm32h7xx_hal_uart_ex.o)
                0x0800f298                HAL_UARTEx_TxFifoEmptyCallback
 .text.HAL_UARTEx_DisableFifoMode
                0x0800f29c       0x3c ../../libDaisy//build\libdaisy.a(stm32h7xx_hal_uart_ex.o)
                0x0800f29c                HAL_UARTEx_DisableFifoMode
 .text.HAL_UARTEx_SetTxFifoThreshold
                0x0800f2d8       0x9c ../../libDaisy//build\libdaisy.a(stm32h7xx_hal_uart_ex.o)
                0x0800f2d8                HAL_UARTEx_SetTxFifoThreshold
 .text.HAL_UARTEx_SetRxFifoThreshold
                0x0800f374       0x9c ../../libDaisy//build\libdaisy.a(stm32h7xx_hal_uart_ex.o)
                0x0800f374                HAL_UARTEx_SetRxFifoThreshold
 .text.FMC_SDRAM_Init
                0x0800f410       0x7c ../../libDaisy//build\libdaisy.a(stm32h7xx_ll_fmc.o)
                0x0800f410                FMC_SDRAM_Init
 .text.FMC_SDRAM_Timing_Init
                0x0800f48c       0x98 ../../libDaisy//build\libdaisy.a(stm32h7xx_ll_fmc.o)
                0x0800f48c                FMC_SDRAM_Timing_Init
 .text.FMC_SDRAM_SendCommand
                0x0800f524       0x28 ../../libDaisy//build\libdaisy.a(stm32h7xx_ll_fmc.o)
                0x0800f524                FMC_SDRAM_SendCommand
 .text.FMC_SDRAM_ProgramRefreshRate
                0x0800f54c       0x1c ../../libDaisy//build\libdaisy.a(stm32h7xx_ll_fmc.o)
                0x0800f54c                FMC_SDRAM_ProgramRefreshRate
 .text.USB_CoreInit
                0x0800f568      0x124 ../../libDaisy//build\libdaisy.a(stm32h7xx_ll_usb.o)
                0x0800f568                USB_CoreInit
 .text.USB_SetTurnaroundTime
                0x0800f68c      0x104 ../../libDaisy//build\libdaisy.a(stm32h7xx_ll_usb.o)
                0x0800f68c                USB_SetTurnaroundTime
 .text.USB_EnableGlobalInt
                0x0800f790       0x10 ../../libDaisy//build\libdaisy.a(stm32h7xx_ll_usb.o)
                0x0800f790                USB_EnableGlobalInt
 .text.USB_DisableGlobalInt
                0x0800f7a0       0x10 ../../libDaisy//build\libdaisy.a(stm32h7xx_ll_usb.o)
                0x0800f7a0                USB_DisableGlobalInt
 .text.USB_SetCurrentMode
                0x0800f7b0       0x30 ../../libDaisy//build\libdaisy.a(stm32h7xx_ll_usb.o)
                0x0800f7b0                USB_SetCurrentMode
 .text.USB_DevInit
                0x0800f7e0      0x20c ../../libDaisy//build\libdaisy.a(stm32h7xx_ll_usb.o)
                0x0800f7e0                USB_DevInit
 .text.USB_FlushTxFifo
                0x0800f9ec       0x34 ../../libDaisy//build\libdaisy.a(stm32h7xx_ll_usb.o)
                0x0800f9ec                USB_FlushTxFifo
 .text.USB_GetDevSpeed
                0x0800fa20       0x24 ../../libDaisy//build\libdaisy.a(stm32h7xx_ll_usb.o)
                0x0800fa20                USB_GetDevSpeed
 .text.USB_ActivateEndpoint
                0x0800fa44       0x90 ../../libDaisy//build\libdaisy.a(stm32h7xx_ll_usb.o)
                0x0800fa44                USB_ActivateEndpoint
 .text.USB_DeactivateEndpoint
                0x0800fad4       0x84 ../../libDaisy//build\libdaisy.a(stm32h7xx_ll_usb.o)
                0x0800fad4                USB_DeactivateEndpoint
 .text.USB_EPStartXfer
                0x0800fb58      0x230 ../../libDaisy//build\libdaisy.a(stm32h7xx_ll_usb.o)
                0x0800fb58                USB_EPStartXfer
 .text.USB_EP0StartXfer
                0x0800fd88      0x174 ../../libDaisy//build\libdaisy.a(stm32h7xx_ll_usb.o)
                0x0800fd88                USB_EP0StartXfer
 .text.USB_WritePacket
                0x0800fefc       0x2c ../../libDaisy//build\libdaisy.a(stm32h7xx_ll_usb.o)
                0x0800fefc                USB_WritePacket
 .text.USB_ReadPacket
                0x0800ff28       0x20 ../../libDaisy//build\libdaisy.a(stm32h7xx_ll_usb.o)
                0x0800ff28                USB_ReadPacket
 .text.USB_EPSetStall
                0x0800ff48       0x68 ../../libDaisy//build\libdaisy.a(stm32h7xx_ll_usb.o)
                0x0800ff48                USB_EPSetStall
 .text.USB_EPClearStall
                0x0800ffb0       0x58 ../../libDaisy//build\libdaisy.a(stm32h7xx_ll_usb.o)
                0x0800ffb0                USB_EPClearStall
 .text.USB_SetDevAddress
                0x08010008       0x24 ../../libDaisy//build\libdaisy.a(stm32h7xx_ll_usb.o)
                0x08010008                USB_SetDevAddress
 .text.USB_DevConnect
                0x0801002c       0x1c ../../libDaisy//build\libdaisy.a(stm32h7xx_ll_usb.o)
                0x0801002c                USB_DevConnect
 .text.USB_DevDisconnect
                0x08010048       0x1c ../../libDaisy//build\libdaisy.a(stm32h7xx_ll_usb.o)
                0x08010048                USB_DevDisconnect
 .text.USB_ReadInterrupts
                0x08010064       0x14 ../../libDaisy//build\libdaisy.a(stm32h7xx_ll_usb.o)
                0x08010064                USB_ReadInterrupts
 .text.USB_ReadDevAllOutEpInterrupt
                0x08010078       0x1c ../../libDaisy//build\libdaisy.a(stm32h7xx_ll_usb.o)
                0x08010078                USB_ReadDevAllOutEpInterrupt
 .text.USB_ReadDevAllInEpInterrupt
                0x08010094       0x1c ../../libDaisy//build\libdaisy.a(stm32h7xx_ll_usb.o)
                0x08010094                USB_ReadDevAllInEpInterrupt
 .text.USB_ReadDevOutEPInterrupt
                0x080100b0       0x1c ../../libDaisy//build\libdaisy.a(stm32h7xx_ll_usb.o)
                0x080100b0                USB_ReadDevOutEPInterrupt
 .text.USB_ReadDevInEPInterrupt
                0x080100cc       0x38 ../../libDaisy//build\libdaisy.a(stm32h7xx_ll_usb.o)
                0x080100cc                USB_ReadDevInEPInterrupt
 .text.USB_GetMode
                0x08010104        0x8 ../../libDaisy//build\libdaisy.a(stm32h7xx_ll_usb.o)
                0x08010104                USB_GetMode
 .text.USB_ActivateSetup
                0x0801010c       0x38 ../../libDaisy//build\libdaisy.a(stm32h7xx_ll_usb.o)
                0x0801010c                USB_ActivateSetup
 .text.USB_EP0_OutStart
                0x08010144       0x58 ../../libDaisy//build\libdaisy.a(stm32h7xx_ll_usb.o)
                0x08010144                USB_EP0_OutStart
 .text.USB_InitFSLSPClkSel
                0x0801019c       0x44 ../../libDaisy//build\libdaisy.a(stm32h7xx_ll_usb.o)
                0x0801019c                USB_InitFSLSPClkSel
 .text.USB_HC_ReadInterrupt
                0x080101e0        0x8 ../../libDaisy//build\libdaisy.a(stm32h7xx_ll_usb.o)
                0x080101e0                USB_HC_ReadInterrupt
 .text.USB_HC_Halt
                0x080101e8       0xc0 ../../libDaisy//build\libdaisy.a(stm32h7xx_ll_usb.o)
                0x080101e8                USB_HC_Halt
 .text.USB_StopHost
                0x080102a8      0x2ec ../../libDaisy//build\libdaisy.a(stm32h7xx_ll_usb.o)
                0x080102a8                USB_StopHost
 .text.USBD_CDC_EP0_RxReady
                0x08010594       0x2c ../../libDaisy//build\libdaisy.a(usbd_cdc.o)
 .text.USBD_CDC_GetFSCfgDesc
                0x080105c0       0x24 ../../libDaisy//build\libdaisy.a(usbd_cdc.o)
 .text.USBD_CDC_GetHSCfgDesc
                0x080105e4       0x24 ../../libDaisy//build\libdaisy.a(usbd_cdc.o)
 .text.USBD_CDC_GetOtherSpeedCfgDesc
                0x08010608       0x24 ../../libDaisy//build\libdaisy.a(usbd_cdc.o)
 .text.USBD_CDC_GetDeviceQualifierDescriptor
                0x0801062c       0x10 ../../libDaisy//build\libdaisy.a(usbd_cdc.o)
                0x0801062c                USBD_CDC_GetDeviceQualifierDescriptor
 .text.USBD_CDC_DataOut
                0x0801063c       0x30 ../../libDaisy//build\libdaisy.a(usbd_cdc.o)
 .text.USBD_CDC_DataIn
                0x0801066c       0x50 ../../libDaisy//build\libdaisy.a(usbd_cdc.o)
 .text.USBD_CDC_Setup
                0x080106bc       0xcc ../../libDaisy//build\libdaisy.a(usbd_cdc.o)
 .text.USBD_CDC_DeInit
                0x08010788       0x44 ../../libDaisy//build\libdaisy.a(usbd_cdc.o)
 .text.USBD_CDC_Init
                0x080107cc       0x94 ../../libDaisy//build\libdaisy.a(usbd_cdc.o)
 .text.USBD_CDC_RegisterInterface
                0x08010860       0x10 ../../libDaisy//build\libdaisy.a(usbd_cdc.o)
                0x08010860                USBD_CDC_RegisterInterface
 .text.USBD_CDC_SetTxBuffer
                0x08010870       0x14 ../../libDaisy//build\libdaisy.a(usbd_cdc.o)
                0x08010870                USBD_CDC_SetTxBuffer
 .text.USBD_CDC_SetRxBuffer
                0x08010884       0x10 ../../libDaisy//build\libdaisy.a(usbd_cdc.o)
                0x08010884                USBD_CDC_SetRxBuffer
 .text.USBD_CDC_TransmitPacket
                0x08010894       0x34 ../../libDaisy//build\libdaisy.a(usbd_cdc.o)
                0x08010894                USBD_CDC_TransmitPacket
 .text.USBD_CDC_ReceivePacket
                0x080108c8       0x38 ../../libDaisy//build\libdaisy.a(usbd_cdc.o)
                0x080108c8                USBD_CDC_ReceivePacket
 .text.USBD_Init
                0x08010900       0x44 ../../libDaisy//build\libdaisy.a(usbd_core.o)
                0x08010900                USBD_Init
 .text.USBD_RegisterClass
                0x08010944       0x2c ../../libDaisy//build\libdaisy.a(usbd_core.o)
                0x08010944                USBD_RegisterClass
 .text.USBD_Start
                0x08010970        0xc ../../libDaisy//build\libdaisy.a(usbd_core.o)
                0x08010970                USBD_Start
 .text.USBD_SetClassConfig
                0x0801097c       0x14 ../../libDaisy//build\libdaisy.a(usbd_core.o)
                0x0801097c                USBD_SetClassConfig
 .text.USBD_ClrClassConfig
                0x08010990       0x10 ../../libDaisy//build\libdaisy.a(usbd_core.o)
                0x08010990                USBD_ClrClassConfig
 .text.USBD_LL_SetupStage
                0x080109a0       0x5c ../../libDaisy//build\libdaisy.a(usbd_core.o)
                0x080109a0                USBD_LL_SetupStage
 .text.USBD_LL_DataOutStage
                0x080109fc       0x7c ../../libDaisy//build\libdaisy.a(usbd_core.o)
                0x080109fc                USBD_LL_DataOutStage
 .text.USBD_LL_DataInStage
                0x08010a78       0xcc ../../libDaisy//build\libdaisy.a(usbd_core.o)
                0x08010a78                USBD_LL_DataInStage
 .text.USBD_LL_Reset
                0x08010b44       0x50 ../../libDaisy//build\libdaisy.a(usbd_core.o)
                0x08010b44                USBD_LL_Reset
 .text.USBD_LL_SetSpeed
                0x08010b94        0x8 ../../libDaisy//build\libdaisy.a(usbd_core.o)
                0x08010b94                USBD_LL_SetSpeed
 .text.USBD_LL_Suspend
                0x08010b9c       0x14 ../../libDaisy//build\libdaisy.a(usbd_core.o)
                0x08010b9c                USBD_LL_Suspend
 .text.USBD_LL_Resume
                0x08010bb0       0x10 ../../libDaisy//build\libdaisy.a(usbd_core.o)
                0x08010bb0                USBD_LL_Resume
 .text.USBD_LL_SOF
                0x08010bc0       0x1c ../../libDaisy//build\libdaisy.a(usbd_core.o)
                0x08010bc0                USBD_LL_SOF
 .text.USBD_LL_IsoINIncomplete
                0x08010bdc        0x4 ../../libDaisy//build\libdaisy.a(usbd_core.o)
                0x08010bdc                USBD_LL_IsoINIncomplete
 .text.USBD_LL_IsoOUTIncomplete
                0x08010be0        0x4 ../../libDaisy//build\libdaisy.a(usbd_core.o)
                0x08010be0                USBD_LL_IsoOUTIncomplete
 .text.USBD_LL_DevConnected
                0x08010be4        0x4 ../../libDaisy//build\libdaisy.a(usbd_core.o)
                0x08010be4                USBD_LL_DevConnected
 .text.USBD_LL_DevDisconnected
                0x08010be8       0x18 ../../libDaisy//build\libdaisy.a(usbd_core.o)
                0x08010be8                USBD_LL_DevDisconnected
 .text.USBD_StdDevReq
                0x08010c00      0x304 ../../libDaisy//build\libdaisy.a(usbd_ctlreq.o)
                0x08010c00                USBD_StdDevReq
 .text.USBD_StdItfReq
                0x08010f04       0x68 ../../libDaisy//build\libdaisy.a(usbd_ctlreq.o)
                0x08010f04                USBD_StdItfReq
 .text.USBD_StdEPReq
                0x08010f6c      0x13c ../../libDaisy//build\libdaisy.a(usbd_ctlreq.o)
                0x08010f6c                USBD_StdEPReq
 .text.USBD_ParseSetupRequest
                0x080110a8       0x28 ../../libDaisy//build\libdaisy.a(usbd_ctlreq.o)
                0x080110a8                USBD_ParseSetupRequest
 .text.USBD_CtlError
                0x080110d0       0x18 ../../libDaisy//build\libdaisy.a(usbd_ctlreq.o)
                0x080110d0                USBD_CtlError
 .text.USBD_GetString
                0x080110e8       0x54 ../../libDaisy//build\libdaisy.a(usbd_ctlreq.o)
                0x080110e8                USBD_GetString
 .text.USBD_CtlSendData
                0x0801113c       0x1c ../../libDaisy//build\libdaisy.a(usbd_ioreq.o)
                0x0801113c                USBD_CtlSendData
 .text.USBD_CtlContinueSendData
                0x08011158       0x14 ../../libDaisy//build\libdaisy.a(usbd_ioreq.o)
                0x08011158                USBD_CtlContinueSendData
 .text.USBD_CtlPrepareRx
                0x0801116c       0x1c ../../libDaisy//build\libdaisy.a(usbd_ioreq.o)
                0x0801116c                USBD_CtlPrepareRx
 .text.USBD_CtlContinueRx
                0x08011188       0x14 ../../libDaisy//build\libdaisy.a(usbd_ioreq.o)
                0x08011188                USBD_CtlContinueRx
 .text.USBD_CtlSendStatus