Archive member included to satisfy reference by file (symbol)

../../libDaisy//build\libdaisy.a(daisy_pod.o)
                              build/Application.o (daisy::DaisyPod::StartAudio(void (*)(float const* const*, float**, unsigned int)))
../../libDaisy//build\libdaisy.a(daisy_seed.o)
                              ../../libDaisy//build\libdaisy.a(daisy_pod.o) (daisy::DaisySeed::Configure())
../../libDaisy//build\libdaisy.a(codec_ak4556.o)
                              ../../libDaisy//build\libdaisy.a(daisy_seed.o) (daisy::Ak4556::Init(dsy_gpio_pin))
../../libDaisy//build\libdaisy.a(codec_wm8731.o)
                              ../../libDaisy//build\libdaisy.a(daisy_seed.o) (daisy::Wm8731::Init(daisy::Wm8731::Config const&, daisy::I2CHandle))
../../libDaisy//build\libdaisy.a(sdram.o)
                              ../../libDaisy//build\libdaisy.a(daisy_seed.o) (SdramHandle::Init())
../../libDaisy//build\libdaisy.a(audio.o)
                              ../../libDaisy//build\libdaisy.a(daisy_seed.o) (daisy::AudioHandle::Init(daisy::AudioHandle::Config const&, daisy::SaiHandle))
../../libDaisy//build\libdaisy.a(ctrl.o)
                              ../../libDaisy//build\libdaisy.a(daisy_pod.o) (daisy::AnalogControl::Init(unsigned short*, float, bool, bool, float))
../../libDaisy//build\libdaisy.a(encoder.o)
                              ../../libDaisy//build\libdaisy.a(daisy_pod.o) (daisy::Encoder::Init(dsy_gpio_pin, dsy_gpio_pin, dsy_gpio_pin, float))
../../libDaisy//build\libdaisy.a(logger.o)
                              build/Controller.o (daisy::Logger<(daisy::LoggerDestination)1>::Print(char const*, ...))
../../libDaisy//build\libdaisy.a(midi.o)
                              build/Application.o (daisy::MidiUartTransport::Config::Config())
../../libDaisy//build\libdaisy.a(midi_parser.o)
                              ../../libDaisy//build\libdaisy.a(daisy_pod.o) (daisy::MidiParser::Reset())
../../libDaisy//build\libdaisy.a(rgb_led.o)
                              ../../libDaisy//build\libdaisy.a(daisy_pod.o) (daisy::RgbLed::Init(dsy_gpio_pin, dsy_gpio_pin, dsy_gpio_pin, bool))
../../libDaisy//build\libdaisy.a(switch.o)
                              ../../libDaisy//build\libdaisy.a(daisy_pod.o) (daisy::Switch::Init(dsy_gpio_pin, float))
../../libDaisy//build\libdaisy.a(usb.o)
                              ../../libDaisy//build\libdaisy.a(logger.o) (daisy::UsbHandle::Init(daisy::UsbHandle::UsbPeriph))
../../libDaisy//build\libdaisy.a(adc.o)
                              ../../libDaisy//build\libdaisy.a(daisy_pod.o) (daisy::AdcChannelConfig::InitSingle(dsy_gpio_pin, daisy::AdcChannelConfig::ConversionSpeed))
../../libDaisy//build\libdaisy.a(gpio.o)
                              ../../libDaisy//build\libdaisy.a(daisy_seed.o) (daisy::GPIO::Init(daisy::Pin, daisy::GPIO::Mode, daisy::GPIO::Pull, daisy::GPIO::Speed))
../../libDaisy//build\libdaisy.a(i2c.o)
                              ../../libDaisy//build\libdaisy.a(daisy_seed.o) (daisy::I2CHandle::Init(daisy::I2CHandle::Config const&))
../../libDaisy//build\libdaisy.a(qspi.o)
                              ../../libDaisy//build\libdaisy.a(daisy_seed.o) (daisy::QSPIHandle::Init(daisy::QSPIHandle::Config const&))
../../libDaisy//build\libdaisy.a(sai.o)
                              ../../libDaisy//build\libdaisy.a(daisy_seed.o) (daisy::SaiHandle::Init(daisy::SaiHandle::Config const&))
../../libDaisy//build\libdaisy.a(uart.o)
                              ../../libDaisy//build\libdaisy.a(daisy_pod.o) (daisy::UartHandler::Init(daisy::UartHandler::Config const&))
../../libDaisy//build\libdaisy.a(dma.o)
                              ../../libDaisy//build\libdaisy.a(uart.o) (dsy_dma_invalidate_cache_for_buffer)
../../libDaisy//build\libdaisy.a(system.o)
                              ../../libDaisy//build\libdaisy.a(daisy_seed.o) (daisy::System::DeInit())
../../libDaisy//build\libdaisy.a(system_stm32h7xx.o)
                              build/startup_stm32h750xx.o (SystemInit)
../../libDaisy//build\libdaisy.a(usbd_cdc_if.o)
                              ../../libDaisy//build\libdaisy.a(usb.o) (CDC_Transmit_FS)
../../libDaisy//build\libdaisy.a(usbd_conf.o)
                              ../../libDaisy//build\libdaisy.a(system.o) (hpcd_USB_OTG_HS)
../../libDaisy//build\libdaisy.a(usbd_desc.o)
                              ../../libDaisy//build\libdaisy.a(usb.o) (HS_Desc)
../../libDaisy//build\libdaisy.a(usbh_conf.o)
                              ../../libDaisy//build\libdaisy.a(system.o) (hhcd_USB_OTG_HS)
../../libDaisy//build\libdaisy.a(color.o)
                              build/Application.o (daisy::Color::Init(daisy::Color::PresetColor))
../../libDaisy//build\libdaisy.a(hal_map.o)
                              ../../libDaisy//build\libdaisy.a(gpio.o) (dsy_hal_map_get_port)
../../libDaisy//build\libdaisy.a(stm32h7xx_hal.o)
                              ../../libDaisy//build\libdaisy.a(system.o) (HAL_Init)
../../libDaisy//build\libdaisy.a(stm32h7xx_hal_adc.o)
[...]
Memory Configuration

Name             Origin             Length             Attributes
FLASH            0x08000000         0x00020000         xr
DTCMRAM          0x20000000         0x00020000         xrw
SRAM             0x24000000         0x00080000         xrw
RAM_D2           0x30000000         0x00048000         xrw
RAM_D3           0x38000000         0x00010000         xrw
BACKUP_SRAM      0x38800000         0x00001000         xrw
ITCMRAM          0x00000000         0x00010000         xrw
SDRAM            0xc0000000         0x04000000         xrw
QSPIFLASH        0x90000000         0x00800000         xr
*default*        0x00000000         0xffffffff

Linker script and memory map

LOAD c:/program files/daisytoolchain/bin/../lib/gcc/arm-none-eabi/10.2.1/thumb/v7e-m+dp/hard/crti.o
LOAD c:/program files/daisytoolchain/bin/../lib/gcc/arm-none-eabi/10.2.1/thumb/v7e-m+dp/hard/crtbegin.o
LOAD c:/program files/daisytoolchain/bin/../lib/gcc/arm-none-eabi/10.2.1/../../../../arm-none-eabi/lib/thumb/v7e-m+dp/hard/crt0.o
LOAD build/startup_stm32h750xx.o
LOAD build/Application.o
LOAD build/Controller.o
LOAD build/Equalizer.o
LOAD build/IIRFilter.o
LOAD build/Algorithm.o
LOAD build/HighShelfFilter.o
LOAD build/LowShelfFilter.o
LOAD ../../libDaisy//build\libdaisy.a
LOAD c:/program files/daisytoolchain/bin/../lib/gcc/arm-none-eabi/10.2.1/../../../../arm-none-eabi/lib/thumb/v7e-m+dp/hard\libnosys.a
LOAD ../../DaisySP//build\libdaisysp.a
LOAD c:/program files/daisytoolchain/bin/../lib/gcc/arm-none-eabi/10.2.1/../../../../arm-none-eabi/lib/thumb/v7e-m+dp/hard\libstdc++_nano.a
LOAD c:/program files/daisytoolchain/bin/../lib/gcc/arm-none-eabi/10.2.1/../../../../arm-none-eabi/lib/thumb/v7e-m+dp/hard\libm.a
LOAD c:/program files/daisytoolchain/bin/../lib/gcc/arm-none-eabi/10.2.1/../../../../arm-none-eabi/lib/thumb/v7e-m+dp/hard\libc_nano.a
START GROUP
LOAD c:/program files/daisytoolchain/bin/../lib/gcc/arm-none-eabi/10.2.1/thumb/v7e-m+dp/hard\libgcc.a
LOAD c:/program files/daisytoolchain/bin/../lib/gcc/arm-none-eabi/10.2.1/../../../../arm-none-eabi/lib/thumb/v7e-m+dp/hard\libc_nano.a
END GROUP
START GROUP
LOAD c:/program files/daisytoolchain/bin/../lib/gcc/arm-none-eabi/10.2.1/thumb/v7e-m+dp/hard\libgcc.a
LOAD c:/program files/daisytoolchain/bin/../lib/gcc/arm-none-eabi/10.2.1/../../../../arm-none-eabi/lib/thumb/v7e-m+dp/hard\libc_nano.a
LOAD c:/program files/daisytoolchain/bin/../lib/gcc/arm-none-eabi/10.2.1/../../../../arm-none-eabi/lib/thumb/v7e-m+dp/hard\libnosys.a
END GROUP
START GROUP
LOAD c:/program files/daisytoolchain/bin/../lib/gcc/arm-none-eabi/10.2.1/thumb/v7e-m+dp/hard\libgcc.a
LOAD c:/program files/daisytoolchain/bin/../lib/gcc/arm-none-eabi/10.2.1/../../../../arm-none-eabi/lib/thumb/v7e-m+dp/hard\libc_nano.a
LOAD c:/program files/daisytoolchain/bin/../lib/gcc/arm-none-eabi/10.2.1/../../../../arm-none-eabi/lib/thumb/v7e-m+dp/hard\libnosys.a
END GROUP
LOAD c:/program files/daisytoolchain/bin/../lib/gcc/arm-none-eabi/10.2.1/thumb/v7e-m+dp/hard/crtend.o
LOAD c:/program files/daisytoolchain/bin/../lib/gcc/arm-none-eabi/10.2.1/thumb/v7e-m+dp/hard/crtn.o
                0x20020000                _estack = 0x20020000

.isr_vector     0x08000000      0x298
                0x08000000                . = ALIGN (0x4)
 *(.isr_vector)
 .isr_vector    0x08000000      0x298 build/startup_stm32h750xx.o
                0x08000000                g_pfnVectors
                0x08000298                . = ALIGN (0x4)

.text           0x080002a0    0x172e4
                0x080002a0                . = ALIGN (0x4)
                0x080002a0                _stext = .
 *(.text)
 .text          0x080002a0       0x40 c:/program files/daisytoolchain/bin/../lib/gcc/arm-none-eabi/10.2.1/thumb/v7e-m+dp/hard/crtbegin.o
 .text          0x080002e0       0x10 c:/program files/daisytoolchain/bin/../lib/gcc/arm-none-eabi/10.2.1/../../../../arm-none-eabi/lib/thumb/v7e-m+dp/hard\libc_nano.a(lib_a-strlen.o)
                0x080002e0                strlen
 .text          0x080002f0       0xa0 c:/program files/daisytoolchain/bin/../lib/gcc/arm-none-eabi/10.2.1/../../../../arm-none-eabi/lib/thumb/v7e-m+dp/hard\libc_nano.a(lib_a-memchr.o)
                0x080002f0                memchr
 .text          0x08000390      0x378 c:/program files/daisytoolchain/bin/../lib/gcc/arm-none-eabi/10.2.1/thumb/v7e-m+dp/hard\libgcc.a(_arm_addsubdf3.o)
                0x08000390                __aeabi_drsub
                0x08000398                __aeabi_dsub
                0x08000398                __subdf3
                0x0800039c                __aeabi_dadd
                0x0800039c                __adddf3
                0x08000614                __floatunsidf
                0x08000614                __aeabi_ui2d
                0x08000634                __floatsidf
                0x08000634                __aeabi_i2d
                0x08000658                __aeabi_f2d
                0x08000658                __extendsfdf2
                0x0800069c                __floatundidf
                0x0800069c                __aeabi_ul2d
                0x080006ac                __floatdidf
                0x080006ac                __aeabi_l2d
 .text          0x08000708       0x30 c:/program files/daisytoolchain/bin/../lib/gcc/arm-none-eabi/10.2.1/thumb/v7e-m+dp/hard\libgcc.a(_aeabi_uldivmod.o)
                0x08000708                __aeabi_uldivmod
 .text          0x08000738      0x2d0 c:/program files/daisytoolchain/bin/../lib/gcc/arm-none-eabi/10.2.1/thumb/v7e-m+dp/hard\libgcc.a(_udivmoddi4.o)
                0x08000738                __udivmoddi4
 .text          0x08000a08        0x4 c:/program files/daisytoolchain/bin/../lib/gcc/arm-none-eabi/10.2.1/thumb/v7e-m+dp/hard\libgcc.a(_dvmd_tls.o)
                0x08000a08                __aeabi_idiv0
                0x08000a08                __aeabi_ldiv0
 *(.text*)
 .text.Default_Handler
                0x08000a0c        0x4 build/startup_stm32h750xx.o
                0x08000a0c                RTC_Alarm_IRQHandler
                0x08000a0c                HASH_RNG_IRQHandler
                0x08000a0c                EXTI2_IRQHandler
                0x08000a0c                TIM8_CC_IRQHandler
                0x08000a0c                HRTIM1_Master_IRQHandler
                0x08000a0c                DebugMon_Handler
                0x08000a0c                TIM1_CC_IRQHandler
                0x08000a0c                BDMA_Channel6_IRQHandler
                0x08000a0c                DMA2_Stream5_IRQHandler
                0x08000a0c                HRTIM1_FLT_IRQHandler
                0x08000a0c                JPEG_IRQHandler
                0x08000a0c                BDMA_Channel1_IRQHandler
                0x08000a0c                HRTIM1_TIMD_IRQHandler
                0x08000a0c                TAMP_STAMP_IRQHandler
                0x08000a0c                PendSV_Handler
                0x08000a0c                NMI_Handler
                0x08000a0c                EXTI3_IRQHandler
                0x08000a0c                LPTIM4_IRQHandler
                0x08000a0c                TIM8_TRG_COM_TIM14_IRQHandler
                0x08000a0c                LPTIM2_IRQHandler
                0x08000a0c                DFSDM1_FLT1_IRQHandler
                0x08000a0c                DMAMUX2_OVR_IRQHandler
                0x08000a0c                TIM8_UP_TIM13_IRQHandler
                0x08000a0c                I2C3_ER_IRQHandler
                0x08000a0c                DFSDM1_FLT2_IRQHandler
                0x08000a0c                MDMA_IRQHandler
                0x08000a0c                LPTIM3_IRQHandler
                0x08000a0c                HSEM1_IRQHandler
                0x08000a0c                EXTI0_IRQHandler
                0x08000a0c                FPU_IRQHandler
                0x08000a0c                OTG_HS_WKUP_IRQHandler
                0x08000a0c                FDCAN1_IT1_IRQHandler
                0x08000a0c                UsageFault_Handler
                0x08000a0c                LTDC_ER_IRQHandler
                0x08000a0c                HRTIM1_TIME_IRQHandler
                0x08000a0c                TIM6_DAC_IRQHandler
                0x08000a0c                DCMI_IRQHandler
                0x08000a0c                HRTIM1_TIMC_IRQHandler
                0x08000a0c                SAI2_IRQHandler
                0x08000a0c                DFSDM1_FLT3_IRQHandler
                0x08000a0c                TIM17_IRQHandler
                0x08000a0c                CRYP_IRQHandler
                0x08000a0c                BDMA_Channel7_IRQHandler
                0x08000a0c                LPTIM5_IRQHandler
                0x08000a0c                ADC3_IRQHandler
                0x08000a0c                DMA2_Stream0_IRQHandler
                0x08000a0c                BDMA_Channel2_IRQHandler
                0x08000a0c                DMAMUX1_OVR_IRQHandler
                0x08000a0c                TIM16_IRQHandler
                0x08000a0c                BDMA_Channel5_IRQHandler
                0x08000a0c                RCC_IRQHandler
                0x08000a0c                TIM8_BRK_TIM12_IRQHandler
                0x08000a0c                TIM1_TRG_COM_IRQHandler
                0x08000a0c                Default_Handler
                0x08000a0c                ECC_IRQHandler
                0x08000a0c                CEC_IRQHandler
                0x08000a0c                EXTI15_10_IRQHandler
                0x08000a0c                BDMA_Channel0_IRQHandler
                0x08000a0c                ADC_IRQHandler
                0x08000a0c                DMA1_Stream7_IRQHandler
                0x08000a0c                HRTIM1_TIMA_IRQHandler
                0x08000a0c                TIM7_IRQHandler
                0x08000a0c                SDMMC1_IRQHandler
                0x08000a0c                DMA2_Stream7_IRQHandler
                0x08000a0c                TIM15_IRQHandler
                0x08000a0c                PVD_AVD_IRQHandler
                0x08000a0c                EXTI9_5_IRQHandler
                0x08000a0c                RTC_WKUP_IRQHandler
                0x08000a0c                LTDC_IRQHandler
                0x08000a0c                SAI3_IRQHandler
                0x08000a0c                ETH_WKUP_IRQHandler
                0x08000a0c                SPDIF_RX_IRQHandler
                0x08000a0c                MemManage_Handler
                0x08000a0c                SVC_Handler
                0x08000a0c                CRS_IRQHandler
                0x08000a0c                EXTI4_IRQHandler
                0x08000a0c                HRTIM1_TIMB_IRQHandler
                0x08000a0c                FDCAN2_IT1_IRQHandler
                0x08000a0c                ETH_IRQHandler
                0x08000a0c                TIM1_UP_IRQHandler
                0x08000a0c                BDMA_Channel4_IRQHandler
                0x08000a0c                WWDG_IRQHandler
                0x08000a0c                SPI6_IRQHandler
                0x08000a0c                I2C4_EV_IRQHandler
                0x08000a0c                MDIOS_IRQHandler
                0x08000a0c                FDCAN2_IT0_IRQHandler
                0x08000a0c                FDCAN1_IT0_IRQHandler
                0x08000a0c                OTG_FS_WKUP_IRQHandler
                0x08000a0c                DMA2D_IRQHandler
                0x08000a0c                TIM1_BRK_IRQHandler
                0x08000a0c                EXTI1_IRQHandler
                0x08000a0c                SDMMC2_IRQHandler
                0x08000a0c                BDMA_Channel3_IRQHandler
                0x08000a0c                MDIOS_WKUP_IRQHandler
                0x08000a0c                DFSDM1_FLT0_IRQHandler
                0x08000a0c                SAI4_IRQHandler
                0x08000a0c                I2C2_ER_IRQHandler
                0x08000a0c                DMA2_Stream1_IRQHandler
                0x08000a0c                FLASH_IRQHandler
                0x08000a0c                BusFault_Handler
                0x08000a0c                WAKEUP_PIN_IRQHandler
                0x08000a0c                I2C1_ER_IRQHandler
                0x08000a0c                FMC_IRQHandler
                0x08000a0c                FDCAN_CAL_IRQHandler
                0x08000a0c                SWPMI1_IRQHandler
                0x08000a0c                COMP1_IRQHandler
                0x08000a0c                LPTIM1_IRQHandler
                0x08000a0c                I2C4_ER_IRQHandler
                0x08000a0c                DMA2_Stream6_IRQHandler
                0x08000a0c                SAI1_IRQHandler
 .text.Reset_Handler
                0x08000a10       0x44 build/startup_stm32h750xx.o
                0x08000a10                Reset_Handler
 .text._ZN5daisy8DaisyPodD2Ev
                0x08000a54        0x4 build/Application.o
                0x08000a54                daisy::DaisyPod::~DaisyPod()
                0x08000a54                daisy::DaisyPod::~DaisyPod()
 .text.__tcf_0  0x08000a58        0x4 build/Application.o
 .text.startup.main
                0x08000a5c      0x204 build/Application.o
                0x08000a5c                main
 .text.startup._GLOBAL__sub_I__Z13AudioCallbackPKPKfPPfj
                0x08000c60       0xc0 build/Application.o
 .text._Z13AudioCallbackPKPKfPPfj
                0x08000d20       0x80 build/Application.o
                0x08000d20                AudioCallback(float const* const*, float**, unsigned int)
 .text._ZN10ControllerD2Ev
                0x08000da0        0x4 build/Controller.o
                0x08000da0                Controller::~Controller()
                0x08000da0                Controller::~Controller()
 .text._ZN10ControllerD0Ev
                0x08000da4       0x10 build/Controller.o
                0x08000da4                Controller::~Controller()
 .text._ZN10ControllerC2EP9EqualizerS1_PN5daisy8DaisyPodE
                0x08000db4       0x14 build/Controller.o
                0x08000db4                Controller::Controller(Equalizer*, Equalizer*, daisy::DaisyPod*)
                0x08000db4                Controller::Controller(Equalizer*, Equalizer*, daisy::DaisyPod*)
 .text._ZN10Controller6adjustEs
                0x08000dc8       0x88 build/Controller.o
                0x08000dc8                Controller::adjust(short)
 .text._ZN10Controller9setBypassEb
                0x08000e50       0x10 build/Controller.o
                0x08000e50                Controller::setBypass(bool)
 .text._ZN10Controller10printStateEmf
                0x08000e60       0x74 build/Controller.o
                0x08000e60                Controller::printState(unsigned long, float)
 .text._ZN9Equalizer7ProcessEf
                0x08000ed4       0x20 build/Equalizer.o
                0x08000ed4                Equalizer::Process(float)
 .text._ZN9EqualizerC2Ev
                0x08000ef4       0x3c build/Equalizer.o
                0x08000ef4                Equalizer::Equalizer()
                0x08000ef4                Equalizer::Equalizer()
 .text._ZN9Equalizer18updateEQParametersEs
                0x08000f30      0x124 build/Equalizer.o
                0x08000f30                Equalizer::updateEQParameters(short)
 .text._ZN9Equalizer12decParameterEs9PARAMETERf
                0x08001054       0x7c build/Equalizer.o
                0x08001054                Equalizer::decParameter(short, PARAMETER, float)
 .text._ZN9Equalizer12incParameterEs9PARAMETERf
                0x080010d0       0x7c build/Equalizer.o
                0x080010d0                Equalizer::incParameter(short, PARAMETER, float)
 .text._ZN9Equalizer12getParameterEs9PARAMETER
                0x0800114c       0x40 build/Equalizer.o
                0x0800114c                Equalizer::getParameter(short, PARAMETER)
 .text._ZN9EqualizerD2Ev
                0x0800118c       0x3c build/Equalizer.o
                0x0800118c                Equalizer::~Equalizer()
                0x0800118c                Equalizer::~Equalizer()
 .text._ZN9EqualizerD0Ev
                0x080011c8       0x44 build/Equalizer.o
                0x080011c8                Equalizer::~Equalizer()
 .text._ZN9Equalizer4InitEi
                0x0800120c       0xd0 build/Equalizer.o
                0x0800120c                Equalizer::Init(int)
 .text._ZN9Equalizer4InitEv
                0x080012dc        0x8 build/Equalizer.o
                0x080012dc                Equalizer::Init()
 .text._ZN9IIRFilter4InitEv
                0x080012e4       0x1c build/IIRFilter.o
                0x080012e4                IIRFilter::Init()
 .text._ZN9IIRFilter7ProcessEf
                0x08001300       0x50 build/IIRFilter.o
                0x08001300                IIRFilter::Process(float)
 .text._ZN9IIRFilterD2Ev
                0x08001350       0x14 build/IIRFilter.o
                0x08001350                IIRFilter::~IIRFilter()
                0x08001350                IIRFilter::~IIRFilter()
 .text._ZN9IIRFilterD0Ev
                0x08001364       0x1c build/IIRFilter.o
                0x08001364                IIRFilter::~IIRFilter()
 .text._ZN9IIRFilterC2Ev
                0x08001380       0x14 build/IIRFilter.o
                0x08001380                IIRFilter::IIRFilter()
                0x08001380                IIRFilter::IIRFilter()
 *fill*         0x08001394        0x4 
 .text._ZN9IIRFilter10makePeakEQEffff
                0x08001398       0xb0 build/IIRFilter.o
                0x08001398                IIRFilter::makePeakEQ(float, float, float, float)
 .text._ZN9AlgorithmC2Ev
                0x08001448        0xc build/Algorithm.o
                0x08001448                Algorithm::Algorithm()
                0x08001448                Algorithm::Algorithm()
 .text._ZN9AlgorithmD2Ev
                0x08001454        0x4 build/Algorithm.o
                0x08001454                Algorithm::~Algorithm()
                0x08001454                Algorithm::~Algorithm()
 .text._ZN15HighShelfFilter4InitEv
                0x08001458       0x18 build/HighShelfFilter.o
                0x08001458                HighShelfFilter::Init()
 .text._ZN15HighShelfFilter7ProcessEf
                0x08001470       0x50 build/HighShelfFilter.o
                0x08001470                HighShelfFilter::Process(float)
 .text._ZN15HighShelfFilterD2Ev
                0x080014c0       0x14 build/HighShelfFilter.o
                0x080014c0                HighShelfFilter::~HighShelfFilter()
                0x080014c0                HighShelfFilter::~HighShelfFilter()
 .text._ZN15HighShelfFilterD0Ev
                0x080014d4       0x1c build/HighShelfFilter.o
                0x080014d4                HighShelfFilter::~HighShelfFilter()
 .text._ZN15HighShelfFilterC2Ev
                0x080014f0       0x14 build/HighShelfFilter.o
                0x080014f0                HighShelfFilter::HighShelfFilter()
                0x080014f0                HighShelfFilter::HighShelfFilter()
 *fill*         0x08001504        0x4 
 .text._ZN15HighShelfFilter13MakeHighShelfEffff
                0x08001508      0x110 build/HighShelfFilter.o
                0x08001508                HighShelfFilter::MakeHighShelf(float, float, float, float)
 .text._ZN14LowShelfFilter4InitEv
                0x08001618       0x18 build/LowShelfFilter.o
                0x08001618                LowShelfFilter::Init()
 .text._ZN14LowShelfFilter7ProcessEf
                0x08001630       0x50 build/LowShelfFilter.o
                0x08001630                LowShelfFilter::Process(float)
 .text._ZN14LowShelfFilterD2Ev
                0x08001680       0x14 build/LowShelfFilter.o
                0x08001680                LowShelfFilter::~LowShelfFilter()
                0x08001680                LowShelfFilter::~LowShelfFilter()
 .text._ZN14LowShelfFilterD0Ev
                0x08001694       0x1c build/LowShelfFilter.o
                0x08001694                LowShelfFilter::~LowShelfFilter()
 .text._ZN14LowShelfFilterC2Ev
                0x080016b0       0x14 build/LowShelfFilter.o
                0x080016b0                LowShelfFilter::LowShelfFilter()
                0x080016b0                LowShelfFilter::LowShelfFilter()
 *fill*         0x080016c4        0x4 
 .text._ZN14LowShelfFilter12MakeLowShelfEffff
                0x080016c8      0x110 build/LowShelfFilter.o
                0x080016c8                LowShelfFilter::MakeLowShelf(float, float, float, float)
 .text._ZN5daisy8DaisyPod10StartAudioEPFvPKPKfPPfjE
                0x080017d8        0x4 ../../libDaisy//build\libdaisy.a(daisy_pod.o)
                0x080017d8                daisy::DaisyPod::StartAudio(void (*)(float const* const*, float**, unsigned int))
 .text._ZN5daisy8DaisyPod17SetAudioBlockSizeEj
                0x080017dc       0x2c ../../libDaisy//build\libdaisy.a(daisy_pod.o)
                0x080017dc                daisy::DaisyPod::SetAudioBlockSize(unsigned int)
 .text._ZN5daisy8DaisyPod18SetAudioSampleRateENS_9SaiHandle6Config10SampleRateE
                0x08001808       0x2c ../../libDaisy//build\libdaisy.a(daisy_pod.o)
                0x08001808                daisy::DaisyPod::SetAudioSampleRate(daisy::SaiHandle::Config::SampleRate)
 .text._ZN5daisy8DaisyPod8StartAdcEv
                0x08001834        0x8 ../../libDaisy//build\libdaisy.a(daisy_pod.o)
                0x08001834                daisy::DaisyPod::StartAdc()
 .text._ZN5daisy8DaisyPod21ProcessAnalogControlsEv
                0x0800183c       0x18 ../../libDaisy//build\libdaisy.a(daisy_pod.o)
                0x0800183c                daisy::DaisyPod::ProcessAnalogControls()
 .text._ZN5daisy8DaisyPod22ProcessDigitalControlsEv
                0x08001854       0x20 ../../libDaisy//build\libdaisy.a(daisy_pod.o)
                0x08001854                daisy::DaisyPod::ProcessDigitalControls()
 .text._ZN5daisy8DaisyPod9ClearLedsEv
                0x08001874       0x3c ../../libDaisy//build\libdaisy.a(daisy_pod.o)
                0x08001874                daisy::DaisyPod::ClearLeds()
 .text._ZN5daisy8DaisyPod10UpdateLedsEv
                0x080018b0       0x18 ../../libDaisy//build\libdaisy.a(daisy_pod.o)
                0x080018b0                daisy::DaisyPod::UpdateLeds()
 .text._ZN5daisy8DaisyPod8InitLedsEv
                0x080018c8       0x98 ../../libDaisy//build\libdaisy.a(daisy_pod.o)
                0x080018c8                daisy::DaisyPod::InitLeds()
 .text._ZN5daisy8DaisyPod9InitKnobsEv
                0x08001960       0x90 ../../libDaisy//build\libdaisy.a(daisy_pod.o)
                0x08001960                daisy::DaisyPod::InitKnobs()
 .text._ZN5daisy8DaisyPod4InitEb
                0x080019f0      0x128 ../../libDaisy//build\libdaisy.a(daisy_pod.o)
                0x080019f0                daisy::DaisyPod::Init(bool)
 .text._ZN5daisy9DaisySeed9ConfigureEv
                0x08001b18        0x4 ../../libDaisy//build\libdaisy.a(daisy_seed.o)
                0x08001b18                daisy::DaisySeed::Configure()
 .text._ZN5daisy9DaisySeed10StartAudioEPFvPKPKfPPfjE
                0x08001b1c        0x8 ../../libDaisy//build\libdaisy.a(daisy_seed.o)
                0x08001b1c                daisy::DaisySeed::StartAudio(void (*)(float const* const*, float**, unsigned int))
 .text._ZN5daisy9DaisySeed18SetAudioSampleRateENS_9SaiHandle6Config10SampleRateE
                0x08001b24       0x38 ../../libDaisy//build\libdaisy.a(daisy_seed.o)
                0x08001b24                daisy::DaisySeed::SetAudioSampleRate(daisy::SaiHandle::Config::SampleRate)
 .text._ZN5daisy9DaisySeed17SetAudioBlockSizeEj
                0x08001b5c       0x38 ../../libDaisy//build\libdaisy.a(daisy_seed.o)
                0x08001b5c                daisy::DaisySeed::SetAudioBlockSize(unsigned int)
 .text._ZNK5daisy9DaisySeed17AudioCallbackRateEv
                0x08001b94        0x8 ../../libDaisy//build\libdaisy.a(daisy_seed.o)
                0x08001b94                daisy::DaisySeed::AudioCallbackRate() const
 .text._ZN5daisy9DaisySeed17CheckBoardVersionEv
                0x08001b9c       0x6c ../../libDaisy//build\libdaisy.a(daisy_seed.o)
                0x08001b9c                daisy::DaisySeed::CheckBoardVersion()
 .text._ZN5daisy9DaisySeed14ConfigureAudioEv
                0x08001c08      0x10c ../../libDaisy//build\libdaisy.a(daisy_seed.o)
                0x08001c08                daisy::DaisySeed::ConfigureAudio()
 .text._ZN5daisy9DaisySeed4InitEb
                0x08001d14      0x108 ../../libDaisy//build\libdaisy.a(daisy_seed.o)
                0x08001d14                daisy::DaisySeed::Init(bool)
 .text._ZN5daisy6Ak45564InitE12dsy_gpio_pin
                0x08001e1c       0x44 ../../libDaisy//build\libdaisy.a(codec_ak4556.o)
                0x08001e1c                daisy::Ak4556::Init(dsy_gpio_pin)
 .text._ZN5daisy6Wm873120WriteControlRegisterEht
                0x08001e60       0x3c ../../libDaisy//build\libdaisy.a(codec_wm8731.o)
                0x08001e60                daisy::Wm8731::WriteControlRegister(unsigned char, unsigned short)
 .text._ZN5daisy6Wm87314InitERKNS0_6ConfigENS_9I2CHandleE
                0x08001e9c      0x1bc ../../libDaisy//build\libdaisy.a(codec_wm8731.o)
                0x08001e9c                daisy::Wm8731::Init(daisy::Wm8731::Config const&, daisy::I2CHandle)
 .text._ZN11SdramHandle10DeviceInitEv
                0x08002058       0x98 ../../libDaisy//build\libdaisy.a(sdram.o)
                0x08002058                SdramHandle::DeviceInit()
 .text._ZN11SdramHandle4InitEv
                0x080020f0       0x7c ../../libDaisy//build\libdaisy.a(sdram.o)
                0x080020f0                SdramHandle::Init()
 .text.HAL_SDRAM_MspInit
                0x0800216c      0x1a8 ../../libDaisy//build\libdaisy.a(sdram.o)
                0x0800216c                HAL_SDRAM_MspInit
 .text._ZN5daisy11AudioHandle4Impl16InternalCallbackEPlS2_j
                0x08002314      0xbbc ../../libDaisy//build\libdaisy.a(audio.o)
                0x08002314                daisy::AudioHandle::Impl::InternalCallback(long*, long*, unsigned int)
 .text._ZN5daisy11AudioHandle4InitERKNS0_6ConfigENS_9SaiHandleE
                0x08002ed0       0x70 ../../libDaisy//build\libdaisy.a(audio.o)
                0x08002ed0                daisy::AudioHandle::Init(daisy::AudioHandle::Config const&, daisy::SaiHandle)
 .text._ZNK5daisy11AudioHandle9GetConfigEv
                0x08002f40        0x8 ../../libDaisy//build\libdaisy.a(audio.o)
                0x08002f40                daisy::AudioHandle::GetConfig() const
 .text._ZN5daisy11AudioHandle12SetBlockSizeEj
                0x08002f48       0x1c ../../libDaisy//build\libdaisy.a(audio.o)
                0x08002f48                daisy::AudioHandle::SetBlockSize(unsigned int)
 .text._ZN5daisy11AudioHandle13GetSampleRateEv
                0x08002f64        0x8 ../../libDaisy//build\libdaisy.a(audio.o)
                0x08002f64                daisy::AudioHandle::GetSampleRate()
 .text._ZN5daisy11AudioHandle13SetSampleRateENS_9SaiHandle6Config10SampleRateE
                0x08002f6c       0x88 ../../libDaisy//build\libdaisy.a(audio.o)
                0x08002f6c                daisy::AudioHandle::SetSampleRate(daisy::SaiHandle::Config::SampleRate)
 .text._ZN5daisy11AudioHandle5StartEPFvPKPKfPPfjE
                0x08002ff4       0x44 ../../libDaisy//build\libdaisy.a(audio.o)
                0x08002ff4                daisy::AudioHandle::Start(void (*)(float const* const*, float**, unsigned int))
 .text.startup._GLOBAL__sub_I__ZN5daisy11AudioHandle4Impl4InitENS0_6ConfigENS_9SaiHandleE
                0x08003038       0x24 ../../libDaisy//build\libdaisy.a(audio.o)
 .text._ZN5daisy13AnalogControl4InitEPtfbbf
                0x0800305c       0x64 ../../libDaisy//build\libdaisy.a(ctrl.o)
                0x0800305c                daisy::AnalogControl::Init(unsigned short*, float, bool, bool, float)
 .text._ZN5daisy13AnalogControl7ProcessEv
                0x080030c0       0x48 ../../libDaisy//build\libdaisy.a(ctrl.o)
                0x080030c0                daisy::AnalogControl::Process()
 .text._ZN5daisy13AnalogControl13SetSampleRateEf
                0x08003108       0x58 ../../libDaisy//build\libdaisy.a(ctrl.o)
                0x08003108                daisy::AnalogControl::SetSampleRate(float)
 .text._ZN5daisy7Encoder4InitE12dsy_gpio_pinS1_S1_f
                0x08003160       0x60 ../../libDaisy//build\libdaisy.a(encoder.o)
                0x08003160                daisy::Encoder::Init(dsy_gpio_pin, dsy_gpio_pin, dsy_gpio_pin, float)
 .text._ZN5daisy7Encoder8DebounceEv
                0x080031c0       0x7c ../../libDaisy//build\libdaisy.a(encoder.o)
                0x080031c0                daisy::Encoder::Debounce()
 .text._ZN5daisy9UsbHandleD2Ev
                0x0800323c        0x4 ../../libDaisy//build\libdaisy.a(logger.o)
                0x0800323c                daisy::UsbHandle::~UsbHandle()
                0x0800323c                daisy::UsbHandle::~UsbHandle()
 .text._ZN5daisy6LoggerILNS_17LoggerDestinationE1EE11TransmitBufEv
                0x08003240       0x60 ../../libDaisy//build\libdaisy.a(logger.o)
                0x08003240                daisy::Logger<(daisy::LoggerDestination)1>::TransmitBuf()
 .text._ZN5daisy6LoggerILNS_17LoggerDestinationE1EE6PrintVEPKcSt9__va_list
                0x080032a0       0x2c ../../libDaisy//build\libdaisy.a(logger.o)
                0x080032a0                daisy::Logger<(daisy::LoggerDestination)1>::PrintV(char const*, std::__va_list)
 .text._ZN5daisy6LoggerILNS_17LoggerDestinationE1EE5PrintEPKcz
                0x080032cc       0x1c ../../libDaisy//build\libdaisy.a(logger.o)
                0x080032cc                daisy::Logger<(daisy::LoggerDestination)1>::Print(char const*, ...)
 .text._ZN5daisy6LoggerILNS_17LoggerDestinationE1EE13AppendNewLineEv
                0x080032e8       0x60 ../../libDaisy//build\libdaisy.a(logger.o)
                0x080032e8                daisy::Logger<(daisy::LoggerDestination)1>::AppendNewLine()
 .text._ZN5daisy6LoggerILNS_17LoggerDestinationE1EE10PrintLineVEPKcSt9__va_list
                0x08003348       0x30 ../../libDaisy//build\libdaisy.a(logger.o)
                0x08003348                daisy::Logger<(daisy::LoggerDestination)1>::PrintLineV(char const*, std::__va_list)
 .text._ZN5daisy6LoggerILNS_17LoggerDestinationE1EE9PrintLineEPKcz
                0x08003378       0x1c ../../libDaisy//build\libdaisy.a(logger.o)
                0x08003378                daisy::Logger<(daisy::LoggerDestination)1>::PrintLine(char const*, ...)
 .text._ZN5daisy6LoggerILNS_17LoggerDestinationE1EE8StartLogEb
                0x08003394       0x40 ../../libDaisy//build\libdaisy.a(logger.o)
                0x08003394                daisy::Logger<(daisy::LoggerDestination)1>::StartLog(bool)
 .text.startup._GLOBAL__sub_I__ZN5daisy10LoggerImplILNS_17LoggerDestinationE1EE11usb_handle_E
                0x080033d4       0x2c ../../libDaisy//build\libdaisy.a(logger.o)
 .text._ZN5daisy17MidiUartTransport6ConfigC2Ev
                0x08003400       0x28 ../../libDaisy//build\libdaisy.a(midi.o)
                0x08003400                daisy::MidiUartTransport::Config::Config()
                0x08003400                daisy::MidiUartTransport::Config::Config()
 .text._ZN5daisy10MidiParser5ResetEv
                0x08003428        0xc ../../libDaisy//build\libdaisy.a(midi_parser.o)
                0x08003428                daisy::MidiParser::Reset()
 .text._ZN5daisy6RgbLed4InitE12dsy_gpio_pinS1_S1_b
                0x08003434       0x50 ../../libDaisy//build\libdaisy.a(rgb_led.o)
                0x08003434                daisy::RgbLed::Init(dsy_gpio_pin, dsy_gpio_pin, dsy_gpio_pin, bool)
 .text._ZN5daisy6RgbLed8SetColorENS_5ColorE
                0x08003484       0x2c ../../libDaisy//build\libdaisy.a(rgb_led.o)
                0x08003484                daisy::RgbLed::SetColor(daisy::Color)
 .text._ZN5daisy6RgbLed6UpdateEv
                0x080034b0       0x1c ../../libDaisy//build\libdaisy.a(rgb_led.o)
                0x080034b0                daisy::RgbLed::Update()
 .text._ZN5daisy6Switch4InitE12dsy_gpio_pinf
                0x080034cc       0x34 ../../libDaisy//build\libdaisy.a(switch.o)
                0x080034cc                daisy::Switch::Init(dsy_gpio_pin, float)
 .text._ZN5daisy6Switch8DebounceEv
                0x08003500       0x5c ../../libDaisy//build\libdaisy.a(switch.o)
                0x08003500                daisy::Switch::Debounce()
 .text.DummyRxCallback
                0x0800355c        0x4 ../../libDaisy//build\libdaisy.a(usb.o)
                0x0800355c                DummyRxCallback
 .text._ZN5daisy9UsbHandle4InitENS0_9UsbPeriphE
                0x08003560      0x10c ../../libDaisy//build\libdaisy.a(usb.o)
                0x08003560                daisy::UsbHandle::Init(daisy::UsbHandle::UsbPeriph)
 .text._ZN5daisy9UsbHandle16TransmitInternalEPhj
                0x0800366c       0x14 ../../libDaisy//build\libdaisy.a(usb.o)
                0x0800366c                daisy::UsbHandle::TransmitInternal(unsigned char*, unsigned int)
 .text.OTG_FS_EP1_OUT_IRQHandler
                0x08003680        0xc ../../libDaisy//build\libdaisy.a(usb.o)
                0x08003680                OTG_FS_EP1_OUT_IRQHandler
 .text.OTG_FS_EP1_IN_IRQHandler
                0x0800368c        0xc ../../libDaisy//build\libdaisy.a(usb.o)
                0x0800368c                OTG_FS_EP1_IN_IRQHandler
 .text.OTG_FS_IRQHandler
                0x08003698        0xc ../../libDaisy//build\libdaisy.a(usb.o)
                0x08003698                OTG_FS_IRQHandler
 .text._ZN5daisy16AdcChannelConfig10InitSingleE12dsy_gpio_pinNS0_15ConversionSpeedE
                0x080036a4       0x28 ../../libDaisy//build\libdaisy.a(adc.o)
                0x080036a4                daisy::AdcChannelConfig::InitSingle(dsy_gpio_pin, daisy::AdcChannelConfig::ConversionSpeed)
 .text._ZN5daisy9AdcHandle4InitEPNS_16AdcChannelConfigEjNS0_12OverSamplingE
                0x080036cc      0x41c ../../libDaisy//build\libdaisy.a(adc.o)
                0x080036cc                daisy::AdcHandle::Init(daisy::AdcChannelConfig*, unsigned int, daisy::AdcHandle::OverSampling)
 .text._ZN5daisy9AdcHandle5StartEv
                0x08003ae8       0x2c ../../libDaisy//build\libdaisy.a(adc.o)
                0x08003ae8                daisy::AdcHandle::Start()
 .text._ZNK5daisy9AdcHandle6GetPtrEh
                0x08003b14       0x14 ../../libDaisy//build\libdaisy.a(adc.o)
                0x08003b14                daisy::AdcHandle::GetPtr(unsigned char) const
 .text.HAL_ADC_MspInit
                0x08003b28       0x98 ../../libDaisy//build\libdaisy.a(adc.o)
                0x08003b28                HAL_ADC_MspInit
 .text.DMA1_Stream2_IRQHandler
                0x08003bc0        0xc ../../libDaisy//build\libdaisy.a(adc.o)
                0x08003bc0                DMA1_Stream2_IRQHandler
 .text.HAL_ADC_ConvCpltCallback
                0x08003bcc      0x148 ../../libDaisy//build\libdaisy.a(adc.o)
                0x08003bcc                HAL_ADC_ConvCpltCallback
 .text.HAL_ADC_ErrorCallback
                0x08003d14        0x4 ../../libDaisy//build\libdaisy.a(adc.o)
                0x08003d14                HAL_ADC_ErrorCallback
 .text._ZN5daisy4GPIO4InitENS_3PinENS0_4ModeENS0_4PullENS0_5SpeedE
                0x08003d18      0x1cc ../../libDaisy//build\libdaisy.a(gpio.o)
                0x08003d18                daisy::GPIO::Init(daisy::Pin, daisy::GPIO::Mode, daisy::GPIO::Pull, daisy::GPIO::Speed)
 .text._ZN5daisy4GPIO4ReadEv
                0x08003ee4       0x18 ../../libDaisy//build\libdaisy.a(gpio.o)
                0x08003ee4                daisy::GPIO::Read()
 .text._ZN5daisy4GPIO5WriteEb
                0x08003efc       0x14 ../../libDaisy//build\libdaisy.a(gpio.o)
                0x08003efc                daisy::GPIO::Write(bool)
 .text.dsy_gpio_init
                0x08003f10      0x1b8 ../../libDaisy//build\libdaisy.a(gpio.o)
                0x08003f10                dsy_gpio_init
 .text.dsy_gpio_read
                0x080040c8       0x1c ../../libDaisy//build\libdaisy.a(gpio.o)
                0x080040c8                dsy_gpio_read
 .text.dsy_gpio_write
                0x080040e4       0x24 ../../libDaisy//build\libdaisy.a(gpio.o)
                0x080040e4                dsy_gpio_write
 .text._ZN5daisy9I2CHandle4Impl8InitPinsEv
                0x08004108       0x58 ../../libDaisy//build\libdaisy.a(i2c.o)
                0x08004108                daisy::I2CHandle::Impl::InitPins()
 .text.HAL_I2C_MspInit
                0x08004160      0x1b4 ../../libDaisy//build\libdaisy.a(i2c.o)
                0x08004160                HAL_I2C_MspInit
 .text.dsy_i2c_global_init
                0x08004314       0x78 ../../libDaisy//build\libdaisy.a(i2c.o)
                0x08004314                dsy_i2c_global_init
 .text.DMA1_Stream6_IRQHandler
                0x0800438c       0x34 ../../libDaisy//build\libdaisy.a(i2c.o)
                0x0800438c                DMA1_Stream6_IRQHandler
 .text.I2C1_EV_IRQHandler
                0x080043c0        0xc ../../libDaisy//build\libdaisy.a(i2c.o)
                0x080043c0                I2C1_EV_IRQHandler
 .text.I2C2_EV_IRQHandler
                0x080043cc        0xc ../../libDaisy//build\libdaisy.a(i2c.o)
                0x080043cc                I2C2_EV_IRQHandler
 .text.I2C3_EV_IRQHandler
                0x080043d8        0xc ../../libDaisy//build\libdaisy.a(i2c.o)
                0x080043d8                I2C3_EV_IRQHandler
 .text._ZN5daisy9I2CHandle4InitERKNS0_6ConfigE
                0x080043e4      0x12c ../../libDaisy//build\libdaisy.a(i2c.o)
                0x080043e4                daisy::I2CHandle::Init(daisy::I2CHandle::Config const&)
 .text._ZN5daisy9I2CHandle16TransmitBlockingEtPhtm
                0x08004510       0x50 ../../libDaisy//build\libdaisy.a(i2c.o)
                0x08004510                daisy::I2CHandle::TransmitBlocking(unsigned short, unsigned char*, unsigned short, unsigned long)
 .text.startup._GLOBAL__sub_I__ZN5daisy9I2CHandle4Impl10GlobalInitEv
                0x08004560       0x18 ../../libDaisy//build\libdaisy.a(i2c.o)
 .text._ZN5daisy10QSPIHandle4Impl11WriteEnableEv
                0x08004578       0x8c ../../libDaisy//build\libdaisy.a(qspi.o)
                0x08004578                daisy::QSPIHandle::Impl::WriteEnable()
 *fill*         0x08004604        0x4 
 .text._ZN5daisy10QSPIHandle4Impl17DummyCyclesConfigENS0_6Config6DeviceE
                0x08004608      0x118 ../../libDaisy//build\libdaisy.a(qspi.o)
                0x08004608                daisy::QSPIHandle::Impl::DummyCyclesConfig(daisy::QSPIHandle::Config::Device)
 .text._ZN5daisy10QSPIHandle4Impl10QuadEnableEv
                0x08004720      0x158 ../../libDaisy//build\libdaisy.a(qspi.o)
                0x08004720                daisy::QSPIHandle::Impl::QuadEnable()
 .text._ZN5daisy10QSPIHandle4InitERKNS0_6ConfigE
                0x08004878      0x198 ../../libDaisy//build\libdaisy.a(qspi.o)
                0x08004878                daisy::QSPIHandle::Init(daisy::QSPIHandle::Config const&)
 .text.HAL_QSPI_MspInit
                0x08004a10      0x11c ../../libDaisy//build\libdaisy.a(qspi.o)
                0x08004a10                HAL_QSPI_MspInit
 .text.HAL_QSPI_MspDeInit
                0x08004b2c       0x54 ../../libDaisy//build\libdaisy.a(qspi.o)
                0x08004b2c                HAL_QSPI_MspDeInit
 .text.QUADSPI_IRQHandler
                0x08004b80        0xc ../../libDaisy//build\libdaisy.a(qspi.o)
                0x08004b80                QUADSPI_IRQHandler
 .text.startup._GLOBAL__sub_I__ZN5daisy10QSPIHandle4Impl4InitERKNS0_6ConfigE
                0x08004b8c       0x28 ../../libDaisy//build\libdaisy.a(qspi.o)
 .text._ZN5daisy9SaiHandle4Impl7InitDmaENS1_15PeripheralBlockE
                0x08004bb4       0xa0 ../../libDaisy//build\libdaisy.a(sai.o)
                0x08004bb4                daisy::SaiHandle::Impl::InitDma(daisy::SaiHandle::Impl::PeripheralBlock)
 .text._ZN5daisy9SaiHandle4Impl8InitPinsEv
                0x08004c54       0xa8 ../../libDaisy//build\libdaisy.a(sai.o)
                0x08004c54                daisy::SaiHandle::Impl::InitPins()
 .text.HAL_SAI_MspInit
                0x08004cfc      0x164 ../../libDaisy//build\libdaisy.a(sai.o)
                0x08004cfc                HAL_SAI_MspInit
 .text.DMA1_Stream0_IRQHandler
                0x08004e60        0xc ../../libDaisy//build\libdaisy.a(sai.o)
                0x08004e60                DMA1_Stream0_IRQHandler
 .text.DMA1_Stream1_IRQHandler
                0x08004e6c        0xc ../../libDaisy//build\libdaisy.a(sai.o)
                0x08004e6c                DMA1_Stream1_IRQHandler
 .text.DMA1_Stream3_IRQHandler
                0x08004e78        0xc ../../libDaisy//build\libdaisy.a(sai.o)
                0x08004e78                DMA1_Stream3_IRQHandler
 .text.DMA1_Stream4_IRQHandler
                0x08004e84        0xc ../../libDaisy//build\libdaisy.a(sai.o)
                0x08004e84                DMA1_Stream4_IRQHandler
 .text.HAL_SAI_RxHalfCpltCallback
                0x08004e90       0x78 ../../libDaisy//build\libdaisy.a(sai.o)
                0x08004e90                HAL_SAI_RxHalfCpltCallback
 .text.HAL_SAI_RxCpltCallback
                0x08004f08       0x70 ../../libDaisy//build\libdaisy.a(sai.o)
                0x08004f08                HAL_SAI_RxCpltCallback
 .text._ZN5daisy9SaiHandle4InitERKNS0_6ConfigE
                0x08004f78      0x1f0 ../../libDaisy//build\libdaisy.a(sai.o)
                0x08004f78                daisy::SaiHandle::Init(daisy::SaiHandle::Config const&)
 .text._ZNK5daisy9SaiHandle9GetConfigEv
                0x08005168        0x4 ../../libDaisy//build\libdaisy.a(sai.o)
                0x08005168                daisy::SaiHandle::GetConfig() const
 .text._ZN5daisy9SaiHandle8StartDmaEPlS1_jPFvS1_S1_jE
                0x0800516c       0xbc ../../libDaisy//build\libdaisy.a(sai.o)
                0x0800516c                daisy::SaiHandle::StartDma(long*, long*, unsigned int, void (*)(long*, long*, unsigned int))
 .text._ZN5daisy9SaiHandle13GetSampleRateEv
                0x08005228       0x24 ../../libDaisy//build\libdaisy.a(sai.o)
                0x08005228                daisy::SaiHandle::GetSampleRate()
 .text._ZNK5daisy9SaiHandle9GetOffsetEv
                0x0800524c        0x8 ../../libDaisy//build\libdaisy.a(sai.o)
                0x0800524c                daisy::SaiHandle::GetOffset() const
 .text._ZL20UART_CheckRxListenerPN5daisy11UartHandler4ImplE
                0x08005254       0x84 ../../libDaisy//build\libdaisy.a(uart.o)
 .text._ZN5daisy11UartHandler4Impl10StartDmaTxEPhjPFvPvEPFvS3_NS0_6ResultEES3_
                0x080052d8      0x184 ../../libDaisy//build\libdaisy.a(uart.o)
                0x080052d8                daisy::UartHandler::Impl::StartDmaTx(unsigned char*, unsigned int, void (*)(void*), void (*)(void*, daisy::UartHandler::Result), void*)
 .text._ZN5daisy11UartHandler4Impl10StartDmaRxEPhjPFvPvEPFvS3_NS0_6ResultEES3_
                0x0800545c      0x184 ../../libDaisy//build\libdaisy.a(uart.o)
                0x0800545c                daisy::UartHandler::Impl::StartDmaRx(unsigned char*, unsigned int, void (*)(void*), void (*)(void*, daisy::UartHandler::Result), void*)
 .text._ZN5daisy11UartHandler4Impl19DmaTransferFinishedEP20__UART_HandleTypeDefNS0_6ResultE
                0x080055e0       0xc0 ../../libDaisy//build\libdaisy.a(uart.o)
                0x080055e0                daisy::UartHandler::Impl::DmaTransferFinished(__UART_HandleTypeDef*, daisy::UartHandler::Result)
 .text._ZN5daisy11UartHandler4Impl8InitPinsEv
                0x080056a0      0x154 ../../libDaisy//build\libdaisy.a(uart.o)
                0x080056a0                daisy::UartHandler::Impl::InitPins()
 .text.HAL_UART_MspInit
                0x080057f4      0x210 ../../libDaisy//build\libdaisy.a(uart.o)
                0x080057f4                HAL_UART_MspInit
 .text.dsy_uart_global_init
                0x08005a04      0x110 ../../libDaisy//build\libdaisy.a(uart.o)
                0x08005a04                dsy_uart_global_init
 .text.USART1_IRQHandler
                0x08005b14       0x2c ../../libDaisy//build\libdaisy.a(uart.o)
                0x08005b14                USART1_IRQHandler
 .text.USART2_IRQHandler
                0x08005b40       0x34 ../../libDaisy//build\libdaisy.a(uart.o)
                0x08005b40                USART2_IRQHandler
 .text.USART3_IRQHandler
                0x08005b74       0x34 ../../libDaisy//build\libdaisy.a(uart.o)
                0x08005b74                USART3_IRQHandler
 .text.UART4_IRQHandler
                0x08005ba8       0x34 ../../libDaisy//build\libdaisy.a(uart.o)
                0x08005ba8                UART4_IRQHandler
 .text.UART5_IRQHandler
                0x08005bdc       0x34 ../../libDaisy//build\libdaisy.a(uart.o)
                0x08005bdc                UART5_IRQHandler
 .text.USART6_IRQHandler
                0x08005c10       0x34 ../../libDaisy//build\libdaisy.a(uart.o)
                0x08005c10                USART6_IRQHandler
 .text.UART7_IRQHandler
                0x08005c44       0x34 ../../libDaisy//build\libdaisy.a(uart.o)
                0x08005c44                UART7_IRQHandler
 .text.UART8_IRQHandler
                0x08005c78       0x34 ../../libDaisy//build\libdaisy.a(uart.o)
                0x08005c78                UART8_IRQHandler
 .text.LPUART1_IRQHandler
                0x08005cac       0x34 ../../libDaisy//build\libdaisy.a(uart.o)
                0x08005cac                LPUART1_IRQHandler
 .text.DMA1_Stream5_IRQHandler
                0x08005ce0       0x34 ../../libDaisy//build\libdaisy.a(uart.o)
                0x08005ce0                DMA1_Stream5_IRQHandler
 .text.DMA2_Stream4_IRQHandler
                0x08005d14       0x38 ../../libDaisy//build\libdaisy.a(uart.o)
                0x08005d14                DMA2_Stream4_IRQHandler
 .text.HAL_UART_TxCpltCallback
                0x08005d4c        0x8 ../../libDaisy//build\libdaisy.a(uart.o)
                0x08005d4c                HAL_UART_TxCpltCallback
 .text.HAL_UART_RxCpltCallback
                0x08005d54       0x94 ../../libDaisy//build\libdaisy.a(uart.o)
                0x08005d54                HAL_UART_RxCpltCallback
 .text.HAL_UART_RxHalfCpltCallback
                0x08005de8       0x90 ../../libDaisy//build\libdaisy.a(uart.o)
                0x08005de8                HAL_UART_RxHalfCpltCallback
 .text.HAL_UART_ErrorCallback
                0x08005e78        0x8 ../../libDaisy//build\libdaisy.a(uart.o)
                0x08005e78                HAL_UART_ErrorCallback
 .text._ZN5daisy11UartHandler4InitERKNS0_6ConfigE
                0x08005e80       0xd4 ../../libDaisy//build\libdaisy.a(uart.o)
                0x08005e80                daisy::UartHandler::Init(daisy::UartHandler::Config const&)
 .text.startup._GLOBAL__sub_I__Z19MapInstanceToHandleP13USART_TypeDef
                0x08005f54      0x194 ../../libDaisy//build\libdaisy.a(uart.o)
 .text.dsy_dma_init
                0x080060e8      0x100 ../../libDaisy//build\libdaisy.a(dma.o)
                0x080060e8                dsy_dma_init
 .text.dsy_dma_invalidate_cache_for_buffer
                0x080061e8       0x2c ../../libDaisy//build\libdaisy.a(dma.o)
                0x080061e8                dsy_dma_invalidate_cache_for_buffer
 .text._ZN5daisy11TimerHandleD2Ev
                0x08006214        0x4 ../../libDaisy//build\libdaisy.a(system.o)
                0x08006214                daisy::TimerHandle::~TimerHandle()
                0x08006214                daisy::TimerHandle::~TimerHandle()
 .text.SysTick_Handler
                0x08006218       0x10 ../../libDaisy//build\libdaisy.a(system.o)
                0x08006218                SysTick_Handler
 .text.OTG_HS_EP1_OUT_IRQHandler
                0x08006228       0x24 ../../libDaisy//build\libdaisy.a(system.o)
                0x08006228                OTG_HS_EP1_OUT_IRQHandler
 .text.OTG_HS_EP1_IN_IRQHandler
                0x0800624c       0x24 ../../libDaisy//build\libdaisy.a(system.o)
                0x0800624c                OTG_HS_EP1_IN_IRQHandler
 .text.OTG_HS_IRQHandler
                0x08006270       0x24 ../../libDaisy//build\libdaisy.a(system.o)
                0x08006270                OTG_HS_IRQHandler
 .text.HardFault_Handler
                0x08006294       0xe0 ../../libDaisy//build\libdaisy.a(system.o)
                0x08006294                HardFault_Handler
 .text._ZN5daisy6System6GetNowEv
                0x08006374        0x4 ../../libDaisy//build\libdaisy.a(system.o)
                0x08006374                daisy::System::GetNow()
 .text._ZN5daisy6System7GetTickEv
                0x08006378        0xc ../../libDaisy//build\libdaisy.a(system.o)
                0x08006378                daisy::System::GetTick()
 .text._ZN5daisy6System5DelayEm
                0x08006384        0x4 ../../libDaisy//build\libdaisy.a(system.o)
                0x08006384                daisy::System::Delay(unsigned long)
 .text._ZN5daisy6System20GetBootloaderVersionEv
                0x08006388       0x34 ../../libDaisy//build\libdaisy.a(system.o)
                0x08006388                daisy::System::GetBootloaderVersion()
 .text._ZN5daisy6System15ConfigureClocksEv
                0x080063bc      0x194 ../../libDaisy//build\libdaisy.a(system.o)
                0x080063bc                daisy::System::ConfigureClocks()
 .text._ZN5daisy6System12ConfigureMpuEv
                0x08006550       0x7c ../../libDaisy//build\libdaisy.a(system.o)
                0x08006550                daisy::System::ConfigureMpu()
 .text._ZN5daisy6System4InitERKNS0_6ConfigE
                0x080065cc       0xec ../../libDaisy//build\libdaisy.a(system.o)
                0x080065cc                daisy::System::Init(daisy::System::Config const&)
 .text._ZN5daisy6System12GetPClk1FreqEv
                0x080066b8        0x4 ../../libDaisy//build\libdaisy.a(system.o)
                0x080066b8                daisy::System::GetPClk1Freq()
 .text._ZN5daisy6System22GetProgramMemoryRegionEv
                0x080066bc       0x78 ../../libDaisy//build\libdaisy.a(system.o)
                0x080066bc                daisy::System::GetProgramMemoryRegion()
 .text.startup._GLOBAL__sub_I__ZN5daisy9boot_infoE
                0x08006734       0x1c ../../libDaisy//build\libdaisy.a(system.o)
 .text.SystemInit
                0x08006750       0x9c ../../libDaisy//build\libdaisy.a(system_stm32h7xx.o)
                0x08006750                SystemInit
 .text.dummy_rx_callback
                0x080067ec        0x4 ../../libDaisy//build\libdaisy.a(usbd_cdc_if.o)
                0x080067ec                dummy_rx_callback
 .text.CDC_DeInit_FS
                0x080067f0        0x4 ../../libDaisy//build\libdaisy.a(usbd_cdc_if.o)
 .text.CDC_Receive_FS
                0x080067f4       0x2c ../../libDaisy//build\libdaisy.a(usbd_cdc_if.o)
 .text.CDC_Receive_HS
                0x08006820       0x2c ../../libDaisy//build\libdaisy.a(usbd_cdc_if.o)
 .text.CDC_Init_FS
                0x0800684c       0x3c ../../libDaisy//build\libdaisy.a(usbd_cdc_if.o)
 .text.CDC_Init_HS
                0x08006888       0x3c ../../libDaisy//build\libdaisy.a(usbd_cdc_if.o)
 .text.CDC_Control_FS
                0x080068c4       0x34 ../../libDaisy//build\libdaisy.a(usbd_cdc_if.o)
 .text.CDC_Control_HS
                0x080068f8       0x34 ../../libDaisy//build\libdaisy.a(usbd_cdc_if.o)
 .text.CDC_DeInit_HS
                0x0800692c        0x4 ../../libDaisy//build\libdaisy.a(usbd_cdc_if.o)
 .text.CDC_Transmit_FS
                0x08006930       0x2c ../../libDaisy//build\libdaisy.a(usbd_cdc_if.o)
                0x08006930                CDC_Transmit_FS
 .text.HAL_PCD_MspInit
                0x0800695c      0x144 ../../libDaisy//build\libdaisy.a(usbd_conf.o)
                0x0800695c                HAL_PCD_MspInit
 .text.HAL_PCD_SetupStageCallback
                0x08006aa0        0xc ../../libDaisy//build\libdaisy.a(usbd_conf.o)
                0x08006aa0                HAL_PCD_SetupStageCallback
 .text.HAL_PCD_DataOutStageCallback
                0x08006aac       0x14 ../../libDaisy//build\libdaisy.a(usbd_conf.o)
                0x08006aac                HAL_PCD_DataOutStageCallback
 .text.HAL_PCD_DataInStageCallback
                0x08006ac0       0x14 ../../libDaisy//build\libdaisy.a(usbd_conf.o)
                0x08006ac0                HAL_PCD_DataInStageCallback
 .text.HAL_PCD_SOFCallback
                0x08006ad4        0x8 ../../libDaisy//build\libdaisy.a(usbd_conf.o)
                0x08006ad4                HAL_PCD_SOFCallback
 .text.HAL_PCD_ResetCallback
                0x08006adc       0x24 ../../libDaisy//build\libdaisy.a(usbd_conf.o)
                0x08006adc                HAL_PCD_ResetCallback
 .text.HAL_PCD_SuspendCallback
                0x08006b00       0x30 ../../libDaisy//build\libdaisy.a(usbd_conf.o)
                0x08006b00                HAL_PCD_SuspendCallback
 .text.HAL_PCD_ResumeCallback
                0x08006b30        0x8 ../../libDaisy//build\libdaisy.a(usbd_conf.o)
                0x08006b30                HAL_PCD_ResumeCallback
 .text.HAL_PCD_ISOOUTIncompleteCallback
                0x08006b38        0x8 ../../libDaisy//build\libdaisy.a(usbd_conf.o)
                0x08006b38                HAL_PCD_ISOOUTIncompleteCallback
 .text.HAL_PCD_ISOINIncompleteCallback
                0x08006b40        0x8 ../../libDaisy//build\libdaisy.a(usbd_conf.o)
                0x08006b40                HAL_PCD_ISOINIncompleteCallback
 .text.HAL_PCD_ConnectCallback
                0x08006b48        0x8 ../../libDaisy//build\libdaisy.a(usbd_conf.o)
                0x08006b48                HAL_PCD_ConnectCallback
 .text.HAL_PCD_DisconnectCallback
                0x08006b50        0x8 ../../libDaisy//build\libdaisy.a(usbd_conf.o)
                0x08006b50                HAL_PCD_DisconnectCallback
 .text.USBD_LL_Init
                0x08006b58       0xe4 ../../libDaisy//build\libdaisy.a(usbd_conf.o)
                0x08006b58                USBD_LL_Init
 .text.USBD_LL_Start
                0x08006c3c       0x1c ../../libDaisy//build\libdaisy.a(usbd_conf.o)
                0x08006c3c                USBD_LL_Start
 .text.USBD_LL_OpenEP
                0x08006c58       0x24 ../../libDaisy//build\libdaisy.a(usbd_conf.o)
                0x08006c58                USBD_LL_OpenEP
 .text.USBD_LL_CloseEP
                0x08006c7c       0x1c ../../libDaisy//build\libdaisy.a(usbd_conf.o)
                0x08006c7c                USBD_LL_CloseEP
 .text.USBD_LL_StallEP
                0x08006c98       0x1c ../../libDaisy//build\libdaisy.a(usbd_conf.o)
                0x08006c98                USBD_LL_StallEP
 .text.USBD_LL_ClearStallEP
                0x08006cb4       0x1c ../../libDaisy//build\libdaisy.a(usbd_conf.o)
                0x08006cb4                USBD_LL_ClearStallEP
 .text.USBD_LL_IsStallEP
                0x08006cd0       0x28 ../../libDaisy//build\libdaisy.a(usbd_conf.o)
                0x08006cd0                USBD_LL_IsStallEP
 .text.USBD_LL_SetUSBAddress
                0x08006cf8       0x1c ../../libDaisy//build\libdaisy.a(usbd_conf.o)
                0x08006cf8                USBD_LL_SetUSBAddress
 .text.USBD_LL_Transmit
                0x08006d14       0x1c ../../libDaisy//build\libdaisy.a(usbd_conf.o)
                0x08006d14                USBD_LL_Transmit
 .text.USBD_LL_PrepareReceive
                0x08006d30       0x1c ../../libDaisy//build\libdaisy.a(usbd_conf.o)
                0x08006d30                USBD_LL_PrepareReceive
 .text.USBD_LL_GetRxDataSize
                0x08006d4c        0x8 ../../libDaisy//build\libdaisy.a(usbd_conf.o)
                0x08006d4c                USBD_LL_GetRxDataSize
 .text.USBD_HS_DeviceDescriptor
                0x08006d54        0xc ../../libDaisy//build\libdaisy.a(usbd_desc.o)
                0x08006d54                USBD_HS_DeviceDescriptor
 .text.USBD_FS_DeviceDescriptor
                0x08006d60        0xc ../../libDaisy//build\libdaisy.a(usbd_desc.o)
                0x08006d60                USBD_FS_DeviceDescriptor
 .text.USBD_FS_LangIDStrDescriptor
                0x08006d6c        0xc ../../libDaisy//build\libdaisy.a(usbd_desc.o)
                0x08006d6c                USBD_FS_LangIDStrDescriptor
 .text.USBD_FS_ManufacturerStrDescriptor
                0x08006d78       0x1c ../../libDaisy//build\libdaisy.a(usbd_desc.o)
                0x08006d78                USBD_FS_ManufacturerStrDescriptor
 .text.USBD_HS_ProductStrDescriptor
                0x08006d94       0x1c ../../libDaisy//build\libdaisy.a(usbd_desc.o)
                0x08006d94                USBD_HS_ProductStrDescriptor
 .text.USBD_FS_ConfigStrDescriptor
                0x08006db0       0x1c ../../libDaisy//build\libdaisy.a(usbd_desc.o)
                0x08006db0                USBD_FS_ConfigStrDescriptor
 .text.USBD_FS_InterfaceStrDescriptor
                0x08006dcc       0x1c ../../libDaisy//build\libdaisy.a(usbd_desc.o)
                0x08006dcc                USBD_FS_InterfaceStrDescriptor
 .text.USBD_FS_ProductStrDescriptor
                0x08006de8       0x1c ../../libDaisy//build\libdaisy.a(usbd_desc.o)
                0x08006de8                USBD_FS_ProductStrDescriptor
 .text.USBD_HS_LangIDStrDescriptor
                0x08006e04        0xc ../../libDaisy//build\libdaisy.a(usbd_desc.o)
                0x08006e04                USBD_HS_LangIDStrDescriptor
 .text.USBD_HS_ManufacturerStrDescriptor
                0x08006e10       0x1c ../../libDaisy//build\libdaisy.a(usbd_desc.o)
                0x08006e10                USBD_HS_ManufacturerStrDescriptor
 .text.USBD_FS_SerialStrDescriptor
                0x08006e2c      0x124 ../../libDaisy//build\libdaisy.a(usbd_desc.o)
                0x08006e2c                USBD_FS_SerialStrDescriptor
 .text.USBD_HS_SerialStrDescriptor
                0x08006f50      0x124 ../../libDaisy//build\libdaisy.a(usbd_desc.o)
                0x08006f50                USBD_HS_SerialStrDescriptor
 .text.USBD_HS_InterfaceStrDescriptor
                0x08007074       0x1c ../../libDaisy//build\libdaisy.a(usbd_desc.o)
                0x08007074                USBD_HS_InterfaceStrDescriptor
 .text.USBD_HS_ConfigStrDescriptor
                0x08007090       0x1c ../../libDaisy//build\libdaisy.a(usbd_desc.o)
                0x08007090                USBD_HS_ConfigStrDescriptor
 .text.HAL_HCD_SOF_Callback
                0x080070ac        0x8 ../../libDaisy//build\libdaisy.a(usbh_conf.o)
                0x080070ac                HAL_HCD_SOF_Callback
 .text.HAL_HCD_Connect_Callback
                0x080070b4        0x8 ../../libDaisy//build\libdaisy.a(usbh_conf.o)
                0x080070b4                HAL_HCD_Connect_Callback
 .text.HAL_HCD_Disconnect_Callback
                0x080070bc        0x8 ../../libDaisy//build\libdaisy.a(usbh_conf.o)
                0x080070bc                HAL_HCD_Disconnect_Callback
 .text.HAL_HCD_HC_NotifyURBChange_Callback
                0x080070c4        0x4 ../../libDaisy//build\libdaisy.a(usbh_conf.o)
                0x080070c4                HAL_HCD_HC_NotifyURBChange_Callback
 .text.HAL_HCD_PortEnabled_Callback
                0x080070c8        0x8 ../../libDaisy//build\libdaisy.a(usbh_conf.o)
                0x080070c8                HAL_HCD_PortEnabled_Callback
 .text.HAL_HCD_PortDisabled_Callback
                0x080070d0        0x8 ../../libDaisy//build\libdaisy.a(usbh_conf.o)
                0x080070d0                HAL_HCD_PortDisabled_Callback
 .text.USBH_LL_Stop
                0x080070d8       0x1c ../../libDaisy//build\libdaisy.a(usbh_conf.o)
                0x080070d8                USBH_LL_Stop
 .text._ZN5daisy5Color4InitENS0_11PresetColorE
                0x080070f4       0x20 ../../libDaisy//build\libdaisy.a(color.o)
                0x080070f4                daisy::Color::Init(daisy::Color::PresetColor)
 .text.dsy_hal_map_get_port
                0x08007114       0x10 ../../libDaisy//build\libdaisy.a(hal_map.o)
                0x08007114                dsy_hal_map_get_port
 .text.dsy_hal_map_get_pin
                0x08007124       0x10 ../../libDaisy//build\libdaisy.a(hal_map.o)
                0x08007124                dsy_hal_map_get_pin
 .text.dsy_hal_map_gpio_clk_enable
                0x08007134      0x150 ../../libDaisy//build\libdaisy.a(hal_map.o)
                0x08007134                dsy_hal_map_gpio_clk_enable
 .text.HAL_MspInit
                0x08007284        0x4 ../../libDaisy//build\libdaisy.a(stm32h7xx_hal.o)
                0x08007284                HAL_MspInit
 .text.HAL_InitTick
                0x08007288       0x4c ../../libDaisy//build\libdaisy.a(stm32h7xx_hal.o)
                0x08007288                HAL_InitTick
 .text.HAL_Init
                0x080072d4       0x60 ../../libDaisy//build\libdaisy.a(stm32h7xx_hal.o)
                0x080072d4                HAL_Init
 .text.HAL_IncTick
                0x08007334       0x18 ../../libDaisy//build\libdaisy.a(stm32h7xx_hal.o)
                0x08007334                HAL_IncTick
 .text.HAL_GetTick
                0x0800734c        0xc ../../libDaisy//build\libdaisy.a(stm32h7xx_hal.o)
                0x0800734c                HAL_GetTick
 .text.HAL_Delay
                0x08007358       0x24 ../../libDaisy//build\libdaisy.a(stm32h7xx_hal.o)
                0x08007358                HAL_Delay
 .text.HAL_GetREVID
                0x0800737c        0xc ../../libDaisy//build\libdaisy.a(stm32h7xx_hal.o)
                0x0800737c                HAL_GetREVID
 .text.HAL_ADC_ConvHalfCpltCallback
                0x08007388        0x4 ../../libDaisy//build\libdaisy.a(stm32h7xx_hal_adc.o)
                0x08007388                HAL_ADC_ConvHalfCpltCallback
 .text.ADC_DMAHalfConvCplt
                0x0800738c        0xc ../../libDaisy//build\libdaisy.a(stm32h7xx_hal_adc.o)
                0x0800738c                ADC_DMAHalfConvCplt
 .text.ADC_DMAConvCplt
                0x08007398       0x6c ../../libDaisy//build\libdaisy.a(stm32h7xx_hal_adc.o)
                0x08007398                ADC_DMAConvCplt
 .text.ADC_DMAError
                0x08007404       0x1c ../../libDaisy//build\libdaisy.a(stm32h7xx_hal_adc.o)
                0x08007404                ADC_DMAError
 .text.HAL_ADC_ConfigChannel
                0x08007420      0x3fc ../../libDaisy//build\libdaisy.a(stm32h7xx_hal_adc.o)
                0x08007420                HAL_ADC_ConfigChannel
 .text.ADC_Enable
                0x0800781c       0xac ../../libDaisy//build\libdaisy.a(stm32h7xx_hal_adc.o)
                0x0800781c                ADC_Enable
 .text.HAL_ADC_Start_DMA
                0x080078c8      0x114 ../../libDaisy//build\libdaisy.a(stm32h7xx_hal_adc.o)
                0x080078c8                HAL_ADC_Start_DMA
 .text.ADC_Disable
                0x080079dc       0x68 ../../libDaisy//build\libdaisy.a(stm32h7xx_hal_adc.o)
                0x080079dc                ADC_Disable
 .text.ADC_ConfigureBoostMode
                0x08007a44      0x184 ../../libDaisy//build\libdaisy.a(stm32h7xx_hal_adc.o)
                0x08007a44                ADC_ConfigureBoostMode
 .text.HAL_ADC_Init
                0x08007bc8      0x218 ../../libDaisy//build\libdaisy.a(stm32h7xx_hal_adc.o)
                0x08007bc8                HAL_ADC_Init
 .text.HAL_ADCEx_Calibration_Start
                0x08007de0       0xa4 ../../libDaisy//build\libdaisy.a(stm32h7xx_hal_adc_ex.o)
                0x08007de0                HAL_ADCEx_Calibration_Start
 .text.HAL_ADCEx_MultiModeConfigChannel
                0x08007e84       0xc4 ../../libDaisy//build\libdaisy.a(stm32h7xx_hal_adc_ex.o)
                0x08007e84                HAL_ADCEx_MultiModeConfigChannel
 .text.HAL_NVIC_SetPriorityGrouping
                0x08007f48       0x24 ../../libDaisy//build\libdaisy.a(stm32h7xx_hal_cortex.o)
                0x08007f48                HAL_NVIC_SetPriorityGrouping
 .text.HAL_NVIC_SetPriority
                0x08007f6c       0x7c ../../libDaisy//build\libdaisy.a(stm32h7xx_hal_cortex.o)
                0x08007f6c                HAL_NVIC_SetPriority
 .text.HAL_NVIC_EnableIRQ
                0x08007fe8       0x1c ../../libDaisy//build\libdaisy.a(stm32h7xx_hal_cortex.o)
                0x08007fe8                HAL_NVIC_EnableIRQ
 .text.HAL_NVIC_DisableIRQ
                0x08008004       0x28 ../../libDaisy//build\libdaisy.a(stm32h7xx_hal_cortex.o)
                0x08008004                HAL_NVIC_DisableIRQ
 .text.HAL_SYSTICK_Config
                0x0800802c       0x2c ../../libDaisy//build\libdaisy.a(stm32h7xx_hal_cortex.o)
                0x0800802c                HAL_SYSTICK_Config
 .text.HAL_MPU_Disable
                0x08008058       0x1c ../../libDaisy//build\libdaisy.a(stm32h7xx_hal_cortex.o)
                0x08008058                HAL_MPU_Disable
 .text.HAL_MPU_Enable
                0x08008074       0x20 ../../libDaisy//build\libdaisy.a(stm32h7xx_hal_cortex.o)
                0x08008074                HAL_MPU_Enable
 .text.HAL_MPU_ConfigRegion
                0x08008094       0x64 ../../libDaisy//build\libdaisy.a(stm32h7xx_hal_cortex.o)
                0x08008094                HAL_MPU_ConfigRegion
 .text.HAL_SYSTICK_Callback
                0x080080f8        0x4 ../../libDaisy//build\libdaisy.a(stm32h7xx_hal_cortex.o)
                0x080080f8                HAL_SYSTICK_Callback
 .text.HAL_SYSTICK_IRQHandler
                0x080080fc        0x8 ../../libDaisy//build\libdaisy.a(stm32h7xx_hal_cortex.o)
                0x080080fc                HAL_SYSTICK_IRQHandler
 .text.DMA_CalcBaseAndBitshift
                0x08008104       0xf4 ../../libDaisy//build\libdaisy.a(stm32h7xx_hal_dma.o)
 .text.DMA_CalcDMAMUXChannelBaseAndMask
                0x080081f8       0xd8 ../../libDaisy//build\libdaisy.a(stm32h7xx_hal_dma.o)
 .text.HAL_DMA_Init
                0x080082d0      0x37c ../../libDaisy//build\libdaisy.a(stm32h7xx_hal_dma.o)
                0x080082d0                HAL_DMA_Init
 .text.HAL_DMA_Start_IT
                0x0800864c      0x240 ../../libDaisy//build\libdaisy.a(stm32h7xx_hal_dma.o)
                0x0800864c                HAL_DMA_Start_IT
 .text.HAL_DMA_Abort_IT
                0x0800888c      0x134 ../../libDaisy//build\libdaisy.a(stm32h7xx_hal_dma.o)
                0x0800888c                HAL_DMA_Abort_IT
 .text.HAL_DMA_IRQHandler
                0x080089c0      0x6a0 ../../libDaisy//build\libdaisy.a(stm32h7xx_hal_dma.o)
                0x080089c0                HAL_DMA_IRQHandler
 .text.HAL_DMA_GetError
                0x08009060        0x4 ../../libDaisy//build\libdaisy.a(stm32h7xx_hal_dma.o)
                0x08009060                HAL_DMA_GetError
 .text.HAL_GPIO_Init
                0x08009064      0x280 ../../libDaisy//build\libdaisy.a(stm32h7xx_hal_gpio.o)
                0x08009064                HAL_GPIO_Init
 .text.HAL_GPIO_DeInit
                0x080092e4      0x190 ../../libDaisy//build\libdaisy.a(stm32h7xx_hal_gpio.o)
                0x080092e4                HAL_GPIO_DeInit
 .text.HAL_GPIO_ReadPin
                0x08009474        0xc ../../libDaisy//build\libdaisy.a(stm32h7xx_hal_gpio.o)
                0x08009474                HAL_GPIO_ReadPin
 .text.HAL_GPIO_WritePin
                0x08009480        0x8 ../../libDaisy//build\libdaisy.a(stm32h7xx_hal_gpio.o)
                0x08009480                HAL_GPIO_WritePin
 .text.HAL_HCD_IRQHandler
                0x08009488      0x780 ../../libDaisy//build\libdaisy.a(stm32h7xx_hal_hcd.o)
                0x08009488                HAL_HCD_IRQHandler
 .text.HAL_HCD_Stop
                0x08009c08       0x28 ../../libDaisy//build\libdaisy.a(stm32h7xx_hal_hcd.o)
                0x08009c08                HAL_HCD_Stop
 .text.I2C_WaitOnTXISFlagUntilTimeout
                0x08009c30       0xb8 ../../libDaisy//build\libdaisy.a(stm32h7xx_hal_i2c.o)
 .text.I2C_WaitOnSTOPFlagUntilTimeout
                0x08009ce8       0xac ../../libDaisy//build\libdaisy.a(stm32h7xx_hal_i2c.o)
 .text.HAL_I2C_Init
                0x08009d94       0xac ../../libDaisy//build\libdaisy.a(stm32h7xx_hal_i2c.o)
                0x08009d94                HAL_I2C_Init
 .text.HAL_I2C_Master_Transmit
                0x08009e40      0x1a8 ../../libDaisy//build\libdaisy.a(stm32h7xx_hal_i2c.o)
                0x08009e40                HAL_I2C_Master_Transmit
 .text.HAL_I2C_Slave_Transmit
                0x08009fe8      0x1c8 ../../libDaisy//build\libdaisy.a(stm32h7xx_hal_i2c.o)
                0x08009fe8                HAL_I2C_Slave_Transmit
 .text.HAL_I2C_EV_IRQHandler
                0x0800a1b0       0x10 ../../libDaisy//build\libdaisy.a(stm32h7xx_hal_i2c.o)
                0x0800a1b0                HAL_I2C_EV_IRQHandler
 .text.HAL_I2C_GetState
                0x0800a1c0        0x8 ../../libDaisy//build\libdaisy.a(stm32h7xx_hal_i2c.o)
                0x0800a1c0                HAL_I2C_GetState
 .text.HAL_I2CEx_ConfigAnalogFilter
                0x0800a1c8       0x54 ../../libDaisy//build\libdaisy.a(stm32h7xx_hal_i2c_ex.o)
                0x0800a1c8                HAL_I2CEx_ConfigAnalogFilter
 .text.HAL_I2CEx_ConfigDigitalFilter
                0x0800a21c       0x58 ../../libDaisy//build\libdaisy.a(stm32h7xx_hal_i2c_ex.o)
                0x0800a21c                HAL_I2CEx_ConfigDigitalFilter
 .text.HAL_PCD_Init
                0x0800a274      0x12c ../../libDaisy//build\libdaisy.a(stm32h7xx_hal_pcd.o)
                0x0800a274                HAL_PCD_Init
 .text.HAL_PCD_Start
                0x0800a3a0       0x44 ../../libDaisy//build\libdaisy.a(stm32h7xx_hal_pcd.o)
                0x0800a3a0                HAL_PCD_Start
 .text.HAL_PCD_IRQHandler
                0x0800a3e4      0x69c ../../libDaisy//build\libdaisy.a(stm32h7xx_hal_pcd.o)
                0x0800a3e4                HAL_PCD_IRQHandler
 .text.HAL_PCD_SetAddress
                0x0800aa80       0x2c ../../libDaisy//build\libdaisy.a(stm32h7xx_hal_pcd.o)
                0x0800aa80                HAL_PCD_SetAddress
 .text.HAL_PCD_EP_Open
                0x0800aaac       0x7c ../../libDaisy//build\libdaisy.a(stm32h7xx_hal_pcd.o)
                0x0800aaac                HAL_PCD_EP_Open
 .text.HAL_PCD_EP_Close
                0x0800ab28       0x6c ../../libDaisy//build\libdaisy.a(stm32h7xx_hal_pcd.o)
                0x0800ab28                HAL_PCD_EP_Close
 .text.HAL_PCD_EP_Receive
                0x0800ab94       0x50 ../../libDaisy//build\libdaisy.a(stm32h7xx_hal_pcd.o)
                0x0800ab94                HAL_PCD_EP_Receive
 .text.HAL_PCD_EP_GetRxCount
                0x0800abe4       0x14 ../../libDaisy//build\libdaisy.a(stm32h7xx_hal_pcd.o)
                0x0800abe4                HAL_PCD_EP_GetRxCount
 .text.HAL_PCD_EP_Transmit
                0x0800abf8       0x50 ../../libDaisy//build\libdaisy.a(stm32h7xx_hal_pcd.o)
                0x0800abf8                HAL_PCD_EP_Transmit
 .text.HAL_PCD_EP_SetStall
                0x0800ac48       0x88 ../../libDaisy//build\libdaisy.a(stm32h7xx_hal_pcd.o)
                0x0800ac48                HAL_PCD_EP_SetStall
 .text.HAL_PCD_EP_ClrStall
                0x0800acd0       0x78 ../../libDaisy//build\libdaisy.a(stm32h7xx_hal_pcd.o)
                0x0800acd0                HAL_PCD_EP_ClrStall
 .text.HAL_PCDEx_SetTxFiFo
                0x0800ad48       0x54 ../../libDaisy//build\libdaisy.a(stm32h7xx_hal_pcd_ex.o)
                0x0800ad48                HAL_PCDEx_SetTxFiFo
 .text.HAL_PCDEx_SetRxFiFo
                0x0800ad9c        0xc ../../libDaisy//build\libdaisy.a(stm32h7xx_hal_pcd_ex.o)
                0x0800ad9c                HAL_PCDEx_SetRxFiFo
 .text.HAL_PCDEx_ActivateLPM
                0x0800ada8       0x30 ../../libDaisy//build\libdaisy.a(stm32h7xx_hal_pcd_ex.o)
                0x0800ada8                HAL_PCDEx_ActivateLPM
 .text.HAL_PCDEx_LPM_Callback
                0x0800add8        0x4 ../../libDaisy//build\libdaisy.a(stm32h7xx_hal_pcd_ex.o)
                0x0800add8                HAL_PCDEx_LPM_Callback
 .text.HAL_PWREx_ConfigSupply
                0x0800addc       0x4c ../../libDaisy//build\libdaisy.a(stm32h7xx_hal_pwr_ex.o)
                0x0800addc                HAL_PWREx_ConfigSupply
 .text.HAL_PWREx_EnableUSBVoltageDetector
                0x0800ae28       0x10 ../../libDaisy//build\libdaisy.a(stm32h7xx_hal_pwr_ex.o)
                0x0800ae28                HAL_PWREx_EnableUSBVoltageDetector
 .text.QSPI_Config
                0x0800ae38      0x174 ../../libDaisy//build\libdaisy.a(stm32h7xx_hal_qspi.o)
 .text.HAL_QSPI_Init
                0x0800afac       0xd8 ../../libDaisy//build\libdaisy.a(stm32h7xx_hal_qspi.o)
                0x0800afac                HAL_QSPI_Init
 .text.HAL_QSPI_DeInit
                0x0800b084       0x3c ../../libDaisy//build\libdaisy.a(stm32h7xx_hal_qspi.o)
                0x0800b084                HAL_QSPI_DeInit
 .text.HAL_QSPI_Command
                0x0800b0c0       0xd4 ../../libDaisy//build\libdaisy.a(stm32h7xx_hal_qspi.o)
                0x0800b0c0                HAL_QSPI_Command
 .text.HAL_QSPI_Transmit
                0x0800b194       0xfc ../../libDaisy//build\libdaisy.a(stm32h7xx_hal_qspi.o)
                0x0800b194                HAL_QSPI_Transmit
 .text.HAL_QSPI_Receive
                0x0800b290      0x108 ../../libDaisy//build\libdaisy.a(stm32h7xx_hal_qspi.o)
                0x0800b290                HAL_QSPI_Receive
 .text.HAL_QSPI_AutoPolling
                0x0800b398       0xf0 ../../libDaisy//build\libdaisy.a(stm32h7xx_hal_qspi.o)
                0x0800b398                HAL_QSPI_AutoPolling
 .text.HAL_QSPI_MemoryMapped
                0x0800b488       0xc0 ../../libDaisy//build\libdaisy.a(stm32h7xx_hal_qspi.o)
                0x0800b488                HAL_QSPI_MemoryMapped
 .text.HAL_QSPI_ErrorCallback
                0x0800b548        0x4 ../../libDaisy//build\libdaisy.a(stm32h7xx_hal_qspi.o)
                0x0800b548                HAL_QSPI_ErrorCallback
 .text.QSPI_DMAAbortCplt
                0x0800b54c       0x38 ../../libDaisy//build\libdaisy.a(stm32h7xx_hal_qspi.o)
 .text.HAL_QSPI_AbortCpltCallback
                0x0800b584        0x4 ../../libDaisy//build\libdaisy.a(stm32h7xx_hal_qspi.o)
                0x0800b584                HAL_QSPI_AbortCpltCallback
 .text.HAL_QSPI_CmdCpltCallback
                0x0800b588        0x4 ../../libDaisy//build\libdaisy.a(stm32h7xx_hal_qspi.o)
                0x0800b588                HAL_QSPI_CmdCpltCallback
 .text.HAL_QSPI_RxCpltCallback
                0x0800b58c        0x4 ../../libDaisy//build\libdaisy.a(stm32h7xx_hal_qspi.o)
                0x0800b58c                HAL_QSPI_RxCpltCallback
 .text.HAL_QSPI_TxCpltCallback
                0x0800b590        0x4 ../../libDaisy//build\libdaisy.a(stm32h7xx_hal_qspi.o)
                0x0800b590                HAL_QSPI_TxCpltCallback
 .text.HAL_QSPI_FifoThresholdCallback
                0x0800b594        0x4 ../../libDaisy//build\libdaisy.a(stm32h7xx_hal_qspi.o)
                0x0800b594                HAL_QSPI_FifoThresholdCallback
 .text.HAL_QSPI_StatusMatchCallback
                0x0800b598        0x4 ../../libDaisy//build\libdaisy.a(stm32h7xx_hal_qspi.o)
                0x0800b598                HAL_QSPI_StatusMatchCallback
 .text.HAL_QSPI_TimeOutCallback
                0x0800b59c        0x4 ../../libDaisy//build\libdaisy.a(stm32h7xx_hal_qspi.o)
                0x0800b59c                HAL_QSPI_TimeOutCallback
 .text.HAL_QSPI_IRQHandler
                0x0800b5a0      0x210 ../../libDaisy//build\libdaisy.a(stm32h7xx_hal_qspi.o)
                0x0800b5a0                HAL_QSPI_IRQHandler
 .text.HAL_RCC_OscConfig
                0x0800b7b0      0x51c ../../libDaisy//build\libdaisy.a(stm32h7xx_hal_rcc.o)
                0x0800b7b0                HAL_RCC_OscConfig
 .text.HAL_RCC_GetSysClockFreq
                0x0800bccc      0x140 ../../libDaisy//build\libdaisy.a(stm32h7xx_hal_rcc.o)
                0x0800bccc                HAL_RCC_GetSysClockFreq
 .text.HAL_RCC_ClockConfig
                0x0800be0c      0x234 ../../libDaisy//build\libdaisy.a(stm32h7xx_hal_rcc.o)
                0x0800be0c                HAL_RCC_ClockConfig
 .text.HAL_RCC_GetHCLKFreq
                0x0800c040       0x2c ../../libDaisy//build\libdaisy.a(stm32h7xx_hal_rcc.o)
                0x0800c040                HAL_RCC_GetHCLKFreq
 .text.HAL_RCC_GetPCLK1Freq
                0x0800c06c       0x38 ../../libDaisy//build\libdaisy.a(stm32h7xx_hal_rcc.o)
                0x0800c06c                HAL_RCC_GetPCLK1Freq
 .text.HAL_RCC_GetPCLK2Freq
                0x0800c0a4       0x38 ../../libDaisy//build\libdaisy.a(stm32h7xx_hal_rcc.o)
                0x0800c0a4                HAL_RCC_GetPCLK2Freq
 .text.RCCEx_PLL2_Config
                0x0800c0dc       0xf4 ../../libDaisy//build\libdaisy.a(stm32h7xx_hal_rcc_ex.o)
 .text.RCCEx_PLL3_Config
                0x0800c1d0       0xf4 ../../libDaisy//build\libdaisy.a(stm32h7xx_hal_rcc_ex.o)
 .text.HAL_RCCEx_PeriphCLKConfig
                0x0800c2c4      0xa7c ../../libDaisy//build\libdaisy.a(stm32h7xx_hal_rcc_ex.o)
                0x0800c2c4                HAL_RCCEx_PeriphCLKConfig
 .text.HAL_RCCEx_GetD3PCLK1Freq
                0x0800cd40       0x24 ../../libDaisy//build\libdaisy.a(stm32h7xx_hal_rcc_ex.o)
                0x0800cd40                HAL_RCCEx_GetD3PCLK1Freq
 .text.HAL_RCCEx_GetPLL2ClockFreq
                0x0800cd64      0x17c ../../libDaisy//build\libdaisy.a(stm32h7xx_hal_rcc_ex.o)
                0x0800cd64                HAL_RCCEx_GetPLL2ClockFreq
 .text.HAL_RCCEx_GetPLL3ClockFreq
                0x0800cee0      0x17c ../../libDaisy//build\libdaisy.a(stm32h7xx_hal_rcc_ex.o)
                0x0800cee0                HAL_RCCEx_GetPLL3ClockFreq
 .text.HAL_RCCEx_GetPLL1ClockFreq
                0x0800d05c      0x17c ../../libDaisy//build\libdaisy.a(stm32h7xx_hal_rcc_ex.o)
                0x0800d05c                HAL_RCCEx_GetPLL1ClockFreq
 .text.HAL_RCCEx_GetPeriphCLKFreq
                0x0800d1d8      0x198 ../../libDaisy//build\libdaisy.a(stm32h7xx_hal_rcc_ex.o)
                0x0800d1d8                HAL_RCCEx_GetPeriphCLKFreq
 .text.HAL_RCCEx_GetD1SysClockFreq
                0x0800d370       0x2c ../../libDaisy//build\libdaisy.a(stm32h7xx_hal_rcc_ex.o)
                0x0800d370                HAL_RCCEx_GetD1SysClockFreq
 .text.HAL_SAI_Init.part.0
                0x0800d39c      0x348 ../../libDaisy//build\libdaisy.a(stm32h7xx_hal_sai.o)
 .text.HAL_SAI_InitProtocol
                0x0800d6e4      0x178 ../../libDaisy//build\libdaisy.a(stm32h7xx_hal_sai.o)
                0x0800d6e4                HAL_SAI_InitProtocol
 .text.HAL_SAI_Transmit_DMA
                0x0800d85c      0x124 ../../libDaisy//build\libdaisy.a(stm32h7xx_hal_sai.o)
                0x0800d85c                HAL_SAI_Transmit_DMA
 .text.HAL_SAI_Receive_DMA
                0x0800d980       0xd0 ../../libDaisy//build\libdaisy.a(stm32h7xx_hal_sai.o)
                0x0800d980                HAL_SAI_Receive_DMA
 .text.HAL_SAI_TxCpltCallback
                0x0800da50        0x4 ../../libDaisy//build\libdaisy.a(stm32h7xx_hal_sai.o)
                0x0800da50                HAL_SAI_TxCpltCallback
 .text.SAI_DMATxCplt
                0x0800da54       0x64 ../../libDaisy//build\libdaisy.a(stm32h7xx_hal_sai.o)
 .text.HAL_SAI_TxHalfCpltCallback
                0x0800dab8        0x4 ../../libDaisy//build\libdaisy.a(stm32h7xx_hal_sai.o)
                0x0800dab8                HAL_SAI_TxHalfCpltCallback
 .text.SAI_DMATxHalfCplt
                0x0800dabc        0xc ../../libDaisy//build\libdaisy.a(stm32h7xx_hal_sai.o)
 .text.SAI_DMARxCplt
                0x0800dac8       0x64 ../../libDaisy//build\libdaisy.a(stm32h7xx_hal_sai.o)
 .text.SAI_DMARxHalfCplt
                0x0800db2c        0xc ../../libDaisy//build\libdaisy.a(stm32h7xx_hal_sai.o)
 .text.HAL_SAI_ErrorCallback
                0x0800db38        0x4 ../../libDaisy//build\libdaisy.a(stm32h7xx_hal_sai.o)
                0x0800db38                HAL_SAI_ErrorCallback
 .text.SAI_DMAError
                0x0800db3c       0x6c ../../libDaisy//build\libdaisy.a(stm32h7xx_hal_sai.o)
 .text.HAL_SDRAM_Init
                0x0800dba8       0x54 ../../libDaisy//build\libdaisy.a(stm32h7xx_hal_sdram.o)
                0x0800dba8                HAL_SDRAM_Init
 .text.HAL_SDRAM_SendCommand
                0x0800dbfc       0x40 ../../libDaisy//build\libdaisy.a(stm32h7xx_hal_sdram.o)
                0x0800dbfc                HAL_SDRAM_SendCommand
 .text.HAL_SDRAM_ProgramRefreshRate
                0x0800dc3c       0x30 ../../libDaisy//build\libdaisy.a(stm32h7xx_hal_sdram.o)
                0x0800dc3c                HAL_SDRAM_ProgramRefreshRate
 .text.HAL_UART_Transmit_DMA
                0x0800dc6c       0xa4 ../../libDaisy//build\libdaisy.a(stm32h7xx_hal_uart.o)
                0x0800dc6c                HAL_UART_Transmit_DMA
 .text.HAL_UART_Receive_DMA
                0x0800dd10       0xac ../../libDaisy//build\libdaisy.a(stm32h7xx_hal_uart.o)
                0x0800dd10                HAL_UART_Receive_DMA
 .text.UART_DMATransmitCplt
                0x0800ddbc       0x2c ../../libDaisy//build\libdaisy.a(stm32h7xx_hal_uart.o)
 .text.HAL_UART_TxHalfCpltCallback
                0x0800dde8        0x4 ../../libDaisy//build\libdaisy.a(stm32h7xx_hal_uart.o)
                0x0800dde8                HAL_UART_TxHalfCpltCallback
 .text.UART_DMATxHalfCplt
                0x0800ddec        0xc ../../libDaisy//build\libdaisy.a(stm32h7xx_hal_uart.o)
 .text.UART_DMAReceiveCplt
                0x0800ddf8       0x38 ../../libDaisy//build\libdaisy.a(stm32h7xx_hal_uart.o)
 .text.UART_DMARxHalfCplt
                0x0800de30        0xc ../../libDaisy//build\libdaisy.a(stm32h7xx_hal_uart.o)
 .text.UART_DMAError
                0x0800de3c       0x78 ../../libDaisy//build\libdaisy.a(stm32h7xx_hal_uart.o)
 .text.HAL_UART_IRQHandler
                0x0800deb4      0x1d0 ../../libDaisy//build\libdaisy.a(stm32h7xx_hal_uart.o)
                0x0800deb4                HAL_UART_IRQHandler
 .text.UART_DMAAbortOnError
                0x0800e084       0x14 ../../libDaisy//build\libdaisy.a(stm32h7xx_hal_uart.o)
 .text.HAL_UART_GetState
                0x0800e098        0xc ../../libDaisy//build\libdaisy.a(stm32h7xx_hal_uart.o)
                0x0800e098                HAL_UART_GetState
 .text.UART_SetConfig
                0x0800e0a4     0x14b8 ../../libDaisy//build\libdaisy.a(stm32h7xx_hal_uart.o)
                0x0800e0a4                UART_SetConfig
 .text.UART_AdvFeatureConfig
                0x0800f55c       0xb0 ../../libDaisy//build\libdaisy.a(stm32h7xx_hal_uart.o)
                0x0800f55c                UART_AdvFeatureConfig
 .text.UART_CheckIdleState
                0x0800f60c       0x84 ../../libDaisy//build\libdaisy.a(stm32h7xx_hal_uart.o)
                0x0800f60c                UART_CheckIdleState
 .text.HAL_UART_Init
                0x0800f690       0x68 ../../libDaisy//build\libdaisy.a(stm32h7xx_hal_uart.o)
                0x0800f690                HAL_UART_Init
 .text.HAL_UARTEx_WakeupCallback
                0x0800f6f8        0x4 ../../libDaisy//build\libdaisy.a(stm32h7xx_hal_uart_ex.o)
                0x0800f6f8                HAL_UARTEx_WakeupCallback
 .text.HAL_UARTEx_RxFifoFullCallback
                0x0800f6fc        0x4 ../../libDaisy//build\libdaisy.a(stm32h7xx_hal_uart_ex.o)
                0x0800f6fc                HAL_UARTEx_RxFifoFullCallback
 .text.HAL_UARTEx_TxFifoEmptyCallback
                0x0800f700        0x4 ../../libDaisy//build\libdaisy.a(stm32h7xx_hal_uart_ex.o)
                0x0800f700                HAL_UARTEx_TxFifoEmptyCallback
 .text.HAL_UARTEx_DisableFifoMode
                0x0800f704       0x3c ../../libDaisy//build\libdaisy.a(stm32h7xx_hal_uart_ex.o)
                0x0800f704                HAL_UARTEx_DisableFifoMode
 .text.HAL_UARTEx_SetTxFifoThreshold
                0x0800f740       0x9c ../../libDaisy//build\libdaisy.a(stm32h7xx_hal_uart_ex.o)
                0x0800f740                HAL_UARTEx_SetTxFifoThreshold
 .text.HAL_UARTEx_SetRxFifoThreshold
                0x0800f7dc       0x9c ../../libDaisy//build\libdaisy.a(stm32h7xx_hal_uart_ex.o)
                0x0800f7dc                HAL_UARTEx_SetRxFifoThreshold
 .text.FMC_SDRAM_Init
                0x0800f878       0x7c ../../libDaisy//build\libdaisy.a(stm32h7xx_ll_fmc.o)
                0x0800f878                FMC_SDRAM_Init
 .text.FMC_SDRAM_Timing_Init
                0x0800f8f4       0x98 ../../libDaisy//build\libdaisy.a(stm32h7xx_ll_fmc.o)
                0x0800f8f4                FMC_SDRAM_Timing_Init
 .text.FMC_SDRAM_SendCommand
                0x0800f98c       0x28 ../../libDaisy//build\libdaisy.a(stm32h7xx_ll_fmc.o)
                0x0800f98c                FMC_SDRAM_SendCommand
 .text.FMC_SDRAM_ProgramRefreshRate
                0x0800f9b4       0x1c ../../libDaisy//build\libdaisy.a(stm32h7xx_ll_fmc.o)
                0x0800f9b4                FMC_SDRAM_ProgramRefreshRate
 .text.USB_CoreInit
                0x0800f9d0      0x124 ../../libDaisy//build\libdaisy.a(stm32h7xx_ll_usb.o)
                0x0800f9d0                USB_CoreInit
 .text.USB_SetTurnaroundTime
                0x0800faf4      0x104 ../../libDaisy//build\libdaisy.a(stm32h7xx_ll_usb.o)
                0x0800faf4                USB_SetTurnaroundTime
 .text.USB_EnableGlobalInt
                0x0800fbf8       0x10 ../../libDaisy//build\libdaisy.a(stm32h7xx_ll_usb.o)
                0x0800fbf8                USB_EnableGlobalInt
 .text.USB_DisableGlobalInt
                0x0800fc08       0x10 ../../libDaisy//build\libdaisy.a(stm32h7xx_ll_usb.o)
                0x0800fc08                USB_DisableGlobalInt
 .text.USB_SetCurrentMode
                0x0800fc18       0x30 ../../libDaisy//build\libdaisy.a(stm32h7xx_ll_usb.o)
                0x0800fc18                USB_SetCurrentMode
 .text.USB_DevInit
                0x0800fc48      0x20c ../../libDaisy//build\libdaisy.a(stm32h7xx_ll_usb.o)
                0x0800fc48                USB_DevInit
 .text.USB_FlushTxFifo
                0x0800fe54       0x34 ../../libDaisy//build\libdaisy.a(stm32h7xx_ll_usb.o)
                0x0800fe54                USB_FlushTxFifo
 .text.USB_GetDevSpeed
                0x0800fe88       0x24 ../../libDaisy//build\libdaisy.a(stm32h7xx_ll_usb.o)
                0x0800fe88                USB_GetDevSpeed
 .text.USB_ActivateEndpoint
                0x0800feac       0x90 ../../libDaisy//build\libdaisy.a(stm32h7xx_ll_usb.o)
                0x0800feac                USB_ActivateEndpoint
 .text.USB_DeactivateEndpoint
                0x0800ff3c       0x84 ../../libDaisy//build\libdaisy.a(stm32h7xx_ll_usb.o)
                0x0800ff3c                USB_DeactivateEndpoint
 .text.USB_EPStartXfer
                0x0800ffc0      0x230 ../../libDaisy//build\libdaisy.a(stm32h7xx_ll_usb.o)
                0x0800ffc0                USB_EPStartXfer
 .text.USB_EP0StartXfer
                0x080101f0      0x174 ../../libDaisy//build\libdaisy.a(stm32h7xx_ll_usb.o)
                0x080101f0                USB_EP0StartXfer
 .text.USB_WritePacket
                0x08010364       0x2c ../../libDaisy//build\libdaisy.a(stm32h7xx_ll_usb.o)
                0x08010364                USB_WritePacket
 .text.USB_ReadPacket
                0x08010390       0x20 ../../libDaisy//build\libdaisy.a(stm32h7xx_ll_usb.o)
                0x08010390                USB_ReadPacket
 .text.USB_EPSetStall
                0x080103b0       0x68 ../../libDaisy//build\libdaisy.a(stm32h7xx_ll_usb.o)
                0x080103b0                USB_EPSetStall
 .text.USB_EPClearStall
                0x08010418       0x58 ../../libDaisy//build\libdaisy.a(stm32h7xx_ll_usb.o)
                0x08010418                USB_EPClearStall
 .text.USB_SetDevAddress
                0x08010470       0x24 ../../libDaisy//build\libdaisy.a(stm32h7xx_ll_usb.o)
                0x08010470                USB_SetDevAddress
 .text.USB_DevConnect
                0x08010494       0x1c ../../libDaisy//build\libdaisy.a(stm32h7xx_ll_usb.o)
                0x08010494                USB_DevConnect
 .text.USB_DevDisconnect
                0x080104b0       0x1c ../../libDaisy//build\libdaisy.a(stm32h7xx_ll_usb.o)
                0x080104b0                USB_DevDisconnect
 .text.USB_ReadInterrupts
                0x080104cc       0x14 ../../libDaisy//build\libdaisy.a(stm32h7xx_ll_usb.o)
                0x080104cc                USB_ReadInterrupts
 .text.USB_ReadDevAllOutEpInterrupt
                0x080104e0       0x1c ../../libDaisy//build\libdaisy.a(stm32h7xx_ll_usb.o)
                0x080104e0                USB_ReadDevAllOutEpInterrupt
 .text.USB_ReadDevAllInEpInterrupt
                0x080104fc       0x1c ../../libDaisy//build\libdaisy.a(stm32h7xx_ll_usb.o)
                0x080104fc                USB_ReadDevAllInEpInterrupt
 .text.USB_ReadDevOutEPInterrupt
                0x08010518       0x1c ../../libDaisy//build\libdaisy.a(stm32h7xx_ll_usb.o)
                0x08010518                USB_ReadDevOutEPInterrupt
 .text.USB_ReadDevInEPInterrupt
                0x08010534       0x38 ../../libDaisy//build\libdaisy.a(stm32h7xx_ll_usb.o)
                0x08010534                USB_ReadDevInEPInterrupt
 .text.USB_GetMode
                0x0801056c        0x8 ../../libDaisy//build\libdaisy.a(stm32h7xx_ll_usb.o)
                0x0801056c                USB_GetMode
 .text.USB_ActivateSetup
                0x08010574       0x38 ../../libDaisy//build\libdaisy.a(stm32h7xx_ll_usb.o)
                0x08010574                USB_ActivateSetup
 .text.USB_EP0_OutStart
                0x080105ac       0x58 ../../libDaisy//build\libdaisy.a(stm32h7xx_ll_usb.o)
                0x080105ac                USB_EP0_OutStart
 .text.USB_InitFSLSPClkSel
                0x08010604       0x44 ../../libDaisy//build\libdaisy.a(stm32h7xx_ll_usb.o)
                0x08010604                USB_InitFSLSPClkSel
 .text.USB_HC_ReadInterrupt
                0x08010648        0x8 ../../libDaisy//build\libdaisy.a(stm32h7xx_ll_usb.o)
                0x08010648                USB_HC_ReadInterrupt
 .text.USB_HC_Halt
                0x08010650       0xc0 ../../libDaisy//build\libdaisy.a(stm32h7xx_ll_usb.o)
                0x08010650                USB_HC_Halt
 .text.USB_StopHost
                0x08010710      0x2ec ../../libDaisy//build\libdaisy.a(stm32h7xx_ll_usb.o)
                0x08010710                USB_StopHost
 .text.USBD_CDC_EP0_RxReady
                0x080109fc       0x2c ../../libDaisy//build\libdaisy.a(usbd_cdc.o)
 .text.USBD_CDC_GetFSCfgDesc
                0x08010a28       0x24 ../../libDaisy//build\libdaisy.a(usbd_cdc.o)
 .text.USBD_CDC_GetHSCfgDesc
                0x08010a4c       0x24 ../../libDaisy//build\libdaisy.a(usbd_cdc.o)
 .text.USBD_CDC_GetOtherSpeedCfgDesc
                0x08010a70       0x24 ../../libDaisy//build\libdaisy.a(usbd_cdc.o)
 .text.USBD_CDC_GetDeviceQualifierDescriptor
                0x08010a94       0x10 ../../libDaisy//build\libdaisy.a(usbd_cdc.o)
                0x08010a94                USBD_CDC_GetDeviceQualifierDescriptor
 .text.USBD_CDC_DataOut
                0x08010aa4       0x30 ../../libDaisy//build\libdaisy.a(usbd_cdc.o)
 .text.USBD_CDC_DataIn
                0x08010ad4       0x50 ../../libDaisy//build\libdaisy.a(usbd_cdc.o)
 .text.USBD_CDC_Setup
                0x08010b24       0xcc ../../libDaisy//build\libdaisy.a(usbd_cdc.o)
 .text.USBD_CDC_DeInit
                0x08010bf0       0x44 ../../libDaisy//build\libdaisy.a(usbd_cdc.o)
 .text.USBD_CDC_Init
                0x08010c34       0x94 ../../libDaisy//build\libdaisy.a(usbd_cdc.o)
 .text.USBD_CDC_RegisterInterface
                0x08010cc8       0x10 ../../libDaisy//build\libdaisy.a(usbd_cdc.o)
                0x08010cc8                USBD_CDC_RegisterInterface
 .text.USBD_CDC_SetTxBuffer
                0x08010cd8       0x14 ../../libDaisy//build\libdaisy.a(usbd_cdc.o)
                0x08010cd8                USBD_CDC_SetTxBuffer
 .text.USBD_CDC_SetRxBuffer
                0x08010cec       0x10 ../../libDaisy//build\libdaisy.a(usbd_cdc.o)
                0x08010cec                USBD_CDC_SetRxBuffer
 .text.USBD_CDC_TransmitPacket
                0x08010cfc       0x34 ../../libDaisy//build\libdaisy.a(usbd_cdc.o)
                0x08010cfc                USBD_CDC_TransmitPacket
 .text.USBD_CDC_ReceivePacket
                0x08010d30       0x38 ../../libDaisy//build\libdaisy.a(usbd_cdc.o)
                0x08010d30                USBD_CDC_ReceivePacket
 .text.USBD_Init
                0x08010d68       0x44 ../../libDaisy//build\libdaisy.a(usbd_core.o)
                0x08010d68                USBD_Init
 .text.USBD_RegisterClass
                0x08010dac       0x2c ../../libDaisy//build\libdaisy.a(usbd_core.o)
                0x08010dac                USBD_RegisterClass
 .text.USBD_Start
                0x08010dd8        0xc ../../libDaisy//build\libdaisy.a(usbd_core.o)
                0x08010dd8                USBD_Start
 .text.USBD_SetClassConfig
                0x08010de4       0x14 ../../libDaisy//build\libdaisy.a(usbd_core.o)
                0x08010de4                USBD_SetClassConfig
 .text.USBD_ClrClassConfig
                0x08010df8       0x10 ../../libDaisy//build\libdaisy.a(usbd_core.o)
                0x08010df8                USBD_ClrClassConfig
 .text.USBD_LL_SetupStage
                0x08010e08       0x5c ../../libDaisy//build\libdaisy.a(usbd_core.o)
                0x08010e08                USBD_LL_SetupStage
 .text.USBD_LL_DataOutStage
                0x08010e64       0x7c ../../libDaisy//build\libdaisy.a(usbd_core.o)
                0x08010e64                USBD_LL_DataOutStage
 .text.USBD_LL_DataInStage
                0x08010ee0       0xcc ../../libDaisy//build\libdaisy.a(usbd_core.o)
                0x08010ee0                USBD_LL_DataInStage
 .text.USBD_LL_Reset
                0x08010fac       0x50 ../../libDaisy//build\libdaisy.a(usbd_core.o)
                0x08010fac                USBD_LL_Reset
 .text.USBD_LL_SetSpeed
                0x08010ffc        0x8 ../../libDaisy//build\libdaisy.a(usbd_core.o)
                0x08010ffc                USBD_LL_SetSpeed
 .text.USBD_LL_Suspend
                0x08011004       0x14 ../../libDaisy//build\libdaisy.a(usbd_core.o)
                0x08011004                USBD_LL_Suspend
 .text.USBD_LL_Resume
                0x08011018       0x10 ../../libDaisy//build\libdaisy.a(usbd_core.o)
                0x08011018                USBD_LL_Resume
 .text.USBD_LL_SOF